(* fingerprints file ".tlacache/TLAPS.tlaps/fingerprints" removed *)
(* created new ".tlacache/TLAPS.tlaps/TLAPS.thy" *)
(* fingerprints written in ".tlacache/TLAPS.tlaps/fingerprints" *)
File "/home/morpheus/tlaps/lib/tlaps/TLAPS.tla", line 1, character 1 to line 362, character 77:
[INFO]: All 0 obligation proved.
(* fingerprints file ".tlacache/Notarization.tlaps/fingerprints" removed *)
(* created new ".tlacache/Notarization.tlaps/Notarization.thy" *)
(* fingerprints written in ".tlacache/Notarization.tlaps/fingerprints" *)
File "./Notarization.tla", line 1, character 1 to line 197, character 74:
[INFO]: All 0 obligation proved.
(* fingerprints file ".tlacache/Antagonism.tlaps/fingerprints" removed *)
(* created new ".tlacache/Antagonism.tlaps/Antagonism.thy" *)
(* fingerprints written in ".tlacache/Antagonism.tlaps/fingerprints" *)
File "./Antagonism.tla", line 1, character 1 to line 177, character 76:
[INFO]: All 0 obligation proved.
(* fingerprints file ".tlacache/Synthesis.tlaps/fingerprints" removed *)
(* created new ".tlacache/Synthesis.tlaps/Synthesis.thy" *)
(* fingerprints written in ".tlacache/Synthesis.tlaps/fingerprints" *)
File "./Synthesis.tla", line 1, character 1 to line 504, character 76:
[INFO]: All 0 obligation proved.
** Unexpanded symbols: ---

** Unexpanded symbols: ---

** Unexpanded symbols: ---

** Unexpanded symbols: CONSTANT_AnonSurfaces_

** Unexpanded symbols: CONSTANT_AnonRel_, CONSTANT_AnonMem_, CONSTANT_A!Labelings_

** Unexpanded symbols: CONSTANT_AnonRel_, CONSTANT_AnonMem_, CONSTANT_A!Labelings_, CONSTANT_AnonSurfaces_

!! Constraint generation. Expression not supported: 
CASE CONSTANT_S_ = "Graph" ->
       {CONSTANT_p_ \in CONSTANT_Txs_ \X CONSTANT_Txs_ :
          CONSTANT_p_[1] \in CONSTANT_inputs_[CONSTANT_p_[2]]}
  [] CONSTANT_S_ = "Pseud" ->
       {CONSTANT_p_ \in CONSTANT_Txs_ \X CONSTANT_Txs_ :
          CONSTANT_l_[CONSTANT_p_[1]] = CONSTANT_l_[CONSTANT_p_[2]]
          /\ CONSTANT_l_[CONSTANT_p_[1]] # CONSTANT_NoId_}
** Unexpanded symbols: CONSTANT_A!Labelings_, CONSTANT_AnonSurfaces_

!! Constraint generation. Expression not supported: 
CASE CONSTANT_S_ = "Graph" ->
       {CONSTANT_p_ \in CONSTANT_Txs_ \X CONSTANT_Txs_ :
          CONSTANT_p_[1] \in CONSTANT_inputs_[CONSTANT_p_[2]]}
  [] CONSTANT_S_ = "Pseud" ->
       {CONSTANT_p_ \in CONSTANT_Txs_ \X CONSTANT_Txs_ :
          CONSTANT_l_[CONSTANT_p_[1]] = CONSTANT_l_[CONSTANT_p_[2]]
          /\ CONSTANT_l_[CONSTANT_p_[1]] # CONSTANT_NoId_}
** Unexpanded symbols: CONSTANT_A!Labelings_, CONSTANT_AnonSurfaces_

!! Constraint generation. Expression not supported: 
CASE "Graph" = "Graph" ->
       {CONSTANT_p_ \in
          CONSTANT_AnonMem_("Graph") \X CONSTANT_AnonMem_("Graph") :
          CONSTANT_p_[1] \in CONSTANT_inputs_[CONSTANT_p_[2]]}
  [] "Graph" = "Pseud" ->
       {CONSTANT_p_ \in
          CONSTANT_AnonMem_("Pseud") \X CONSTANT_AnonMem_("Pseud") :
          CONSTANT_l1_[CONSTANT_p_[1]] = CONSTANT_l1_[CONSTANT_p_[2]]
          /\ CONSTANT_l1_[CONSTANT_p_[1]] # CONSTANT_NoId_}
** Unexpanded symbols: CONSTANT_AnonMem_, CONSTANT_A!Labelings_

** Unexpanded symbols: CONSTANT_AnonRel_, CONSTANT_A!Labelings_

** Unexpanded symbols: ---

** Unexpanded symbols: ---

** Unexpanded symbols: ---

** Unexpanded symbols: ---

!! Constraint generation. Expression not supported: 
CASE "Pseud" = "Graph" ->
       {CONSTANT_p_ \in CONSTANT_Txs_ \X CONSTANT_Txs_ :
          CONSTANT_p_[1] \in CONSTANT_inputs_[CONSTANT_p_[2]]}
  [] "Pseud" = "Pseud" ->
       {CONSTANT_p_ \in CONSTANT_Txs_ \X CONSTANT_Txs_ :
          [CONSTANT_t_ \in CONSTANT_Txs_ |-> CONSTANT_i0_][CONSTANT_p_[1]]
          = [CONSTANT_t_ \in CONSTANT_Txs_ |-> CONSTANT_i0_][CONSTANT_p_[2]]
          /\ [CONSTANT_t_ \in CONSTANT_Txs_ |-> CONSTANT_i0_][CONSTANT_p_[1]]
             # CONSTANT_NoId_}
** Unexpanded symbols: ---

!! Constraint generation. Expression not supported: 
CASE "Pseud" = "Graph" ->
       {CONSTANT_p_ \in CONSTANT_Txs_ \X CONSTANT_Txs_ :
          CONSTANT_p_[1] \in CONSTANT_inputs_[CONSTANT_p_[2]]}
  [] "Pseud" = "Pseud" ->
       {CONSTANT_p_ \in CONSTANT_Txs_ \X CONSTANT_Txs_ :
          [CONSTANT_t_ \in CONSTANT_Txs_ |-> CONSTANT_NoId_][CONSTANT_p_[1]]
          = [CONSTANT_t_ \in CONSTANT_Txs_ |-> CONSTANT_NoId_][CONSTANT_p_[2]]
          /\ [CONSTANT_t_ \in CONSTANT_Txs_ |-> CONSTANT_NoId_][CONSTANT_p_[1]]
             # CONSTANT_NoId_}
** Unexpanded symbols: ---

** Unexpanded symbols: CONSTANT_AnonRel_

** Unexpanded symbols: CONSTANT_AnonRel_, CONSTANT_AnonMem_, CONSTANT_A!Labelings_, CONSTANT_A!Sep_, CONSTANT_AnonSurfaces_

** Unexpanded symbols: ---

!! Constraint generation. Expression not supported: 
CASE "Graph" = "Graph" ->
       {CONSTANT_p_ \in CONSTANT_Txs_ \X CONSTANT_Txs_ :
          CONSTANT_p_[1] \in CONSTANT_inputs_[CONSTANT_p_[2]]}
  [] "Graph" = "Pseud" ->
       {CONSTANT_p_ \in CONSTANT_Txs_ \X CONSTANT_Txs_ :
          CONSTANT_ident_[CONSTANT_p_[1]] = CONSTANT_ident_[CONSTANT_p_[2]]
          /\ CONSTANT_ident_[CONSTANT_p_[1]] # CONSTANT_NoId_}
** Unexpanded symbols: ---

** Unexpanded symbols: ---

** Unexpanded symbols: CONSTANT_AnonRel_, CONSTANT_A!Strip_

** Unexpanded symbols: ---

!! Constraint generation. Expression not supported: 
CASE "Graph" = "Graph" ->
       {CONSTANT_p_ \in CONSTANT_Txs_ \X CONSTANT_Txs_ :
          CONSTANT_p_[1] \in CONSTANT_inputs_[CONSTANT_p_[2]]}
  [] "Graph" = "Pseud" ->
       {CONSTANT_p_ \in CONSTANT_Txs_ \X CONSTANT_Txs_ :
          CONSTANT_ident_[CONSTANT_p_[1]] = CONSTANT_ident_[CONSTANT_p_[2]]
          /\ CONSTANT_ident_[CONSTANT_p_[1]] # CONSTANT_NoId_}
** Unexpanded symbols: ---

!! Constraint generation. Expression not supported: 
CASE "Graph" = "Graph" ->
       {CONSTANT_p_ \in
          CONSTANT_AnonMem_("Graph") \X CONSTANT_AnonMem_("Graph") :
          CONSTANT_p_[1] \in CONSTANT_inputs_[CONSTANT_p_[2]]}
  [] "Graph" = "Pseud" ->
       {CONSTANT_p_ \in
          CONSTANT_AnonMem_("Pseud") \X CONSTANT_AnonMem_("Pseud") :
          CONSTANT_l1_[CONSTANT_p_[1]] = CONSTANT_l1_[CONSTANT_p_[2]]
          /\ CONSTANT_l1_[CONSTANT_p_[1]] # CONSTANT_NoId_}
** Unexpanded symbols: CONSTANT_AnonMem_, CONSTANT_A!Labelings_

** Unexpanded symbols: ---

** Unexpanded symbols: CONSTANT_AnonRel_, CONSTANT_AnonMem_, CONSTANT_A!Strip_, CONSTANT_A!LabelIndep_, CONSTANT_A!Labelings_, CONSTANT_AnonSurfaces_

** Unexpanded symbols: ---

** Unexpanded symbols: CONSTANT_AnonRel_, CONSTANT_A!AllBot_, CONSTANT_A!LabelIndep_

** Unexpanded symbols: CONSTANT_AnonRel_, CONSTANT_A!AllBot_, CONSTANT_A!LabelIndep_, CONSTANT_AnonSurfaces_

** Unexpanded symbols: CONSTANT_AnonRel_, CONSTANT_A!AllBot_, CONSTANT_A!LabelIndep_, CONSTANT_AnonSurfaces_

!! Constraint generation. Expression not supported: 
CASE "Graph" = "Graph" ->
       {CONSTANT_p_ \in
          CONSTANT_AnonMem_("Graph") \X CONSTANT_AnonMem_("Graph") :
          CONSTANT_p_[1] \in CONSTANT_inputs_[CONSTANT_p_[2]]}
  [] "Graph" = "Pseud" ->
       {CONSTANT_p_ \in
          CONSTANT_AnonMem_("Pseud") \X CONSTANT_AnonMem_("Pseud") :
          CONSTANT_l1_[CONSTANT_p_[1]] = CONSTANT_l1_[CONSTANT_p_[2]]
          /\ CONSTANT_l1_[CONSTANT_p_[1]] # CONSTANT_NoId_}
** Unexpanded symbols: CONSTANT_AnonMem_, CONSTANT_A!Labelings_, CONSTANT_AnonSurfaces_

** Unexpanded symbols: CONSTANT_AnonRel_, CONSTANT_A!AllBot_, CONSTANT_A!LabelIndep_, CONSTANT_AnonSurfaces_

** Unexpanded symbols: CONSTANT_AnonRel_, CONSTANT_A!AllBot_, CONSTANT_AnonSurfaces_

** Unexpanded symbols: CONSTANT_AnonRel_, CONSTANT_A!AllBot_, CONSTANT_AnonSurfaces_

!! Constraint generation. Expression not supported: 
CASE "Pseud" = "Graph" ->
       {CONSTANT_p_ \in CONSTANT_Txs_ \X CONSTANT_Txs_ :
          CONSTANT_p_[1] \in CONSTANT_inputs_[CONSTANT_p_[2]]}
  [] "Pseud" = "Pseud" ->
       {CONSTANT_p_ \in CONSTANT_Txs_ \X CONSTANT_Txs_ :
          CONSTANT_A!AllBot_[CONSTANT_p_[1]]
          = CONSTANT_A!AllBot_[CONSTANT_p_[2]]
          /\ CONSTANT_A!AllBot_[CONSTANT_p_[1]] # CONSTANT_NoId_}
** Unexpanded symbols: CONSTANT_A!AllBot_, CONSTANT_AnonSurfaces_

** Unexpanded symbols: CONSTANT_AnonRel_, CONSTANT_A!AllBot_, CONSTANT_AnonSurfaces_

!! Constraint generation. Expression not supported: 
CASE "Pseud" = "Graph" ->
       {CONSTANT_p_ \in CONSTANT_Txs_ \X CONSTANT_Txs_ :
          CONSTANT_p_[1] \in CONSTANT_inputs_[CONSTANT_p_[2]]}
  [] "Pseud" = "Pseud" ->
       {CONSTANT_p_ \in CONSTANT_Txs_ \X CONSTANT_Txs_ :
          CONSTANT_A!AllBot_[CONSTANT_p_[1]]
          = CONSTANT_A!AllBot_[CONSTANT_p_[2]]
          /\ CONSTANT_A!AllBot_[CONSTANT_p_[1]] # CONSTANT_NoId_}
** Unexpanded symbols: CONSTANT_A!AllBot_, CONSTANT_AnonSurfaces_

** Unexpanded symbols: CONSTANT_A!HandlesMinus_, CONSTANT_A!AllBot_

** Unexpanded symbols: CONSTANT_AnonRel_, CONSTANT_A!ReachExc_, CONSTANT_A!AllBot_

** Unexpanded symbols: ---

** Unexpanded symbols: CONSTANT_AnonRel_, CONSTANT_AnonMem_, CONSTANT_A!ReachExc_, CONSTANT_A!AllBot_, CONSTANT_A!Labelings_, CONSTANT_AnonSurfaces_

!! Constraint generation. Expression not supported: 
CASE "Graph" = "Graph" ->
       {CONSTANT_p_ \in CONSTANT_Txs_ \X CONSTANT_Txs_ :
          CONSTANT_p_[1] \in CONSTANT_inputs_[CONSTANT_p_[2]]}
  [] "Graph" = "Pseud" ->
       {CONSTANT_p_ \in CONSTANT_Txs_ \X CONSTANT_Txs_ :
          CONSTANT_A!AllBot_[CONSTANT_p_[1]]
          = CONSTANT_A!AllBot_[CONSTANT_p_[2]]
          /\ CONSTANT_A!AllBot_[CONSTANT_p_[1]] # CONSTANT_NoId_}
** Unexpanded symbols: CONSTANT_A!AllBot_

** Unexpanded symbols: CONSTANT_A!HandlesMinus_, CONSTANT_A!ReachExc_, CONSTANT_A!AllBot_

** Unexpanded symbols: CONSTANT_A!HandlesMinus_, CONSTANT_A!AllBot_

** Unexpanded symbols: CONSTANT_AnonRel_, CONSTANT_A!ReachExc_, CONSTANT_A!AllBot_, CONSTANT_AnonSurfaces_

** Unexpanded symbols: CONSTANT_AnonRel_, CONSTANT_A!HandlesMinus_, CONSTANT_AnonMem_, CONSTANT_A!ReachExc_, CONSTANT_A!AllBot_, CONSTANT_A!Labelings_, CONSTANT_AnonSurfaces_

!! Constraint generation. Expression not supported: 
CASE "Pseud" = "Graph" ->
       {CONSTANT_p_ \in CONSTANT_Txs_ \X CONSTANT_Txs_ :
          CONSTANT_p_[1] \in CONSTANT_inputs_[CONSTANT_p_[2]]}
  [] "Pseud" = "Pseud" ->
       {CONSTANT_p_ \in CONSTANT_Txs_ \X CONSTANT_Txs_ :
          CONSTANT_A!AllBot_[CONSTANT_p_[1]]
          = CONSTANT_A!AllBot_[CONSTANT_p_[2]]
          /\ CONSTANT_A!AllBot_[CONSTANT_p_[1]] # CONSTANT_NoId_}
** Unexpanded symbols: CONSTANT_A!HandlesMinus_, CONSTANT_A!ReachExc_, CONSTANT_A!AllBot_

** Unexpanded symbols: CONSTANT_AnonRel_, CONSTANT_A!ReachExc_, CONSTANT_A!AllBot_, CONSTANT_AnonSurfaces_

** Unexpanded symbols: CONSTANT_A!HandlesMinus_, CONSTANT_A!ReachExc_, CONSTANT_A!AllBot_

** Unexpanded symbols: CONSTANT_A!HandlesMinus_, CONSTANT_A!AllBot_

** Unexpanded symbols: CONSTANT_AnonRel_, CONSTANT_A!ReachExc_, CONSTANT_A!AllBot_, CONSTANT_AnonSurfaces_

** Unexpanded symbols: CONSTANT_AnonRel_, CONSTANT_A!ReachExc_, CONSTANT_A!AllBot_, CONSTANT_AnonSurfaces_

** Unexpanded symbols: CONSTANT_AnonRel_, CONSTANT_A!HandlesMinus_, CONSTANT_AnonMem_, CONSTANT_A!ReachExc_, CONSTANT_A!AllBot_, CONSTANT_A!Labelings_, CONSTANT_AnonSurfaces_

** Unexpanded symbols: CONSTANT_A!HandlesMinus_, CONSTANT_A!ReachExc_, CONSTANT_A!AllBot_

!! Constraint generation. Expression not supported: 
CASE CONSTANT_S_ = "Graph" ->
       {CONSTANT_p_ \in CONSTANT_Txs_ \X CONSTANT_Txs_ :
          CONSTANT_p_[1] \in CONSTANT_inputs_[CONSTANT_p_[2]]}
  [] CONSTANT_S_ = "Pseud" ->
       {CONSTANT_p_ \in CONSTANT_Txs_ \X CONSTANT_Txs_ :
          CONSTANT_A!AllBot_[CONSTANT_p_[1]]
          = CONSTANT_A!AllBot_[CONSTANT_p_[2]]
          /\ CONSTANT_A!AllBot_[CONSTANT_p_[1]] # CONSTANT_NoId_}
** Unexpanded symbols: CONSTANT_A!HandlesMinus_, CONSTANT_A!ReachExc_, CONSTANT_A!AllBot_

** Unexpanded symbols: CONSTANT_A!HandlesMinus_, CONSTANT_A!ReachExc_, CONSTANT_A!AllBot_

!! Constraint generation. Expression not supported: 
CASE CONSTANT_S_ = "Graph" ->
       {CONSTANT_p_ \in CONSTANT_Txs_ \X CONSTANT_Txs_ :
          CONSTANT_p_[1] \in CONSTANT_inputs_[CONSTANT_p_[2]]}
  [] CONSTANT_S_ = "Pseud" ->
       {CONSTANT_p_ \in CONSTANT_Txs_ \X CONSTANT_Txs_ :
          CONSTANT_A!AllBot_[CONSTANT_p_[1]]
          = CONSTANT_A!AllBot_[CONSTANT_p_[2]]
          /\ CONSTANT_A!AllBot_[CONSTANT_p_[1]] # CONSTANT_NoId_}
** Unexpanded symbols: CONSTANT_A!HandlesMinus_, CONSTANT_A!ReachExc_, CONSTANT_A!AllBot_

(* created new ".tlacache/AnonymityInstance.tlaps/AnonymityInstance.thy" *)
(* fingerprints written in ".tlacache/AnonymityInstance.tlaps/fingerprints" *)
File "./AnonymityInstance.tla", line 1, character 1 to line 247, character 76:
[INFO]: All 149 obligations proved.
