(* fingerprints file ".tlacache/TLAPS.tlaps/fingerprints" removed *)
(* created new ".tlacache/TLAPS.tlaps/TLAPS.thy" *)
(* fingerprints written in ".tlacache/TLAPS.tlaps/fingerprints" *)
File "/home/morpheus/tlaps/lib/tlaps/TLAPS.tla", line 1, character 1 to line 362, character 77:
[INFO]: All 0 obligation proved.
(* fingerprints file ".tlacache/Notarization.tlaps/fingerprints" removed *)
(* created new ".tlacache/Notarization.tlaps/Notarization.thy" *)
(* fingerprints written in ".tlacache/Notarization.tlaps/fingerprints" *)
File "./Notarization.tla", line 1, character 1 to line 197, character 74:
[INFO]: All 0 obligation proved.
** Unexpanded symbols: CONSTANT_Sealed_, CONSTANT_Reach_

** Unexpanded symbols: CONSTANT_Sealed_, CONSTANT_Separable_

** Unexpanded symbols: CONSTANT_Pins_, CONSTANT_LabelIndep_, CONSTANT_Separable_

** Unexpanded symbols: CONSTANT_Sealed_, CONSTANT_LabelIndep_, CONSTANT_Separable_, CONSTANT_Reach_

** Unexpanded symbols: CONSTANT_Sealed_, CONSTANT_Pins_, CONSTANT_LabelIndep_, CONSTANT_Separable_, CONSTANT_Reach_

** Unexpanded symbols: CONSTANT_Sealed_, CONSTANT_Separable_, CONSTANT_Reach_

** Unexpanded symbols: CONSTANT_Sealed_, CONSTANT_Edge_, CONSTANT_Separable_, CONSTANT_Reach_

** Unexpanded symbols: CONSTANT_Sealed_, CONSTANT_Separable_

** Unexpanded symbols: CONSTANT_Separable_

** Unexpanded symbols: CONSTANT_Sealed_, CONSTANT_Separable_

** Unexpanded symbols: CONSTANT_Sealed_, CONSTANT_Separable_, CONSTANT_TA_

** Unexpanded symbols: CONSTANT_Sealed_

** Unexpanded symbols: CONSTANT_Sep_, CONSTANT_Separable_, CONSTANT_Reach_

** Unexpanded symbols: CONSTANT_Reach_

** Unexpanded symbols: CONSTANT_Labelings_

** Unexpanded symbols: CONSTANT_ReachLI_, CONSTANT_Labelings_

** Unexpanded symbols: CONSTANT_EdgeLI_, CONSTANT_Labelings_

** Unexpanded symbols: CONSTANT_ClosedLI_, CONSTANT_Labelings_

** Unexpanded symbols: CONSTANT_ClosedLI_

** Unexpanded symbols: CONSTANT_ClosedLI_, CONSTANT_EdgeLI_

** Unexpanded symbols: CONSTANT_ReachLI_, CONSTANT_EdgeLI_

** Unexpanded symbols: CONSTANT_ReachLI_, CONSTANT_EdgeLI_

** Unexpanded symbols: CONSTANT_ClosedLI_, CONSTANT_ReachLI_, CONSTANT_EdgeLI_

** Unexpanded symbols: CONSTANT_ClosedLI_, CONSTANT_EdgeLI_

** Unexpanded symbols: CONSTANT_ClosedUnder_, CONSTANT_ClosedLI_

** Unexpanded symbols: CONSTANT_ReachLI_, CONSTANT_Reach_

** Unexpanded symbols: CONSTANT_LabelIndep_, CONSTANT_ReachLI_

** Unexpanded symbols: CONSTANT_ClosedLI_

** Unexpanded symbols: CONSTANT_Pins_, CONSTANT_LabelIndep_, CONSTANT_ReachLI_, CONSTANT_PinsLI_, CONSTANT_SealedLI_

** Unexpanded symbols: CONSTANT_LabelIndep_, CONSTANT_PinsLI_

** Unexpanded symbols: CONSTANT_LabelIndep_, CONSTANT_ReachLI_, CONSTANT_SealedLI_

** Unexpanded symbols: CONSTANT_ReachLI_, CONSTANT_SealedLI_, CONSTANT_Reach_

** Unexpanded symbols: CONSTANT_ReachLI_, CONSTANT_SealedLI_, CONSTANT_Reach_

** Unexpanded symbols: CONSTANT_ReachLI_, CONSTANT_SealedLI_, CONSTANT_Labelings_

** Unexpanded symbols: CONSTANT_LabelIndep_, CONSTANT_PinsLI_, CONSTANT_Labelings_

** Unexpanded symbols: CONSTANT_LabelIndep_, CONSTANT_ReachLI_, CONSTANT_SealedLI_, CONSTANT_Labelings_

** Unexpanded symbols: CONSTANT_ReachLI_, CONSTANT_SealedLI_, CONSTANT_Labelings_

** Unexpanded symbols: CONSTANT_LabelIndep_, CONSTANT_ReachLI_, CONSTANT_PinsLI_, CONSTANT_SealedLI_, CONSTANT_Labelings_

** Unexpanded symbols: CONSTANT_ReachLI_, CONSTANT_EdgeLI_, CONSTANT_SealedLI_, CONSTANT_Labelings_

(* created new ".tlacache/Antagonism.tlaps/Antagonism.thy" *)
(* fingerprints written in ".tlacache/Antagonism.tlaps/fingerprints" *)
File "./Antagonism.tla", line 1, character 1 to line 177, character 76:
[INFO]: All 84 obligations proved.
