(* fingerprints file ".tlacache/TLAPS.tlaps/fingerprints" removed *)
(* created new ".tlacache/TLAPS.tlaps/TLAPS.thy" *)
(* fingerprints written in ".tlacache/TLAPS.tlaps/fingerprints" *)
File "/home/morpheus/tlaps/lib/tlaps/TLAPS.tla", line 1, character 1 to line 362, character 77:
[INFO]: All 0 obligation proved.
(* fingerprints file ".tlacache/Notarization.tlaps/fingerprints" removed *)
(* created new ".tlacache/Notarization.tlaps/Notarization.thy" *)
(* fingerprints written in ".tlacache/Notarization.tlaps/fingerprints" *)
File "./Notarization.tla", line 1, character 1 to line 197, character 74:
[INFO]: All 0 obligation proved.
(* fingerprints file ".tlacache/Antagonism.tlaps/fingerprints" removed *)
(* created new ".tlacache/Antagonism.tlaps/Antagonism.thy" *)
(* fingerprints written in ".tlacache/Antagonism.tlaps/fingerprints" *)
File "./Antagonism.tla", line 1, character 1 to line 177, character 76:
[INFO]: All 0 obligation proved.
(* fingerprints file ".tlacache/Synthesis.tlaps/fingerprints" removed *)
(* created new ".tlacache/Synthesis.tlaps/Synthesis.thy" *)
(* fingerprints written in ".tlacache/Synthesis.tlaps/fingerprints" *)
File "./Synthesis.tla", line 1, character 1 to line 504, character 76:
[INFO]: All 0 obligation proved.
** Unexpanded symbols: ---

** Unexpanded symbols: ---

** Unexpanded symbols: ---

** Unexpanded symbols: CONSTANT_AuditSurfaces_

** Unexpanded symbols: CONSTANT_AuditMem_, CONSTANT_AuditRel_, CONSTANT_A!Labelings_

** Unexpanded symbols: CONSTANT_AuditMem_, CONSTANT_AuditRel_, CONSTANT_A!Labelings_, CONSTANT_AuditSurfaces_

!! Constraint generation. Expression not supported: 
CASE CONSTANT_S_ = "Chain" ->
       {CONSTANT_p_ \in CONSTANT_Entries_ \X CONSTANT_Entries_ :
          CONSTANT_prev_[CONSTANT_p_[2]] = CONSTANT_p_[1]}
  [] CONSTANT_S_ = "Subject" ->
       {CONSTANT_p_ \in CONSTANT_Entries_ \X CONSTANT_Entries_ :
          CONSTANT_l_[CONSTANT_p_[1]] = CONSTANT_l_[CONSTANT_p_[2]]
          /\ CONSTANT_l_[CONSTANT_p_[1]] # CONSTANT_NoSubj_}
** Unexpanded symbols: CONSTANT_A!Labelings_, CONSTANT_AuditSurfaces_

!! Constraint generation. Expression not supported: 
CASE CONSTANT_S_ = "Chain" ->
       {CONSTANT_p_ \in CONSTANT_Entries_ \X CONSTANT_Entries_ :
          CONSTANT_prev_[CONSTANT_p_[2]] = CONSTANT_p_[1]}
  [] CONSTANT_S_ = "Subject" ->
       {CONSTANT_p_ \in CONSTANT_Entries_ \X CONSTANT_Entries_ :
          CONSTANT_l_[CONSTANT_p_[1]] = CONSTANT_l_[CONSTANT_p_[2]]
          /\ CONSTANT_l_[CONSTANT_p_[1]] # CONSTANT_NoSubj_}
** Unexpanded symbols: CONSTANT_A!Labelings_, CONSTANT_AuditSurfaces_

!! Constraint generation. Expression not supported: 
CASE "Chain" = "Chain" ->
       {CONSTANT_p_ \in
          CONSTANT_AuditMem_("Chain") \X CONSTANT_AuditMem_("Chain") :
          CONSTANT_prev_[CONSTANT_p_[2]] = CONSTANT_p_[1]}
  [] "Chain" = "Subject" ->
       {CONSTANT_p_ \in
          CONSTANT_AuditMem_("Subject") \X CONSTANT_AuditMem_("Subject") :
          CONSTANT_l1_[CONSTANT_p_[1]] = CONSTANT_l1_[CONSTANT_p_[2]]
          /\ CONSTANT_l1_[CONSTANT_p_[1]] # CONSTANT_NoSubj_}
** Unexpanded symbols: CONSTANT_AuditMem_, CONSTANT_A!Labelings_

** Unexpanded symbols: CONSTANT_AuditRel_, CONSTANT_A!Labelings_

** Unexpanded symbols: ---

** Unexpanded symbols: ---

** Unexpanded symbols: ---

** Unexpanded symbols: ---

!! Constraint generation. Expression not supported: 
CASE "Subject" = "Chain" ->
       {CONSTANT_p_ \in CONSTANT_Entries_ \X CONSTANT_Entries_ :
          CONSTANT_prev_[CONSTANT_p_[2]] = CONSTANT_p_[1]}
  [] "Subject" = "Subject" ->
       {CONSTANT_p_ \in CONSTANT_Entries_ \X CONSTANT_Entries_ :
          [CONSTANT_e_ \in CONSTANT_Entries_ |-> CONSTANT_s0_][CONSTANT_p_[1]]
          = [CONSTANT_e_ \in CONSTANT_Entries_ |-> CONSTANT_s0_][CONSTANT_p_[2]]
          /\ [CONSTANT_e_ \in CONSTANT_Entries_ |-> CONSTANT_s0_][CONSTANT_p_[1]]
             # CONSTANT_NoSubj_}
** Unexpanded symbols: ---

!! Constraint generation. Expression not supported: 
CASE "Subject" = "Chain" ->
       {CONSTANT_p_ \in CONSTANT_Entries_ \X CONSTANT_Entries_ :
          CONSTANT_prev_[CONSTANT_p_[2]] = CONSTANT_p_[1]}
  [] "Subject" = "Subject" ->
       {CONSTANT_p_ \in CONSTANT_Entries_ \X CONSTANT_Entries_ :
          [CONSTANT_e_ \in CONSTANT_Entries_ |-> CONSTANT_NoSubj_][CONSTANT_p_[1]]
          = [CONSTANT_e_ \in CONSTANT_Entries_ |-> CONSTANT_NoSubj_][CONSTANT_p_[2]]
          /\ [CONSTANT_e_ \in CONSTANT_Entries_ |-> CONSTANT_NoSubj_][CONSTANT_p_[1]]
             # CONSTANT_NoSubj_}
** Unexpanded symbols: ---

** Unexpanded symbols: CONSTANT_AuditRel_

** Unexpanded symbols: CONSTANT_AuditMem_, CONSTANT_AuditRel_, CONSTANT_A!Labelings_, CONSTANT_A!Sep_, CONSTANT_AuditSurfaces_

** Unexpanded symbols: ---

!! Constraint generation. Expression not supported: 
CASE "Chain" = "Chain" ->
       {CONSTANT_p_ \in CONSTANT_Entries_ \X CONSTANT_Entries_ :
          CONSTANT_prev_[CONSTANT_p_[2]] = CONSTANT_p_[1]}
  [] "Chain" = "Subject" ->
       {CONSTANT_p_ \in CONSTANT_Entries_ \X CONSTANT_Entries_ :
          CONSTANT_subj_[CONSTANT_p_[1]] = CONSTANT_subj_[CONSTANT_p_[2]]
          /\ CONSTANT_subj_[CONSTANT_p_[1]] # CONSTANT_NoSubj_}
** Unexpanded symbols: ---

** Unexpanded symbols: ---

** Unexpanded symbols: CONSTANT_A!Strip_, CONSTANT_AuditRel_

** Unexpanded symbols: ---

!! Constraint generation. Expression not supported: 
CASE "Chain" = "Chain" ->
       {CONSTANT_p_ \in CONSTANT_Entries_ \X CONSTANT_Entries_ :
          CONSTANT_prev_[CONSTANT_p_[2]] = CONSTANT_p_[1]}
  [] "Chain" = "Subject" ->
       {CONSTANT_p_ \in CONSTANT_Entries_ \X CONSTANT_Entries_ :
          CONSTANT_subj_[CONSTANT_p_[1]] = CONSTANT_subj_[CONSTANT_p_[2]]
          /\ CONSTANT_subj_[CONSTANT_p_[1]] # CONSTANT_NoSubj_}
** Unexpanded symbols: ---

!! Constraint generation. Expression not supported: 
CASE "Chain" = "Chain" ->
       {CONSTANT_p_ \in
          CONSTANT_AuditMem_("Chain") \X CONSTANT_AuditMem_("Chain") :
          CONSTANT_prev_[CONSTANT_p_[2]] = CONSTANT_p_[1]}
  [] "Chain" = "Subject" ->
       {CONSTANT_p_ \in
          CONSTANT_AuditMem_("Subject") \X CONSTANT_AuditMem_("Subject") :
          CONSTANT_l1_[CONSTANT_p_[1]] = CONSTANT_l1_[CONSTANT_p_[2]]
          /\ CONSTANT_l1_[CONSTANT_p_[1]] # CONSTANT_NoSubj_}
** Unexpanded symbols: CONSTANT_AuditMem_, CONSTANT_A!Labelings_

** Unexpanded symbols: ---

** Unexpanded symbols: CONSTANT_AuditMem_, CONSTANT_A!Strip_, CONSTANT_AuditRel_, CONSTANT_A!LabelIndep_, CONSTANT_A!Labelings_, CONSTANT_AuditSurfaces_

** Unexpanded symbols: ---

** Unexpanded symbols: CONSTANT_A!AllBot_, CONSTANT_AuditRel_, CONSTANT_A!LabelIndep_

** Unexpanded symbols: CONSTANT_A!AllBot_, CONSTANT_AuditRel_, CONSTANT_A!LabelIndep_, CONSTANT_AuditSurfaces_

** Unexpanded symbols: CONSTANT_A!AllBot_, CONSTANT_AuditRel_, CONSTANT_A!LabelIndep_, CONSTANT_AuditSurfaces_

!! Constraint generation. Expression not supported: 
CASE "Chain" = "Chain" ->
       {CONSTANT_p_ \in
          CONSTANT_AuditMem_("Chain") \X CONSTANT_AuditMem_("Chain") :
          CONSTANT_prev_[CONSTANT_p_[2]] = CONSTANT_p_[1]}
  [] "Chain" = "Subject" ->
       {CONSTANT_p_ \in
          CONSTANT_AuditMem_("Subject") \X CONSTANT_AuditMem_("Subject") :
          CONSTANT_l1_[CONSTANT_p_[1]] = CONSTANT_l1_[CONSTANT_p_[2]]
          /\ CONSTANT_l1_[CONSTANT_p_[1]] # CONSTANT_NoSubj_}
** Unexpanded symbols: CONSTANT_AuditMem_, CONSTANT_A!Labelings_, CONSTANT_AuditSurfaces_

** Unexpanded symbols: CONSTANT_A!AllBot_, CONSTANT_AuditRel_, CONSTANT_A!LabelIndep_, CONSTANT_AuditSurfaces_

** Unexpanded symbols: CONSTANT_A!AllBot_, CONSTANT_AuditRel_, CONSTANT_AuditSurfaces_

** Unexpanded symbols: CONSTANT_A!AllBot_, CONSTANT_AuditRel_, CONSTANT_AuditSurfaces_

!! Constraint generation. Expression not supported: 
CASE "Subject" = "Chain" ->
       {CONSTANT_p_ \in CONSTANT_Entries_ \X CONSTANT_Entries_ :
          CONSTANT_prev_[CONSTANT_p_[2]] = CONSTANT_p_[1]}
  [] "Subject" = "Subject" ->
       {CONSTANT_p_ \in CONSTANT_Entries_ \X CONSTANT_Entries_ :
          CONSTANT_A!AllBot_[CONSTANT_p_[1]]
          = CONSTANT_A!AllBot_[CONSTANT_p_[2]]
          /\ CONSTANT_A!AllBot_[CONSTANT_p_[1]] # CONSTANT_NoSubj_}
** Unexpanded symbols: CONSTANT_A!AllBot_, CONSTANT_AuditSurfaces_

** Unexpanded symbols: CONSTANT_A!AllBot_, CONSTANT_AuditRel_, CONSTANT_AuditSurfaces_

!! Constraint generation. Expression not supported: 
CASE "Subject" = "Chain" ->
       {CONSTANT_p_ \in CONSTANT_Entries_ \X CONSTANT_Entries_ :
          CONSTANT_prev_[CONSTANT_p_[2]] = CONSTANT_p_[1]}
  [] "Subject" = "Subject" ->
       {CONSTANT_p_ \in CONSTANT_Entries_ \X CONSTANT_Entries_ :
          CONSTANT_A!AllBot_[CONSTANT_p_[1]]
          = CONSTANT_A!AllBot_[CONSTANT_p_[2]]
          /\ CONSTANT_A!AllBot_[CONSTANT_p_[1]] # CONSTANT_NoSubj_}
** Unexpanded symbols: CONSTANT_A!AllBot_, CONSTANT_AuditSurfaces_

** Unexpanded symbols: CONSTANT_A!HandlesMinus_, CONSTANT_A!AllBot_

** Unexpanded symbols: CONSTANT_A!ReachExc_, CONSTANT_A!AllBot_, CONSTANT_AuditRel_

** Unexpanded symbols: CONSTANT_AuditMem_, CONSTANT_A!ReachExc_, CONSTANT_A!AllBot_, CONSTANT_AuditRel_, CONSTANT_A!Labelings_, CONSTANT_AuditSurfaces_

!! Constraint generation. Expression not supported: 
CASE "Chain" = "Chain" ->
       {CONSTANT_p_ \in CONSTANT_Entries_ \X CONSTANT_Entries_ :
          CONSTANT_prev_[CONSTANT_p_[2]] = CONSTANT_p_[1]}
  [] "Chain" = "Subject" ->
       {CONSTANT_p_ \in CONSTANT_Entries_ \X CONSTANT_Entries_ :
          CONSTANT_A!AllBot_[CONSTANT_p_[1]]
          = CONSTANT_A!AllBot_[CONSTANT_p_[2]]
          /\ CONSTANT_A!AllBot_[CONSTANT_p_[1]] # CONSTANT_NoSubj_}
** Unexpanded symbols: CONSTANT_A!AllBot_

** Unexpanded symbols: CONSTANT_A!HandlesMinus_, CONSTANT_A!ReachExc_, CONSTANT_A!AllBot_

** Unexpanded symbols: CONSTANT_A!HandlesMinus_, CONSTANT_A!AllBot_

** Unexpanded symbols: CONSTANT_A!ReachExc_, CONSTANT_A!AllBot_, CONSTANT_AuditRel_, CONSTANT_AuditSurfaces_

** Unexpanded symbols: CONSTANT_AuditMem_, CONSTANT_A!HandlesMinus_, CONSTANT_A!ReachExc_, CONSTANT_A!AllBot_, CONSTANT_AuditRel_, CONSTANT_A!Labelings_, CONSTANT_AuditSurfaces_

!! Constraint generation. Expression not supported: 
CASE "Subject" = "Chain" ->
       {CONSTANT_p_ \in CONSTANT_Entries_ \X CONSTANT_Entries_ :
          CONSTANT_prev_[CONSTANT_p_[2]] = CONSTANT_p_[1]}
  [] "Subject" = "Subject" ->
       {CONSTANT_p_ \in CONSTANT_Entries_ \X CONSTANT_Entries_ :
          CONSTANT_A!AllBot_[CONSTANT_p_[1]]
          = CONSTANT_A!AllBot_[CONSTANT_p_[2]]
          /\ CONSTANT_A!AllBot_[CONSTANT_p_[1]] # CONSTANT_NoSubj_}
** Unexpanded symbols: CONSTANT_A!HandlesMinus_, CONSTANT_A!ReachExc_, CONSTANT_A!AllBot_

** Unexpanded symbols: CONSTANT_A!ReachExc_, CONSTANT_A!AllBot_, CONSTANT_AuditRel_, CONSTANT_AuditSurfaces_

** Unexpanded symbols: CONSTANT_A!HandlesMinus_, CONSTANT_A!ReachExc_, CONSTANT_A!AllBot_

** Unexpanded symbols: CONSTANT_A!HandlesMinus_, CONSTANT_A!AllBot_

** Unexpanded symbols: CONSTANT_A!ReachExc_, CONSTANT_A!AllBot_, CONSTANT_AuditRel_, CONSTANT_AuditSurfaces_

** Unexpanded symbols: CONSTANT_A!ReachExc_, CONSTANT_A!AllBot_, CONSTANT_AuditRel_, CONSTANT_AuditSurfaces_

** Unexpanded symbols: CONSTANT_AuditMem_, CONSTANT_A!HandlesMinus_, CONSTANT_A!ReachExc_, CONSTANT_A!AllBot_, CONSTANT_AuditRel_, CONSTANT_A!Labelings_, CONSTANT_AuditSurfaces_

** Unexpanded symbols: CONSTANT_A!HandlesMinus_, CONSTANT_A!ReachExc_, CONSTANT_A!AllBot_

!! Constraint generation. Expression not supported: 
CASE CONSTANT_S_ = "Chain" ->
       {CONSTANT_p_ \in CONSTANT_Entries_ \X CONSTANT_Entries_ :
          CONSTANT_prev_[CONSTANT_p_[2]] = CONSTANT_p_[1]}
  [] CONSTANT_S_ = "Subject" ->
       {CONSTANT_p_ \in CONSTANT_Entries_ \X CONSTANT_Entries_ :
          CONSTANT_A!AllBot_[CONSTANT_p_[1]]
          = CONSTANT_A!AllBot_[CONSTANT_p_[2]]
          /\ CONSTANT_A!AllBot_[CONSTANT_p_[1]] # CONSTANT_NoSubj_}
** Unexpanded symbols: CONSTANT_A!HandlesMinus_, CONSTANT_A!ReachExc_, CONSTANT_A!AllBot_

** Unexpanded symbols: CONSTANT_A!HandlesMinus_, CONSTANT_A!ReachExc_, CONSTANT_A!AllBot_

!! Constraint generation. Expression not supported: 
CASE CONSTANT_S_ = "Chain" ->
       {CONSTANT_p_ \in CONSTANT_Entries_ \X CONSTANT_Entries_ :
          CONSTANT_prev_[CONSTANT_p_[2]] = CONSTANT_p_[1]}
  [] CONSTANT_S_ = "Subject" ->
       {CONSTANT_p_ \in CONSTANT_Entries_ \X CONSTANT_Entries_ :
          CONSTANT_A!AllBot_[CONSTANT_p_[1]]
          = CONSTANT_A!AllBot_[CONSTANT_p_[2]]
          /\ CONSTANT_A!AllBot_[CONSTANT_p_[1]] # CONSTANT_NoSubj_}
** Unexpanded symbols: CONSTANT_A!HandlesMinus_, CONSTANT_A!ReachExc_, CONSTANT_A!AllBot_

** Unexpanded symbols: CONSTANT_A!Sealed_

** Unexpanded symbols: CONSTANT_A!Pins_, CONSTANT_A!LabelIndep_, CONSTANT_A!Sealed_

** Unexpanded symbols: CONSTANT_A!Sealed_

** Unexpanded symbols: CONSTANT_A!Pins_, CONSTANT_A!LabelIndep_, CONSTANT_AuditSurfaces_

** Unexpanded symbols: CONSTANT_A!Reach_, CONSTANT_A!Sealed_, CONSTANT_AuditSurfaces_

** Unexpanded symbols: CONSTANT_A!Reach_, CONSTANT_AuditRel_, CONSTANT_A!LabelIndep_, CONSTANT_A!Sealed_, CONSTANT_AuditSurfaces_

!! Constraint generation. Expression not supported: 
CASE "Chain" = "Chain" ->
       {CONSTANT_p_ \in CONSTANT_Entries_ \X CONSTANT_Entries_ :
          CONSTANT_prev_[CONSTANT_p_[2]] = CONSTANT_p_[1]}
  [] "Chain" = "Subject" ->
       {CONSTANT_p_ \in CONSTANT_Entries_ \X CONSTANT_Entries_ :
          CONSTANT_subj_[CONSTANT_p_[1]] = CONSTANT_subj_[CONSTANT_p_[2]]
          /\ CONSTANT_subj_[CONSTANT_p_[1]] # CONSTANT_NoSubj_}
** Unexpanded symbols: CONSTANT_A!Reach_, CONSTANT_A!Sealed_, CONSTANT_AuditSurfaces_

!! Constraint generation. Expression not supported: 
CASE "Chain" = "Chain" ->
       {CONSTANT_p_ \in CONSTANT_Entries_ \X CONSTANT_Entries_ :
          CONSTANT_prev_[CONSTANT_p_[2]] = CONSTANT_p_[1]}
  [] "Chain" = "Subject" ->
       {CONSTANT_p_ \in CONSTANT_Entries_ \X CONSTANT_Entries_ :
          CONSTANT_subj_[CONSTANT_p_[1]] = CONSTANT_subj_[CONSTANT_p_[2]]
          /\ CONSTANT_subj_[CONSTANT_p_[1]] # CONSTANT_NoSubj_}
** Unexpanded symbols: CONSTANT_A!Reach_, CONSTANT_A!Sealed_, CONSTANT_AuditSurfaces_

** Unexpanded symbols: CONSTANT_A!Pins_, CONSTANT_A!LabelIndep_, CONSTANT_A!Sealed_, CONSTANT_AuditSurfaces_

(* created new ".tlacache/AuditLogInstance.tlaps/AuditLogInstance.thy" *)
(* fingerprints written in ".tlacache/AuditLogInstance.tlaps/fingerprints" *)
File "./AuditLogInstance.tla", line 1, character 1 to line 302, character 74:
[INFO]: All 174 obligations proved.
