(* fingerprints file ".tlacache/TLAPS.tlaps/fingerprints" removed *)
(* created new ".tlacache/TLAPS.tlaps/TLAPS.thy" *)
(* fingerprints written in ".tlacache/TLAPS.tlaps/fingerprints" *)
File "/home/morpheus/tlaps/lib/tlaps/TLAPS.tla", line 1, character 1 to line 362, character 77:
[INFO]: All 0 obligation proved.
(* fingerprints file ".tlacache/Notarization.tlaps/fingerprints" removed *)
(* created new ".tlacache/Notarization.tlaps/Notarization.thy" *)
(* fingerprints written in ".tlacache/Notarization.tlaps/fingerprints" *)
File "./Notarization.tla", line 1, character 1 to line 197, character 74:
[INFO]: All 0 obligation proved.
(* fingerprints file ".tlacache/Antagonism.tlaps/fingerprints" removed *)
(* created new ".tlacache/Antagonism.tlaps/Antagonism.thy" *)
(* fingerprints written in ".tlacache/Antagonism.tlaps/fingerprints" *)
File "./Antagonism.tla", line 1, character 1 to line 177, character 76:
[INFO]: All 0 obligation proved.
(* fingerprints file ".tlacache/Synthesis.tlaps/fingerprints" removed *)
(* created new ".tlacache/Synthesis.tlaps/Synthesis.thy" *)
(* fingerprints written in ".tlacache/Synthesis.tlaps/fingerprints" *)
File "./Synthesis.tla", line 1, character 1 to line 504, character 76:
[INFO]: All 0 obligation proved.
** Unexpanded symbols: ---

** Unexpanded symbols: ---

** Unexpanded symbols: ---

** Unexpanded symbols: CONSTANT_DenSurfaces_

** Unexpanded symbols: CONSTANT_D!Labelings_, CONSTANT_DenRel_, CONSTANT_DenMem_

** Unexpanded symbols: CONSTANT_D!Labelings_, CONSTANT_DenSurfaces_, CONSTANT_DenRel_, CONSTANT_DenMem_

!! Constraint generation. Expression not supported: 
CASE CONSTANT_S_ = "Sig" ->
       {CONSTANT_p_ \in CONSTANT_Msgs_ \X CONSTANT_Msgs_ :
          ?boolify(CONSTANT_signed_[CONSTANT_p_[2]])}
  [] CONSTANT_S_ = "Mac" ->
       {CONSTANT_p_ \in CONSTANT_Msgs_ \X CONSTANT_Msgs_ :
          CONSTANT_l_[CONSTANT_p_[1]] = CONSTANT_l_[CONSTANT_p_[2]]
          /\ CONSTANT_l_[CONSTANT_p_[1]] # CONSTANT_NoAuth_}
** Unexpanded symbols: CONSTANT_D!Labelings_, CONSTANT_DenSurfaces_

!! Constraint generation. Expression not supported: 
CASE CONSTANT_S_ = "Sig" ->
       {CONSTANT_p_ \in CONSTANT_Msgs_ \X CONSTANT_Msgs_ :
          ?boolify(CONSTANT_signed_[CONSTANT_p_[2]])}
  [] CONSTANT_S_ = "Mac" ->
       {CONSTANT_p_ \in CONSTANT_Msgs_ \X CONSTANT_Msgs_ :
          CONSTANT_l_[CONSTANT_p_[1]] = CONSTANT_l_[CONSTANT_p_[2]]
          /\ CONSTANT_l_[CONSTANT_p_[1]] # CONSTANT_NoAuth_}
** Unexpanded symbols: CONSTANT_D!Labelings_, CONSTANT_DenSurfaces_

!! Constraint generation. Expression not supported: 
CASE "Sig" = "Sig" ->
       {CONSTANT_p_ \in CONSTANT_DenMem_("Sig") \X CONSTANT_DenMem_("Sig") :
          ?boolify(CONSTANT_signed_[CONSTANT_p_[2]])}
  [] "Sig" = "Mac" ->
       {CONSTANT_p_ \in CONSTANT_DenMem_("Mac") \X CONSTANT_DenMem_("Mac") :
          CONSTANT_l1_[CONSTANT_p_[1]] = CONSTANT_l1_[CONSTANT_p_[2]]
          /\ CONSTANT_l1_[CONSTANT_p_[1]] # CONSTANT_NoAuth_}
** Unexpanded symbols: CONSTANT_D!Labelings_, CONSTANT_DenMem_

** Unexpanded symbols: CONSTANT_D!Labelings_, CONSTANT_DenRel_

** Unexpanded symbols: ---

** Unexpanded symbols: ---

** Unexpanded symbols: ---

** Unexpanded symbols: ---

!! Constraint generation. Expression not supported: 
CASE "Mac" = "Sig" ->
       {CONSTANT_p_ \in CONSTANT_Msgs_ \X CONSTANT_Msgs_ :
          ?boolify(CONSTANT_signed_[CONSTANT_p_[2]])}
  [] "Mac" = "Mac" ->
       {CONSTANT_p_ \in CONSTANT_Msgs_ \X CONSTANT_Msgs_ :
          [CONSTANT_m_ \in CONSTANT_Msgs_ |-> CONSTANT_a0_][CONSTANT_p_[1]]
          = [CONSTANT_m_ \in CONSTANT_Msgs_ |-> CONSTANT_a0_][CONSTANT_p_[2]]
          /\ [CONSTANT_m_ \in CONSTANT_Msgs_ |-> CONSTANT_a0_][CONSTANT_p_[1]]
             # CONSTANT_NoAuth_}
** Unexpanded symbols: ---

!! Constraint generation. Expression not supported: 
CASE "Mac" = "Sig" ->
       {CONSTANT_p_ \in CONSTANT_Msgs_ \X CONSTANT_Msgs_ :
          ?boolify(CONSTANT_signed_[CONSTANT_p_[2]])}
  [] "Mac" = "Mac" ->
       {CONSTANT_p_ \in CONSTANT_Msgs_ \X CONSTANT_Msgs_ :
          [CONSTANT_m_ \in CONSTANT_Msgs_ |-> CONSTANT_NoAuth_][CONSTANT_p_[1]]
          = [CONSTANT_m_ \in CONSTANT_Msgs_ |-> CONSTANT_NoAuth_][CONSTANT_p_[2]]
          /\ [CONSTANT_m_ \in CONSTANT_Msgs_ |-> CONSTANT_NoAuth_][CONSTANT_p_[1]]
             # CONSTANT_NoAuth_}
** Unexpanded symbols: ---

** Unexpanded symbols: CONSTANT_DenRel_

** Unexpanded symbols: CONSTANT_D!Sep_, CONSTANT_DenRel_, CONSTANT_DenSurfaces_, CONSTANT_D!Labelings_, CONSTANT_DenMem_

** Unexpanded symbols: ---

!! Constraint generation. Expression not supported: 
CASE "Sig" = "Sig" ->
       {CONSTANT_p_ \in CONSTANT_Msgs_ \X CONSTANT_Msgs_ :
          ?boolify(CONSTANT_signed_[CONSTANT_p_[2]])}
  [] "Sig" = "Mac" ->
       {CONSTANT_p_ \in CONSTANT_Msgs_ \X CONSTANT_Msgs_ :
          CONSTANT_author_[CONSTANT_p_[1]] = CONSTANT_author_[CONSTANT_p_[2]]
          /\ CONSTANT_author_[CONSTANT_p_[1]] # CONSTANT_NoAuth_}
** Unexpanded symbols: ---

** Unexpanded symbols: ---

** Unexpanded symbols: CONSTANT_D!Strip_, CONSTANT_DenRel_

** Unexpanded symbols: ---

!! Constraint generation. Expression not supported: 
CASE "Sig" = "Sig" ->
       {CONSTANT_p_ \in CONSTANT_Msgs_ \X CONSTANT_Msgs_ :
          ?boolify(CONSTANT_signed_[CONSTANT_p_[2]])}
  [] "Sig" = "Mac" ->
       {CONSTANT_p_ \in CONSTANT_Msgs_ \X CONSTANT_Msgs_ :
          CONSTANT_author_[CONSTANT_p_[1]] = CONSTANT_author_[CONSTANT_p_[2]]
          /\ CONSTANT_author_[CONSTANT_p_[1]] # CONSTANT_NoAuth_}
** Unexpanded symbols: ---

!! Constraint generation. Expression not supported: 
CASE "Sig" = "Sig" ->
       {CONSTANT_p_ \in CONSTANT_DenMem_("Sig") \X CONSTANT_DenMem_("Sig") :
          ?boolify(CONSTANT_signed_[CONSTANT_p_[2]])}
  [] "Sig" = "Mac" ->
       {CONSTANT_p_ \in CONSTANT_DenMem_("Mac") \X CONSTANT_DenMem_("Mac") :
          CONSTANT_l1_[CONSTANT_p_[1]] = CONSTANT_l1_[CONSTANT_p_[2]]
          /\ CONSTANT_l1_[CONSTANT_p_[1]] # CONSTANT_NoAuth_}
** Unexpanded symbols: CONSTANT_D!Labelings_, CONSTANT_DenMem_

** Unexpanded symbols: ---

** Unexpanded symbols: CONSTANT_D!Strip_, CONSTANT_DenRel_, CONSTANT_D!LabelIndep_, CONSTANT_DenSurfaces_, CONSTANT_D!Labelings_, CONSTANT_DenMem_

** Unexpanded symbols: ---

** Unexpanded symbols: CONSTANT_D!LabelIndep_, CONSTANT_DenRel_, CONSTANT_D!AllBot_

** Unexpanded symbols: CONSTANT_D!LabelIndep_, CONSTANT_DenSurfaces_, CONSTANT_DenRel_, CONSTANT_D!AllBot_

** Unexpanded symbols: CONSTANT_D!LabelIndep_, CONSTANT_DenSurfaces_, CONSTANT_DenRel_, CONSTANT_D!AllBot_

!! Constraint generation. Expression not supported: 
CASE "Sig" = "Sig" ->
       {CONSTANT_p_ \in CONSTANT_DenMem_("Sig") \X CONSTANT_DenMem_("Sig") :
          ?boolify(CONSTANT_signed_[CONSTANT_p_[2]])}
  [] "Sig" = "Mac" ->
       {CONSTANT_p_ \in CONSTANT_DenMem_("Mac") \X CONSTANT_DenMem_("Mac") :
          CONSTANT_l1_[CONSTANT_p_[1]] = CONSTANT_l1_[CONSTANT_p_[2]]
          /\ CONSTANT_l1_[CONSTANT_p_[1]] # CONSTANT_NoAuth_}
** Unexpanded symbols: CONSTANT_D!Labelings_, CONSTANT_DenSurfaces_, CONSTANT_DenMem_

** Unexpanded symbols: CONSTANT_D!LabelIndep_, CONSTANT_DenSurfaces_, CONSTANT_DenRel_, CONSTANT_D!AllBot_

** Unexpanded symbols: CONSTANT_DenSurfaces_, CONSTANT_DenRel_, CONSTANT_D!AllBot_

** Unexpanded symbols: CONSTANT_DenSurfaces_, CONSTANT_DenRel_, CONSTANT_D!AllBot_

!! Constraint generation. Expression not supported: 
CASE "Mac" = "Sig" ->
       {CONSTANT_p_ \in CONSTANT_Msgs_ \X CONSTANT_Msgs_ :
          ?boolify(CONSTANT_signed_[CONSTANT_p_[2]])}
  [] "Mac" = "Mac" ->
       {CONSTANT_p_ \in CONSTANT_Msgs_ \X CONSTANT_Msgs_ :
          CONSTANT_D!AllBot_[CONSTANT_p_[1]]
          = CONSTANT_D!AllBot_[CONSTANT_p_[2]]
          /\ CONSTANT_D!AllBot_[CONSTANT_p_[1]] # CONSTANT_NoAuth_}
** Unexpanded symbols: CONSTANT_DenSurfaces_, CONSTANT_D!AllBot_

** Unexpanded symbols: CONSTANT_DenSurfaces_, CONSTANT_DenRel_, CONSTANT_D!AllBot_

!! Constraint generation. Expression not supported: 
CASE "Mac" = "Sig" ->
       {CONSTANT_p_ \in CONSTANT_Msgs_ \X CONSTANT_Msgs_ :
          ?boolify(CONSTANT_signed_[CONSTANT_p_[2]])}
  [] "Mac" = "Mac" ->
       {CONSTANT_p_ \in CONSTANT_Msgs_ \X CONSTANT_Msgs_ :
          CONSTANT_D!AllBot_[CONSTANT_p_[1]]
          = CONSTANT_D!AllBot_[CONSTANT_p_[2]]
          /\ CONSTANT_D!AllBot_[CONSTANT_p_[1]] # CONSTANT_NoAuth_}
** Unexpanded symbols: CONSTANT_DenSurfaces_, CONSTANT_D!AllBot_

** Unexpanded symbols: CONSTANT_D!HandlesMinus_, CONSTANT_D!AllBot_

** Unexpanded symbols: CONSTANT_DenRel_, CONSTANT_D!AllBot_, CONSTANT_D!ReachExc_

** Unexpanded symbols: ---

** Unexpanded symbols: ---

** Unexpanded symbols: CONSTANT_DenRel_, CONSTANT_D!AllBot_, CONSTANT_D!ReachExc_, CONSTANT_D!Labelings_, CONSTANT_DenSurfaces_, CONSTANT_DenMem_

!! Constraint generation. Expression not supported: 
CASE "Sig" = "Sig" ->
       {CONSTANT_p_ \in CONSTANT_Msgs_ \X CONSTANT_Msgs_ :
          ?boolify(CONSTANT_signed_[CONSTANT_p_[2]])}
  [] "Sig" = "Mac" ->
       {CONSTANT_p_ \in CONSTANT_Msgs_ \X CONSTANT_Msgs_ :
          CONSTANT_D!AllBot_[CONSTANT_p_[1]]
          = CONSTANT_D!AllBot_[CONSTANT_p_[2]]
          /\ CONSTANT_D!AllBot_[CONSTANT_p_[1]] # CONSTANT_NoAuth_}
** Unexpanded symbols: CONSTANT_D!AllBot_

** Unexpanded symbols: CONSTANT_D!HandlesMinus_, CONSTANT_D!AllBot_, CONSTANT_D!ReachExc_

** Unexpanded symbols: CONSTANT_D!HandlesMinus_, CONSTANT_D!AllBot_

** Unexpanded symbols: CONSTANT_DenSurfaces_, CONSTANT_DenRel_, CONSTANT_D!AllBot_, CONSTANT_D!ReachExc_

** Unexpanded symbols: CONSTANT_DenRel_, CONSTANT_D!AllBot_, CONSTANT_D!ReachExc_, CONSTANT_D!HandlesMinus_, CONSTANT_D!Labelings_, CONSTANT_DenSurfaces_, CONSTANT_DenMem_

!! Constraint generation. Expression not supported: 
CASE "Mac" = "Sig" ->
       {CONSTANT_p_ \in CONSTANT_Msgs_ \X CONSTANT_Msgs_ :
          ?boolify(CONSTANT_signed_[CONSTANT_p_[2]])}
  [] "Mac" = "Mac" ->
       {CONSTANT_p_ \in CONSTANT_Msgs_ \X CONSTANT_Msgs_ :
          CONSTANT_D!AllBot_[CONSTANT_p_[1]]
          = CONSTANT_D!AllBot_[CONSTANT_p_[2]]
          /\ CONSTANT_D!AllBot_[CONSTANT_p_[1]] # CONSTANT_NoAuth_}
** Unexpanded symbols: CONSTANT_D!HandlesMinus_, CONSTANT_D!AllBot_, CONSTANT_D!ReachExc_

** Unexpanded symbols: CONSTANT_DenSurfaces_, CONSTANT_DenRel_, CONSTANT_D!AllBot_, CONSTANT_D!ReachExc_

** Unexpanded symbols: CONSTANT_D!HandlesMinus_, CONSTANT_D!AllBot_, CONSTANT_D!ReachExc_

** Unexpanded symbols: CONSTANT_D!HandlesMinus_, CONSTANT_D!AllBot_

** Unexpanded symbols: CONSTANT_DenSurfaces_, CONSTANT_DenRel_, CONSTANT_D!AllBot_, CONSTANT_D!ReachExc_

** Unexpanded symbols: CONSTANT_DenSurfaces_, CONSTANT_DenRel_, CONSTANT_D!AllBot_, CONSTANT_D!ReachExc_

** Unexpanded symbols: CONSTANT_DenRel_, CONSTANT_D!AllBot_, CONSTANT_D!ReachExc_, CONSTANT_D!HandlesMinus_, CONSTANT_D!Labelings_, CONSTANT_DenSurfaces_, CONSTANT_DenMem_

!! Constraint generation. Expression not supported: 
CASE CONSTANT_S_ = "Sig" ->
       {CONSTANT_p_ \in CONSTANT_Msgs_ \X CONSTANT_Msgs_ :
          ?boolify(CONSTANT_signed_[CONSTANT_p_[2]])}
  [] CONSTANT_S_ = "Mac" ->
       {CONSTANT_p_ \in CONSTANT_Msgs_ \X CONSTANT_Msgs_ :
          CONSTANT_D!AllBot_[CONSTANT_p_[1]]
          = CONSTANT_D!AllBot_[CONSTANT_p_[2]]
          /\ CONSTANT_D!AllBot_[CONSTANT_p_[1]] # CONSTANT_NoAuth_}
** Unexpanded symbols: CONSTANT_D!HandlesMinus_, CONSTANT_D!AllBot_, CONSTANT_D!ReachExc_

** Unexpanded symbols: CONSTANT_D!HandlesMinus_, CONSTANT_D!AllBot_, CONSTANT_D!ReachExc_

!! Constraint generation. Expression not supported: 
CASE CONSTANT_S_ = "Sig" ->
       {CONSTANT_p_ \in CONSTANT_Msgs_ \X CONSTANT_Msgs_ :
          ?boolify(CONSTANT_signed_[CONSTANT_p_[2]])}
  [] CONSTANT_S_ = "Mac" ->
       {CONSTANT_p_ \in CONSTANT_Msgs_ \X CONSTANT_Msgs_ :
          CONSTANT_D!AllBot_[CONSTANT_p_[1]]
          = CONSTANT_D!AllBot_[CONSTANT_p_[2]]
          /\ CONSTANT_D!AllBot_[CONSTANT_p_[1]] # CONSTANT_NoAuth_}
** Unexpanded symbols: CONSTANT_D!HandlesMinus_, CONSTANT_D!AllBot_, CONSTANT_D!ReachExc_

(* created new ".tlacache/DeniabilityInstance.tlaps/DeniabilityInstance.thy" *)
(* fingerprints written in ".tlacache/DeniabilityInstance.tlaps/fingerprints" *)
File "./DeniabilityInstance.tla", line 1, character 1 to line 251, character 76:
[INFO]: All 151 obligations proved.
