
\* TLAPM version 1.5.0
\* launched at 2026-06-13 11:08:01 with command line:
\* tlapm --toolbox 0 0 Notarization.tla

@!!BEGIN
@!!type:obligationsnumber
@!!count:0
@!!END

(* created new ".tlacache/TLAPS.tlaps/TLAPS.thy" *)
(* fingerprints written in ".tlacache/TLAPS.tlaps/fingerprints" *)
File "/home/morpheus/tlaps/lib/tlaps/TLAPS.tla", line 1, character 1 to line 362, character 77:
[INFO]: All 0 obligation proved.
(* loading fingerprints in ".tlacache/Notarization.tlaps/fingerprints" *)
@!!BEGIN
@!!type:obligation
@!!id:1
@!!loc:67:13:67:15
@!!status:to be proved
@!!END

@!!BEGIN
@!!type:obligation
@!!id:2
@!!loc:67:16:67:20
@!!status:to be proved
@!!END

@!!BEGIN
@!!type:obligation
@!!id:3
@!!loc:67:22:67:26
@!!status:to be proved
@!!END

@!!BEGIN
@!!type:obligation
@!!id:4
@!!loc:65:37:65:39
@!!status:to be proved
@!!END

@!!BEGIN
@!!type:obligation
@!!id:5
@!!loc:65:40:65:47
@!!status:to be proved
@!!END

@!!BEGIN
@!!type:obligation
@!!id:6
@!!loc:66:30:66:37
@!!status:to be proved
@!!END

@!!BEGIN
@!!type:obligation
@!!id:7
@!!loc:72:3:72:5
@!!status:to be proved
@!!END

@!!BEGIN
@!!type:obligation
@!!id:8
@!!loc:72:6:72:13
@!!status:to be proved
@!!END

@!!BEGIN
@!!type:obligation
@!!id:9
@!!loc:72:15:72:30
@!!status:to be proved
@!!END

@!!BEGIN
@!!type:obligation
@!!id:10
@!!loc:93:13:93:15
@!!status:to be proved
@!!END

@!!BEGIN
@!!type:obligation
@!!id:11
@!!loc:93:16:93:20
@!!status:to be proved
@!!END

@!!BEGIN
@!!type:obligation
@!!id:12
@!!loc:86:20:86:22
@!!status:to be proved
@!!END

@!!BEGIN
@!!type:obligation
@!!id:13
@!!loc:92:15:92:17
@!!status:to be proved
@!!END

@!!BEGIN
@!!type:obligation
@!!id:14
@!!loc:92:18:92:22
@!!status:to be proved
@!!END

@!!BEGIN
@!!type:obligation
@!!id:15
@!!loc:92:24:92:28
@!!status:to be proved
@!!END

@!!BEGIN
@!!type:obligation
@!!id:16
@!!loc:90:9:90:11
@!!status:to be proved
@!!END

@!!BEGIN
@!!type:obligation
@!!id:17
@!!loc:91:19:91:21
@!!status:to be proved
@!!END

@!!BEGIN
@!!type:obligation
@!!id:18
@!!loc:91:22:91:27
@!!status:to be proved
@!!END

@!!BEGIN
@!!type:obligation
@!!id:19
@!!loc:106:3:106:5
@!!status:to be proved
@!!END

@!!BEGIN
@!!type:obligation
@!!id:20
@!!loc:106:6:106:16
@!!status:to be proved
@!!END

@!!BEGIN
@!!type:obligation
@!!id:21
@!!loc:118:3:118:5
@!!status:to be proved
@!!END

@!!BEGIN
@!!type:obligation
@!!id:22
@!!loc:118:6:118:20
@!!status:to be proved
@!!END

@!!BEGIN
@!!type:obligation
@!!id:23
@!!loc:129:3:129:5
@!!status:to be proved
@!!END

@!!BEGIN
@!!type:obligation
@!!id:24
@!!loc:137:13:137:15
@!!status:to be proved
@!!END

@!!BEGIN
@!!type:obligation
@!!id:25
@!!loc:137:16:137:20
@!!status:to be proved
@!!END

@!!BEGIN
@!!type:obligation
@!!id:26
@!!loc:137:22:137:26
@!!status:to be proved
@!!END

@!!BEGIN
@!!type:obligation
@!!id:27
@!!loc:133:7:133:14
@!!status:to be proved
@!!END

@!!BEGIN
@!!type:obligation
@!!id:28
@!!loc:134:17:134:19
@!!status:to be proved
@!!END

@!!BEGIN
@!!type:obligation
@!!id:29
@!!loc:134:20:134:25
@!!status:to be proved
@!!END

@!!BEGIN
@!!type:obligation
@!!id:30
@!!loc:136:7:136:14
@!!status:to be proved
@!!END

@!!BEGIN
@!!type:obligation
@!!id:31
@!!loc:149:13:149:15
@!!status:to be proved
@!!END

@!!BEGIN
@!!type:obligation
@!!id:32
@!!loc:149:16:149:20
@!!status:to be proved
@!!END

@!!BEGIN
@!!type:obligation
@!!id:33
@!!loc:142:7:142:9
@!!status:to be proved
@!!END

@!!BEGIN
@!!type:obligation
@!!id:34
@!!loc:148:15:148:17
@!!status:to be proved
@!!END

@!!BEGIN
@!!type:obligation
@!!id:35
@!!loc:148:18:148:22
@!!status:to be proved
@!!END

@!!BEGIN
@!!type:obligation
@!!id:36
@!!loc:146:9:146:16
@!!status:to be proved
@!!END

@!!BEGIN
@!!type:obligation
@!!id:37
@!!loc:147:19:147:21
@!!status:to be proved
@!!END

@!!BEGIN
@!!type:obligation
@!!id:38
@!!loc:178:13:178:15
@!!status:to be proved
@!!END

@!!BEGIN
@!!type:obligation
@!!id:39
@!!loc:178:16:178:20
@!!status:to be proved
@!!END

@!!BEGIN
@!!type:obligation
@!!id:40
@!!loc:178:22:178:26
@!!status:to be proved
@!!END

@!!BEGIN
@!!type:obligation
@!!id:41
@!!loc:161:15:161:17
@!!status:to be proved
@!!END

@!!BEGIN
@!!type:obligation
@!!id:42
@!!loc:161:18:161:22
@!!status:to be proved
@!!END

@!!BEGIN
@!!type:obligation
@!!id:43
@!!loc:161:24:161:28
@!!status:to be proved
@!!END

@!!BEGIN
@!!type:obligation
@!!id:44
@!!loc:161:30:161:34
@!!status:to be proved
@!!END

@!!BEGIN
@!!type:obligation
@!!id:45
@!!loc:156:24:156:26
@!!status:to be proved
@!!END

@!!BEGIN
@!!type:obligation
@!!id:46
@!!loc:156:27:156:31
@!!status:to be proved
@!!END

@!!BEGIN
@!!type:obligation
@!!id:47
@!!loc:156:33:156:44
@!!status:to be proved
@!!END

@!!BEGIN
@!!type:obligation
@!!id:48
@!!loc:160:17:160:19
@!!status:to be proved
@!!END

@!!BEGIN
@!!type:obligation
@!!id:49
@!!loc:160:20:160:24
@!!status:to be proved
@!!END

@!!BEGIN
@!!type:obligation
@!!id:50
@!!loc:160:26:160:30
@!!status:to be proved
@!!END

@!!BEGIN
@!!type:obligation
@!!id:51
@!!loc:160:32:160:44
@!!status:to be proved
@!!END

@!!BEGIN
@!!type:obligation
@!!id:52
@!!loc:158:43:158:45
@!!status:to be proved
@!!END

@!!BEGIN
@!!type:obligation
@!!id:53
@!!loc:158:46:158:50
@!!status:to be proved
@!!END

@!!BEGIN
@!!type:obligation
@!!id:54
@!!loc:159:21:159:23
@!!status:to be proved
@!!END

@!!BEGIN
@!!type:obligation
@!!id:55
@!!loc:159:24:159:33
@!!status:to be proved
@!!END

@!!BEGIN
@!!type:obligation
@!!id:56
@!!loc:177:15:177:17
@!!status:to be proved
@!!END

@!!BEGIN
@!!type:obligation
@!!id:57
@!!loc:177:18:177:22
@!!status:to be proved
@!!END

@!!BEGIN
@!!type:obligation
@!!id:58
@!!loc:166:26:166:28
@!!status:to be proved
@!!END

@!!BEGIN
@!!type:obligation
@!!id:59
@!!loc:166:29:166:38
@!!status:to be proved
@!!END

@!!BEGIN
@!!type:obligation
@!!id:60
@!!loc:167:25:167:27
@!!status:to be proved
@!!END

@!!BEGIN
@!!type:obligation
@!!id:61
@!!loc:167:28:167:39
@!!status:to be proved
@!!END

@!!BEGIN
@!!type:obligation
@!!id:62
@!!loc:167:41:167:45
@!!status:to be proved
@!!END

@!!BEGIN
@!!type:obligation
@!!id:63
@!!loc:175:17:175:19
@!!status:to be proved
@!!END

@!!BEGIN
@!!type:obligation
@!!id:64
@!!loc:175:20:175:24
@!!status:to be proved
@!!END

@!!BEGIN
@!!type:obligation
@!!id:65
@!!loc:175:26:175:30
@!!status:to be proved
@!!END

@!!BEGIN
@!!type:obligation
@!!id:66
@!!loc:171:11:171:13
@!!status:to be proved
@!!END

@!!BEGIN
@!!type:obligation
@!!id:67
@!!loc:172:25:172:27
@!!status:to be proved
@!!END

@!!BEGIN
@!!type:obligation
@!!id:68
@!!loc:173:25:173:27
@!!status:to be proved
@!!END

@!!BEGIN
@!!type:obligation
@!!id:69
@!!loc:173:28:173:32
@!!status:to be proved
@!!END

@!!BEGIN
@!!type:obligation
@!!id:70
@!!loc:173:34:173:43
@!!status:to be proved
@!!END

@!!BEGIN
@!!type:obligation
@!!id:71
@!!loc:173:45:173:57
@!!status:to be proved
@!!END

@!!BEGIN
@!!type:obligation
@!!id:72
@!!loc:174:19:174:21
@!!status:to be proved
@!!END

@!!BEGIN
@!!type:obligation
@!!id:73
@!!loc:174:22:174:26
@!!status:to be proved
@!!END

@!!BEGIN
@!!type:obligation
@!!id:74
@!!loc:174:28:174:32
@!!status:to be proved
@!!END

@!!BEGIN
@!!type:obligation
@!!id:75
@!!loc:176:19:176:21
@!!status:to be proved
@!!END

@!!BEGIN
@!!type:obligation
@!!id:76
@!!loc:176:22:176:26
@!!status:to be proved
@!!END

@!!BEGIN
@!!type:obligation
@!!id:77
@!!loc:176:28:176:32
@!!status:to be proved
@!!END

@!!BEGIN
@!!type:obligation
@!!id:78
@!!loc:176:34:176:38
@!!status:to be proved
@!!END

@!!BEGIN
@!!type:obligation
@!!id:79
@!!loc:176:40:176:44
@!!status:to be proved
@!!END

@!!BEGIN
@!!type:obligation
@!!id:80
@!!loc:195:13:195:15
@!!status:to be proved
@!!END

@!!BEGIN
@!!type:obligation
@!!id:81
@!!loc:195:16:195:27
@!!status:to be proved
@!!END

@!!BEGIN
@!!type:obligation
@!!id:82
@!!loc:195:29:195:33
@!!status:to be proved
@!!END

@!!BEGIN
@!!type:obligation
@!!id:83
@!!loc:194:7:194:9
@!!status:to be proved
@!!END

@!!BEGIN
@!!type:obligationsnumber
@!!count:83
@!!END

** Unexpanded symbols: ---

@!!BEGIN
@!!type:obligation
@!!id:2
@!!loc:67:16:67:20
@!!status:trivial
@!!prover:tlapm
@!!already:false
@!!END

@!!BEGIN
@!!type:obligation
@!!id:3
@!!loc:67:22:67:26
@!!status:trivial
@!!prover:tlapm
@!!already:false
@!!END

** Unexpanded symbols: ---

@!!BEGIN
@!!type:obligation
@!!id:5
@!!loc:65:40:65:47
@!!status:trivial
@!!prover:tlapm
@!!already:false
@!!END

** Unexpanded symbols: ---

** Unexpanded symbols: CONSTANT_Strip_, CONSTANT_Labelings_

@!!BEGIN
@!!type:obligation
@!!id:8
@!!loc:72:6:72:13
@!!status:trivial
@!!prover:tlapm
@!!already:false
@!!END

@!!BEGIN
@!!type:obligation
@!!id:9
@!!loc:72:15:72:30
@!!status:trivial
@!!prover:tlapm
@!!already:false
@!!END

** Unexpanded symbols: CONSTANT_Reach_

@!!BEGIN
@!!type:obligation
@!!id:11
@!!loc:93:16:93:20
@!!status:trivial
@!!prover:tlapm
@!!already:false
@!!END

** Unexpanded symbols: ---

** Unexpanded symbols: CONSTANT_Edge_

@!!BEGIN
@!!type:obligation
@!!id:14
@!!loc:92:18:92:22
@!!status:trivial
@!!prover:tlapm
@!!already:false
@!!END

@!!BEGIN
@!!type:obligation
@!!id:15
@!!loc:92:24:92:28
@!!status:trivial
@!!prover:tlapm
@!!already:false
@!!END

** Unexpanded symbols: CONSTANT_ClosedUnder_

** Unexpanded symbols: CONSTANT_ClosedUnder_

@!!BEGIN
@!!type:obligation
@!!id:18
@!!loc:91:22:91:27
@!!status:trivial
@!!prover:tlapm
@!!already:false
@!!END

** Unexpanded symbols: CONSTANT_LabelIndep_, CONSTANT_Strip_

@!!BEGIN
@!!type:obligation
@!!id:20
@!!loc:106:6:106:16
@!!status:trivial
@!!prover:tlapm
@!!already:false
@!!END

** Unexpanded symbols: CONSTANT_Sep_

@!!BEGIN
@!!type:obligation
@!!id:22
@!!loc:118:6:118:20
@!!status:trivial
@!!prover:tlapm
@!!already:false
@!!END

** Unexpanded symbols: CONSTANT_ClosedUnder_

** Unexpanded symbols: CONSTANT_ClosedUnder_

@!!BEGIN
@!!type:obligation
@!!id:25
@!!loc:137:16:137:20
@!!status:trivial
@!!prover:tlapm
@!!already:false
@!!END

@!!BEGIN
@!!type:obligation
@!!id:26
@!!loc:137:22:137:26
@!!status:trivial
@!!prover:tlapm
@!!already:false
@!!END

** Unexpanded symbols: CONSTANT_Reach_

** Unexpanded symbols: ---

@!!BEGIN
@!!type:obligation
@!!id:29
@!!loc:134:20:134:25
@!!status:trivial
@!!prover:tlapm
@!!already:false
@!!END

** Unexpanded symbols: CONSTANT_ClosedUnder_

@!!BEGIN
@!!type:obligation
@!!id:1
@!!loc:67:13:67:15
@!!status:proved
@!!prover:smt
@!!meth:time-limit: 5; time-used: 0.4 (8%)
@!!already:false
@!!END

** Unexpanded symbols: CONSTANT_ClosedUnder_, CONSTANT_Edge_

@!!BEGIN
@!!type:obligation
@!!id:4
@!!loc:65:37:65:39
@!!status:proved
@!!prover:smt
@!!meth:time-limit: 5; time-used: 0.1 (2%)
@!!already:false
@!!END

@!!BEGIN
@!!type:obligation
@!!id:32
@!!loc:149:16:149:20
@!!status:trivial
@!!prover:tlapm
@!!already:false
@!!END

** Unexpanded symbols: CONSTANT_Edge_, CONSTANT_Reach_

@!!BEGIN
@!!type:obligation
@!!id:7
@!!loc:72:3:72:5
@!!status:proved
@!!prover:smt
@!!meth:time-limit: 5; time-used: 0.1 (2%)
@!!already:false
@!!END

** Unexpanded symbols: CONSTANT_Edge_, CONSTANT_Reach_

@!!BEGIN
@!!type:obligation
@!!id:6
@!!loc:66:30:66:37
@!!status:proved
@!!prover:smt
@!!meth:time-limit: 5; time-used: 0.1 (2%)
@!!already:false
@!!END

@!!BEGIN
@!!type:obligation
@!!id:35
@!!loc:148:18:148:22
@!!status:trivial
@!!prover:tlapm
@!!already:false
@!!END

** Unexpanded symbols: CONSTANT_ClosedUnder_, CONSTANT_Edge_, CONSTANT_Reach_

@!!BEGIN
@!!type:obligation
@!!id:10
@!!loc:93:13:93:15
@!!status:proved
@!!prover:smt
@!!meth:time-limit: 5; time-used: 0.1 (3%)
@!!already:false
@!!END

** Unexpanded symbols: CONSTANT_ClosedUnder_, CONSTANT_Edge_

@!!BEGIN
@!!type:obligation
@!!id:16
@!!loc:90:9:90:11
@!!status:proved
@!!prover:smt
@!!meth:time-limit: 5; time-used: 0.1 (2%)
@!!already:false
@!!END

@!!BEGIN
@!!type:obligation
@!!id:12
@!!loc:86:20:86:22
@!!status:proved
@!!prover:smt
@!!meth:time-limit: 5; time-used: 0.1 (3%)
@!!already:false
@!!END

** Unexpanded symbols: CONSTANT_Edge_, CONSTANT_Reach_

@!!BEGIN
@!!type:obligation
@!!id:39
@!!loc:178:16:178:20
@!!status:trivial
@!!prover:tlapm
@!!already:false
@!!END

@!!BEGIN
@!!type:obligation
@!!id:40
@!!loc:178:22:178:26
@!!status:trivial
@!!prover:tlapm
@!!already:false
@!!END

** Unexpanded symbols: CONSTANT_Edge_, CONSTANT_Reach_

@!!BEGIN
@!!type:obligation
@!!id:17
@!!loc:91:19:91:21
@!!status:proved
@!!prover:smt
@!!meth:time-limit: 5; time-used: 0.1 (2%)
@!!already:false
@!!END

@!!BEGIN
@!!type:obligation
@!!id:42
@!!loc:161:18:161:22
@!!status:trivial
@!!prover:tlapm
@!!already:false
@!!END

@!!BEGIN
@!!type:obligation
@!!id:43
@!!loc:161:24:161:28
@!!status:trivial
@!!prover:tlapm
@!!already:false
@!!END

@!!BEGIN
@!!type:obligation
@!!id:44
@!!loc:161:30:161:34
@!!status:trivial
@!!prover:tlapm
@!!already:false
@!!END

** Unexpanded symbols: CONSTANT_Reach_

@!!BEGIN
@!!type:obligation
@!!id:13
@!!loc:92:15:92:17
@!!status:proved
@!!prover:smt
@!!meth:time-limit: 5; time-used: 0.1 (3%)
@!!already:false
@!!END

@!!BEGIN
@!!type:obligation
@!!id:46
@!!loc:156:27:156:31
@!!status:trivial
@!!prover:tlapm
@!!already:false
@!!END

@!!BEGIN
@!!type:obligation
@!!id:47
@!!loc:156:33:156:44
@!!status:trivial
@!!prover:tlapm
@!!already:false
@!!END

** Unexpanded symbols: CONSTANT_Edge_, CONSTANT_Reach_

@!!BEGIN
@!!type:obligation
@!!id:24
@!!loc:137:13:137:15
@!!status:proved
@!!prover:smt
@!!meth:time-limit: 5; time-used: 0.1 (2%)
@!!already:false
@!!END

@!!BEGIN
@!!type:obligation
@!!id:49
@!!loc:160:20:160:24
@!!status:trivial
@!!prover:tlapm
@!!already:false
@!!END

@!!BEGIN
@!!type:obligation
@!!id:50
@!!loc:160:26:160:30
@!!status:trivial
@!!prover:tlapm
@!!already:false
@!!END

@!!BEGIN
@!!type:obligation
@!!id:51
@!!loc:160:32:160:44
@!!status:trivial
@!!prover:tlapm
@!!already:false
@!!END

** Unexpanded symbols: CONSTANT_Edge_, CONSTANT_Reach_

@!!BEGIN
@!!type:obligation
@!!id:27
@!!loc:133:7:133:14
@!!status:proved
@!!prover:smt
@!!meth:time-limit: 5; time-used: 0.1 (3%)
@!!already:false
@!!END

@!!BEGIN
@!!type:obligation
@!!id:23
@!!loc:129:3:129:5
@!!status:proved
@!!prover:smt
@!!meth:time-limit: 5; time-used: 0.1 (3%)
@!!already:false
@!!END

@!!BEGIN
@!!type:obligation
@!!id:21
@!!loc:118:3:118:5
@!!status:proved
@!!prover:smt
@!!meth:time-limit: 5; time-used: 0.1 (3%)
@!!already:false
@!!END

@!!BEGIN
@!!type:obligation
@!!id:19
@!!loc:106:3:106:5
@!!status:proved
@!!prover:smt
@!!meth:time-limit: 5; time-used: 0.2 (3%)
@!!already:false
@!!END

@!!BEGIN
@!!type:obligation
@!!id:53
@!!loc:158:46:158:50
@!!status:trivial
@!!prover:tlapm
@!!already:false
@!!END

** Unexpanded symbols: CONSTANT_Reach_

@!!BEGIN
@!!type:obligation
@!!id:55
@!!loc:159:24:159:33
@!!status:trivial
@!!prover:tlapm
@!!already:false
@!!END

** Unexpanded symbols: CONSTANT_Reach_

@!!BEGIN
@!!type:obligation
@!!id:57
@!!loc:177:18:177:22
@!!status:trivial
@!!prover:tlapm
@!!already:false
@!!END

** Unexpanded symbols: CONSTANT_Reach_

@!!BEGIN
@!!type:obligation
@!!id:59
@!!loc:166:29:166:38
@!!status:trivial
@!!prover:tlapm
@!!already:false
@!!END

** Unexpanded symbols: CONSTANT_Edge_, CONSTANT_Reach_

@!!BEGIN
@!!type:obligation
@!!id:34
@!!loc:148:15:148:17
@!!status:proved
@!!prover:smt
@!!meth:time-limit: 5; time-used: 0.1 (2%)
@!!already:false
@!!END

@!!BEGIN
@!!type:obligation
@!!id:33
@!!loc:142:7:142:9
@!!status:proved
@!!prover:smt
@!!meth:time-limit: 5; time-used: 0.1 (3%)
@!!already:false
@!!END

@!!BEGIN
@!!type:obligation
@!!id:31
@!!loc:149:13:149:15
@!!status:proved
@!!prover:smt
@!!meth:time-limit: 5; time-used: 0.1 (3%)
@!!already:false
@!!END

@!!BEGIN
@!!type:obligation
@!!id:30
@!!loc:136:7:136:14
@!!status:proved
@!!prover:smt
@!!meth:time-limit: 5; time-used: 0.2 (3%)
@!!already:false
@!!END

@!!BEGIN
@!!type:obligation
@!!id:28
@!!loc:134:17:134:19
@!!status:proved
@!!prover:smt
@!!meth:time-limit: 5; time-used: 0.2 (3%)
@!!already:false
@!!END

@!!BEGIN
@!!type:obligation
@!!id:61
@!!loc:167:28:167:39
@!!status:trivial
@!!prover:tlapm
@!!already:false
@!!END

@!!BEGIN
@!!type:obligation
@!!id:62
@!!loc:167:41:167:45
@!!status:trivial
@!!prover:tlapm
@!!already:false
@!!END

** Unexpanded symbols: CONSTANT_Edge_, CONSTANT_Reach_

@!!BEGIN
@!!type:obligation
@!!id:64
@!!loc:175:20:175:24
@!!status:trivial
@!!prover:tlapm
@!!already:false
@!!END

@!!BEGIN
@!!type:obligation
@!!id:65
@!!loc:175:26:175:30
@!!status:trivial
@!!prover:tlapm
@!!already:false
@!!END

** Unexpanded symbols: CONSTANT_Edge_, CONSTANT_Reach_

** Unexpanded symbols: CONSTANT_Edge_, CONSTANT_Reach_

** Unexpanded symbols: CONSTANT_Edge_, CONSTANT_Reach_

@!!BEGIN
@!!type:obligation
@!!id:69
@!!loc:173:28:173:32
@!!status:trivial
@!!prover:tlapm
@!!already:false
@!!END

@!!BEGIN
@!!type:obligation
@!!id:70
@!!loc:173:34:173:43
@!!status:trivial
@!!prover:tlapm
@!!already:false
@!!END

@!!BEGIN
@!!type:obligation
@!!id:71
@!!loc:173:45:173:57
@!!status:trivial
@!!prover:tlapm
@!!already:false
@!!END

** Unexpanded symbols: CONSTANT_Edge_, CONSTANT_Reach_

@!!BEGIN
@!!type:obligation
@!!id:41
@!!loc:161:15:161:17
@!!status:proved
@!!prover:smt
@!!meth:time-limit: 5; time-used: 0.1 (2%)
@!!already:false
@!!END

@!!BEGIN
@!!type:obligation
@!!id:38
@!!loc:178:13:178:15
@!!status:proved
@!!prover:smt
@!!meth:time-limit: 5; time-used: 0.1 (3%)
@!!already:false
@!!END

@!!BEGIN
@!!type:obligation
@!!id:37
@!!loc:147:19:147:21
@!!status:proved
@!!prover:smt
@!!meth:time-limit: 5; time-used: 0.1 (3%)
@!!already:false
@!!END

@!!BEGIN
@!!type:obligation
@!!id:36
@!!loc:146:9:146:16
@!!status:proved
@!!prover:smt
@!!meth:time-limit: 5; time-used: 0.2 (3%)
@!!already:false
@!!END

@!!BEGIN
@!!type:obligation
@!!id:73
@!!loc:174:22:174:26
@!!status:trivial
@!!prover:tlapm
@!!already:false
@!!END

@!!BEGIN
@!!type:obligation
@!!id:74
@!!loc:174:28:174:32
@!!status:trivial
@!!prover:tlapm
@!!already:false
@!!END

** Unexpanded symbols: CONSTANT_ClosedUnder_, CONSTANT_Edge_

@!!BEGIN
@!!type:obligation
@!!id:76
@!!loc:176:22:176:26
@!!status:trivial
@!!prover:tlapm
@!!already:false
@!!END

@!!BEGIN
@!!type:obligation
@!!id:77
@!!loc:176:28:176:32
@!!status:trivial
@!!prover:tlapm
@!!already:false
@!!END

@!!BEGIN
@!!type:obligation
@!!id:78
@!!loc:176:34:176:38
@!!status:trivial
@!!prover:tlapm
@!!already:false
@!!END

@!!BEGIN
@!!type:obligation
@!!id:79
@!!loc:176:40:176:44
@!!status:trivial
@!!prover:tlapm
@!!already:false
@!!END

** Unexpanded symbols: CONSTANT_Edge_, CONSTANT_Reach_

@!!BEGIN
@!!type:obligation
@!!id:81
@!!loc:195:16:195:27
@!!status:trivial
@!!prover:tlapm
@!!already:false
@!!END

@!!BEGIN
@!!type:obligation
@!!id:82
@!!loc:195:29:195:33
@!!status:trivial
@!!prover:tlapm
@!!already:false
@!!END

** Unexpanded symbols: CONSTANT_Reach_

@!!BEGIN
@!!type:obligation
@!!id:54
@!!loc:159:21:159:23
@!!status:proved
@!!prover:smt
@!!meth:time-limit: 5; time-used: 0.1 (3%)
@!!already:false
@!!END

@!!BEGIN
@!!type:obligation
@!!id:52
@!!loc:158:43:158:45
@!!status:proved
@!!prover:smt
@!!meth:time-limit: 5; time-used: 0.1 (3%)
@!!already:false
@!!END

@!!BEGIN
@!!type:obligation
@!!id:48
@!!loc:160:17:160:19
@!!status:proved
@!!prover:smt
@!!meth:time-limit: 5; time-used: 0.1 (3%)
@!!already:false
@!!END

@!!BEGIN
@!!type:obligation
@!!id:45
@!!loc:156:24:156:26
@!!status:proved
@!!prover:smt
@!!meth:time-limit: 5; time-used: 0.2 (3%)
@!!already:false
@!!END

@!!BEGIN
@!!type:obligation
@!!id:56
@!!loc:177:15:177:17
@!!status:proved
@!!prover:smt
@!!meth:time-limit: 5; time-used: 0.1 (2%)
@!!already:false
@!!END

@!!BEGIN
@!!type:obligation
@!!id:58
@!!loc:166:26:166:28
@!!status:proved
@!!prover:smt
@!!meth:time-limit: 5; time-used: 0.1 (2%)
@!!already:false
@!!END

@!!BEGIN
@!!type:obligation
@!!id:63
@!!loc:175:17:175:19
@!!status:proved
@!!prover:smt
@!!meth:time-limit: 5; time-used: 0.1 (2%)
@!!already:false
@!!END

@!!BEGIN
@!!type:obligation
@!!id:60
@!!loc:167:25:167:27
@!!status:proved
@!!prover:smt
@!!meth:time-limit: 5; time-used: 0.1 (2%)
@!!already:false
@!!END

@!!BEGIN
@!!type:obligation
@!!id:67
@!!loc:172:25:172:27
@!!status:proved
@!!prover:smt
@!!meth:time-limit: 5; time-used: 0.1 (2%)
@!!already:false
@!!END

@!!BEGIN
@!!type:obligation
@!!id:66
@!!loc:171:11:171:13
@!!status:proved
@!!prover:smt
@!!meth:time-limit: 5; time-used: 0.1 (2%)
@!!already:false
@!!END

@!!BEGIN
@!!type:obligation
@!!id:68
@!!loc:173:25:173:27
@!!status:proved
@!!prover:smt
@!!meth:time-limit: 5; time-used: 0.1 (2%)
@!!already:false
@!!END

@!!BEGIN
@!!type:obligation
@!!id:72
@!!loc:174:19:174:21
@!!status:proved
@!!prover:smt
@!!meth:time-limit: 5; time-used: 0.1 (2%)
@!!already:false
@!!END

@!!BEGIN
@!!type:obligation
@!!id:83
@!!loc:194:7:194:9
@!!status:proved
@!!prover:smt
@!!meth:time-limit: 5; time-used: 0.1 (1%)
@!!already:false
@!!END

@!!BEGIN
@!!type:obligation
@!!id:75
@!!loc:176:19:176:21
@!!status:proved
@!!prover:smt
@!!meth:time-limit: 5; time-used: 0.1 (2%)
@!!already:false
@!!END

@!!BEGIN
@!!type:obligation
@!!id:80
@!!loc:195:13:195:15
@!!status:being proved
@!!prover:smt
@!!meth:time-limit: 5
@!!obl:
ASSUME NEW CONSTANT E,
       NEW CONSTANT L,
       NEW CONSTANT Bot,
       NEW CONSTANT Surfaces,
       NEW CONSTANT Mem(_),
       NEW CONSTANT Rel(_, _),
       NEW CONSTANT G,
       NEW CONSTANT lbl,
       NEW CONSTANT r \in E,
       ASSUME NEW CONSTANT r_1 \in E
       PROVE  r_1 \in Reach <=> r_1 \in G \/ (\E x \in Reach : Edge(x, r_1)) ,
       (\E x \in Reach : Edge(x, r))
       <=> (\E x \in Reach, S \in Surfaces : <<x, r>> \in Rel(S, lbl)) 
PROVE  r \notin Reach
       <=> r \notin G
           /\ (\A x \in Reach, S \in Surfaces : <<x, r>> \notin Rel(S, lbl))

@!!END

@!!BEGIN
@!!type:obligation
@!!id:80
@!!loc:195:13:195:15
@!!status:failed
@!!prover:smt
@!!meth:time-limit: 5; time-used: 5.0 (100%)
@!!reason:timeout
@!!already:false
@!!obl:
ASSUME NEW CONSTANT E,
       NEW CONSTANT L,
       NEW CONSTANT Bot,
       NEW CONSTANT Surfaces,
       NEW CONSTANT Mem(_),
       NEW CONSTANT Rel(_, _),
       NEW CONSTANT G,
       NEW CONSTANT lbl,
       NEW CONSTANT r \in E,
       ASSUME NEW CONSTANT r_1 \in E
       PROVE  r_1 \in Reach <=> r_1 \in G \/ (\E x \in Reach : Edge(x, r_1)) ,
       (\E x \in Reach : Edge(x, r))
       <=> (\E x \in Reach, S \in Surfaces : <<x, r>> \in Rel(S, lbl)) 
PROVE  r \notin Reach
       <=> r \notin G
           /\ (\A x \in Reach, S \in Surfaces : <<x, r>> \notin Rel(S, lbl))

@!!END

@!!BEGIN
@!!type:obligation
@!!id:80
@!!loc:195:13:195:15
@!!status:proved
@!!prover:zenon
@!!meth:time-limit: 10; time-used: 0.1 (1%)
@!!already:false
@!!END

(* created new ".tlacache/Notarization.tlaps/Notarization.thy" *)
(* fingerprints written in ".tlacache/Notarization.tlaps/fingerprints" *)
File "./Notarization.tla", line 1, character 1 to line 197, character 74:
[INFO]: All 83 obligations proved.
