(* fingerprints file ".tlacache/TLAPS.tlaps/fingerprints" removed *)
(* created new ".tlacache/TLAPS.tlaps/TLAPS.thy" *)
(* fingerprints written in ".tlacache/TLAPS.tlaps/fingerprints" *)
File "/home/morpheus/tlaps/lib/tlaps/TLAPS.tla", line 1, character 1 to line 362, character 77:
[INFO]: All 0 obligation proved.
(* fingerprints file ".tlacache/Notarization.tlaps/fingerprints" removed *)
(* created new ".tlacache/Notarization.tlaps/Notarization.thy" *)
(* fingerprints written in ".tlacache/Notarization.tlaps/fingerprints" *)
File "./Notarization.tla", line 1, character 1 to line 197, character 74:
[INFO]: All 0 obligation proved.
** Unexpanded symbols: CONSTANT_EdgeIn_

** Unexpanded symbols: ---

** Unexpanded symbols: CONSTANT_ClosedIn_

** Unexpanded symbols: CONSTANT_ClosedIn_

** Unexpanded symbols: CONSTANT_ClosedIn_

** Unexpanded symbols: CONSTANT_ClosedIn_

(* created new ".tlacache/Resilience.tlaps/Resilience.thy" *)
(* fingerprints written in ".tlacache/Resilience.tlaps/fingerprints" *)
File "./Resilience.tla", line 1, character 1 to line 46, character 76:
[INFO]: All 11 obligations proved.
