
\* TLAPM version 1.5.0
\* launched at 2026-08-14 20:13:26 with command line:
\* tlapm --cleanfp --toolbox 0 0 Synthesis.tla

(* fingerprints file ".tlacache/TLAPS.tlaps/fingerprints" removed *)
@!!BEGIN
@!!type:obligationsnumber
@!!count:0
@!!END

(* created new ".tlacache/TLAPS.tlaps/TLAPS.thy" *)
(* fingerprints written in ".tlacache/TLAPS.tlaps/fingerprints" *)
File "/tmp/tlaps/lib/tlaps/TLAPS.tla", line 1, character 1 to line 362, character 77:
[INFO]: All 0 obligation proved.
(* fingerprints file ".tlacache/Notarization.tlaps/fingerprints" removed *)
@!!BEGIN
@!!type:obligationsnumber
@!!count:0
@!!END

(* created new ".tlacache/Notarization.tlaps/Notarization.thy" *)
(* fingerprints written in ".tlacache/Notarization.tlaps/fingerprints" *)
File "./Notarization.tla", line 1, character 1 to line 199, character 74:
[INFO]: All 0 obligation proved.
(* fingerprints file ".tlacache/Antagonism.tlaps/fingerprints" removed *)
@!!BEGIN
@!!type:obligationsnumber
@!!count:0
@!!END

(* created new ".tlacache/Antagonism.tlaps/Antagonism.thy" *)
(* fingerprints written in ".tlacache/Antagonism.tlaps/fingerprints" *)
File "./Antagonism.tla", line 1, character 1 to line 178, character 76:
[INFO]: All 0 obligation proved.
@!!BEGIN
@!!type:obligation
@!!id:1
@!!loc:89:3:89:5
@!!status:to be proved
@!!END

@!!BEGIN
@!!type:obligation
@!!id:2
@!!loc:93:3:93:5
@!!status:to be proved
@!!END

@!!BEGIN
@!!type:obligation
@!!id:3
@!!loc:102:13:102:15
@!!status:to be proved
@!!END

@!!BEGIN
@!!type:obligation
@!!id:4
@!!loc:102:16:102:20
@!!status:to be proved
@!!END

@!!BEGIN
@!!type:obligation
@!!id:5
@!!loc:102:22:102:26
@!!status:to be proved
@!!END

@!!BEGIN
@!!type:obligation
@!!id:6
@!!loc:98:7:98:14
@!!status:to be proved
@!!END

@!!BEGIN
@!!type:obligation
@!!id:7
@!!loc:99:17:99:19
@!!status:to be proved
@!!END

@!!BEGIN
@!!type:obligation
@!!id:8
@!!loc:99:20:99:25
@!!status:to be proved
@!!END

@!!BEGIN
@!!type:obligation
@!!id:9
@!!loc:101:7:101:14
@!!status:to be proved
@!!END

@!!BEGIN
@!!type:obligation
@!!id:10
@!!loc:116:13:116:15
@!!status:to be proved
@!!END

@!!BEGIN
@!!type:obligation
@!!id:11
@!!loc:116:16:116:20
@!!status:to be proved
@!!END

@!!BEGIN
@!!type:obligation
@!!id:12
@!!loc:109:7:109:9
@!!status:to be proved
@!!END

@!!BEGIN
@!!type:obligation
@!!id:13
@!!loc:115:15:115:17
@!!status:to be proved
@!!END

@!!BEGIN
@!!type:obligation
@!!id:14
@!!loc:115:18:115:22
@!!status:to be proved
@!!END

@!!BEGIN
@!!type:obligation
@!!id:15
@!!loc:113:9:113:16
@!!status:to be proved
@!!END

@!!BEGIN
@!!type:obligation
@!!id:16
@!!loc:114:19:114:21
@!!status:to be proved
@!!END

@!!BEGIN
@!!type:obligation
@!!id:17
@!!loc:137:13:137:15
@!!status:to be proved
@!!END

@!!BEGIN
@!!type:obligation
@!!id:18
@!!loc:137:16:137:20
@!!status:to be proved
@!!END

@!!BEGIN
@!!type:obligation
@!!id:19
@!!loc:124:24:124:26
@!!status:to be proved
@!!END

@!!BEGIN
@!!type:obligation
@!!id:20
@!!loc:124:27:124:39
@!!status:to be proved
@!!END

@!!BEGIN
@!!type:obligation
@!!id:21
@!!loc:125:23:125:25
@!!status:to be proved
@!!END

@!!BEGIN
@!!type:obligation
@!!id:22
@!!loc:125:26:125:40
@!!status:to be proved
@!!END

@!!BEGIN
@!!type:obligation
@!!id:23
@!!loc:133:15:133:17
@!!status:to be proved
@!!END

@!!BEGIN
@!!type:obligation
@!!id:24
@!!loc:133:18:133:22
@!!status:to be proved
@!!END

@!!BEGIN
@!!type:obligation
@!!id:25
@!!loc:130:9:130:11
@!!status:to be proved
@!!END

@!!BEGIN
@!!type:obligation
@!!id:26
@!!loc:131:32:131:34
@!!status:to be proved
@!!END

@!!BEGIN
@!!type:obligation
@!!id:27
@!!loc:132:32:132:34
@!!status:to be proved
@!!END

@!!BEGIN
@!!type:obligation
@!!id:28
@!!loc:132:35:132:39
@!!status:to be proved
@!!END

@!!BEGIN
@!!type:obligation
@!!id:29
@!!loc:132:41:132:56
@!!status:to be proved
@!!END

@!!BEGIN
@!!type:obligation
@!!id:30
@!!loc:136:15:136:17
@!!status:to be proved
@!!END

@!!BEGIN
@!!type:obligation
@!!id:31
@!!loc:136:18:136:22
@!!status:to be proved
@!!END

@!!BEGIN
@!!type:obligation
@!!id:32
@!!loc:135:19:135:21
@!!status:to be proved
@!!END

@!!BEGIN
@!!type:obligation
@!!id:33
@!!loc:135:22:135:26
@!!status:to be proved
@!!END

@!!BEGIN
@!!type:obligation
@!!id:34
@!!loc:135:28:135:32
@!!status:to be proved
@!!END

@!!BEGIN
@!!type:obligation
@!!id:35
@!!loc:135:34:135:38
@!!status:to be proved
@!!END

@!!BEGIN
@!!type:obligation
@!!id:36
@!!loc:135:40:135:44
@!!status:to be proved
@!!END

@!!BEGIN
@!!type:obligation
@!!id:37
@!!loc:141:3:141:5
@!!status:to be proved
@!!END

@!!BEGIN
@!!type:obligation
@!!id:38
@!!loc:151:13:151:15
@!!status:to be proved
@!!END

@!!BEGIN
@!!type:obligation
@!!id:39
@!!loc:151:16:151:20
@!!status:to be proved
@!!END

@!!BEGIN
@!!type:obligation
@!!id:40
@!!loc:151:22:151:26
@!!status:to be proved
@!!END

@!!BEGIN
@!!type:obligation
@!!id:41
@!!loc:146:7:146:14
@!!status:to be proved
@!!END

@!!BEGIN
@!!type:obligation
@!!id:42
@!!loc:147:17:147:19
@!!status:to be proved
@!!END

@!!BEGIN
@!!type:obligation
@!!id:43
@!!loc:147:20:147:25
@!!status:to be proved
@!!END

@!!BEGIN
@!!type:obligation
@!!id:44
@!!loc:150:7:150:14
@!!status:to be proved
@!!END

@!!BEGIN
@!!type:obligation
@!!id:45
@!!loc:168:13:168:15
@!!status:to be proved
@!!END

@!!BEGIN
@!!type:obligation
@!!id:46
@!!loc:168:16:168:20
@!!status:to be proved
@!!END

@!!BEGIN
@!!type:obligation
@!!id:47
@!!loc:159:7:159:9
@!!status:to be proved
@!!END

@!!BEGIN
@!!type:obligation
@!!id:48
@!!loc:167:15:167:17
@!!status:to be proved
@!!END

@!!BEGIN
@!!type:obligation
@!!id:49
@!!loc:167:18:167:22
@!!status:to be proved
@!!END

@!!BEGIN
@!!type:obligation
@!!id:50
@!!loc:165:9:165:16
@!!status:to be proved
@!!END

@!!BEGIN
@!!type:obligation
@!!id:51
@!!loc:166:19:166:21
@!!status:to be proved
@!!END

@!!BEGIN
@!!type:obligation
@!!id:52
@!!loc:183:13:183:15
@!!status:to be proved
@!!END

@!!BEGIN
@!!type:obligation
@!!id:53
@!!loc:183:16:183:20
@!!status:to be proved
@!!END

@!!BEGIN
@!!type:obligation
@!!id:54
@!!loc:182:15:182:17
@!!status:to be proved
@!!END

@!!BEGIN
@!!type:obligation
@!!id:55
@!!loc:182:18:182:22
@!!status:to be proved
@!!END

@!!BEGIN
@!!type:obligation
@!!id:56
@!!loc:180:9:180:11
@!!status:to be proved
@!!END

@!!BEGIN
@!!type:obligation
@!!id:57
@!!loc:181:36:181:38
@!!status:to be proved
@!!END

@!!BEGIN
@!!type:obligation
@!!id:58
@!!loc:213:13:213:15
@!!status:to be proved
@!!END

@!!BEGIN
@!!type:obligation
@!!id:59
@!!loc:213:16:213:20
@!!status:to be proved
@!!END

@!!BEGIN
@!!type:obligation
@!!id:60
@!!loc:213:22:213:26
@!!status:to be proved
@!!END

@!!BEGIN
@!!type:obligation
@!!id:61
@!!loc:199:15:199:17
@!!status:to be proved
@!!END

@!!BEGIN
@!!type:obligation
@!!id:62
@!!loc:199:18:199:22
@!!status:to be proved
@!!END

@!!BEGIN
@!!type:obligation
@!!id:63
@!!loc:198:17:198:19
@!!status:to be proved
@!!END

@!!BEGIN
@!!type:obligation
@!!id:64
@!!loc:198:20:198:24
@!!status:to be proved
@!!END

@!!BEGIN
@!!type:obligation
@!!id:65
@!!loc:197:39:197:41
@!!status:to be proved
@!!END

@!!BEGIN
@!!type:obligation
@!!id:66
@!!loc:197:42:197:46
@!!status:to be proved
@!!END

@!!BEGIN
@!!type:obligation
@!!id:67
@!!loc:197:48:197:63
@!!status:to be proved
@!!END

@!!BEGIN
@!!type:obligation
@!!id:68
@!!loc:212:15:212:17
@!!status:to be proved
@!!END

@!!BEGIN
@!!type:obligation
@!!id:69
@!!loc:212:18:212:22
@!!status:to be proved
@!!END

@!!BEGIN
@!!type:obligation
@!!id:70
@!!loc:204:9:204:11
@!!status:to be proved
@!!END

@!!BEGIN
@!!type:obligation
@!!id:71
@!!loc:206:9:206:11
@!!status:to be proved
@!!END

@!!BEGIN
@!!type:obligation
@!!id:72
@!!loc:207:19:207:21
@!!status:to be proved
@!!END

@!!BEGIN
@!!type:obligation
@!!id:73
@!!loc:207:22:207:34
@!!status:to be proved
@!!END

@!!BEGIN
@!!type:obligation
@!!id:74
@!!loc:208:37:208:39
@!!status:to be proved
@!!END

@!!BEGIN
@!!type:obligation
@!!id:75
@!!loc:208:40:208:62
@!!status:to be proved
@!!END

@!!BEGIN
@!!type:obligation
@!!id:76
@!!loc:209:36:209:38
@!!status:to be proved
@!!END

@!!BEGIN
@!!type:obligation
@!!id:77
@!!loc:209:39:209:43
@!!status:to be proved
@!!END

@!!BEGIN
@!!type:obligation
@!!id:78
@!!loc:211:9:211:11
@!!status:to be proved
@!!END

@!!BEGIN
@!!type:obligation
@!!id:79
@!!loc:211:12:211:16
@!!status:to be proved
@!!END

@!!BEGIN
@!!type:obligation
@!!id:80
@!!loc:211:18:211:22
@!!status:to be proved
@!!END

@!!BEGIN
@!!type:obligation
@!!id:81
@!!loc:211:24:211:28
@!!status:to be proved
@!!END

@!!BEGIN
@!!type:obligation
@!!id:82
@!!loc:211:30:211:46
@!!status:to be proved
@!!END

@!!BEGIN
@!!type:obligation
@!!id:83
@!!loc:248:13:248:15
@!!status:to be proved
@!!END

@!!BEGIN
@!!type:obligation
@!!id:84
@!!loc:248:16:248:20
@!!status:to be proved
@!!END

@!!BEGIN
@!!type:obligation
@!!id:85
@!!loc:224:24:224:26
@!!status:to be proved
@!!END

@!!BEGIN
@!!type:obligation
@!!id:86
@!!loc:224:27:224:39
@!!status:to be proved
@!!END

@!!BEGIN
@!!type:obligation
@!!id:87
@!!loc:225:23:225:25
@!!status:to be proved
@!!END

@!!BEGIN
@!!type:obligation
@!!id:88
@!!loc:225:26:225:40
@!!status:to be proved
@!!END

@!!BEGIN
@!!type:obligation
@!!id:89
@!!loc:226:20:226:22
@!!status:to be proved
@!!END

@!!BEGIN
@!!type:obligation
@!!id:90
@!!loc:226:23:226:40
@!!status:to be proved
@!!END

@!!BEGIN
@!!type:obligation
@!!id:91
@!!loc:244:15:244:17
@!!status:to be proved
@!!END

@!!BEGIN
@!!type:obligation
@!!id:92
@!!loc:244:18:244:22
@!!status:to be proved
@!!END

@!!BEGIN
@!!type:obligation
@!!id:93
@!!loc:244:24:244:28
@!!status:to be proved
@!!END

@!!BEGIN
@!!type:obligation
@!!id:94
@!!loc:244:30:244:34
@!!status:to be proved
@!!END

@!!BEGIN
@!!type:obligation
@!!id:95
@!!loc:244:36:244:51
@!!status:to be proved
@!!END

@!!BEGIN
@!!type:obligation
@!!id:96
@!!loc:231:9:231:11
@!!status:to be proved
@!!END

@!!BEGIN
@!!type:obligation
@!!id:97
@!!loc:234:9:234:11
@!!status:to be proved
@!!END

@!!BEGIN
@!!type:obligation
@!!id:98
@!!loc:235:17:235:19
@!!status:to be proved
@!!END

@!!BEGIN
@!!type:obligation
@!!id:99
@!!loc:235:20:235:24
@!!status:to be proved
@!!END

@!!BEGIN
@!!type:obligation
@!!id:100
@!!loc:242:17:242:19
@!!status:to be proved
@!!END

@!!BEGIN
@!!type:obligation
@!!id:101
@!!loc:242:20:242:24
@!!status:to be proved
@!!END

@!!BEGIN
@!!type:obligation
@!!id:102
@!!loc:241:19:241:21
@!!status:to be proved
@!!END

@!!BEGIN
@!!type:obligation
@!!id:103
@!!loc:241:22:241:26
@!!status:to be proved
@!!END

@!!BEGIN
@!!type:obligation
@!!id:104
@!!loc:241:28:241:32
@!!status:to be proved
@!!END

@!!BEGIN
@!!type:obligation
@!!id:105
@!!loc:238:27:238:29
@!!status:to be proved
@!!END

@!!BEGIN
@!!type:obligation
@!!id:106
@!!loc:238:30:238:34
@!!status:to be proved
@!!END

@!!BEGIN
@!!type:obligation
@!!id:107
@!!loc:238:36:238:40
@!!status:to be proved
@!!END

@!!BEGIN
@!!type:obligation
@!!id:108
@!!loc:239:38:239:40
@!!status:to be proved
@!!END

@!!BEGIN
@!!type:obligation
@!!id:109
@!!loc:239:41:239:45
@!!status:to be proved
@!!END

@!!BEGIN
@!!type:obligation
@!!id:110
@!!loc:239:47:239:51
@!!status:to be proved
@!!END

@!!BEGIN
@!!type:obligation
@!!id:111
@!!loc:240:40:240:42
@!!status:to be proved
@!!END

@!!BEGIN
@!!type:obligation
@!!id:112
@!!loc:240:43:240:47
@!!status:to be proved
@!!END

@!!BEGIN
@!!type:obligation
@!!id:113
@!!loc:243:27:243:29
@!!status:to be proved
@!!END

@!!BEGIN
@!!type:obligation
@!!id:114
@!!loc:243:30:243:34
@!!status:to be proved
@!!END

@!!BEGIN
@!!type:obligation
@!!id:115
@!!loc:247:15:247:17
@!!status:to be proved
@!!END

@!!BEGIN
@!!type:obligation
@!!id:116
@!!loc:247:18:247:22
@!!status:to be proved
@!!END

@!!BEGIN
@!!type:obligation
@!!id:117
@!!loc:247:24:247:28
@!!status:to be proved
@!!END

@!!BEGIN
@!!type:obligation
@!!id:118
@!!loc:246:19:246:21
@!!status:to be proved
@!!END

@!!BEGIN
@!!type:obligation
@!!id:119
@!!loc:246:22:246:26
@!!status:to be proved
@!!END

@!!BEGIN
@!!type:obligation
@!!id:120
@!!loc:246:28:246:32
@!!status:to be proved
@!!END

@!!BEGIN
@!!type:obligation
@!!id:121
@!!loc:246:34:246:38
@!!status:to be proved
@!!END

@!!BEGIN
@!!type:obligation
@!!id:122
@!!loc:246:40:246:44
@!!status:to be proved
@!!END

@!!BEGIN
@!!type:obligation
@!!id:123
@!!loc:260:3:260:5
@!!status:to be proved
@!!END

@!!BEGIN
@!!type:obligation
@!!id:124
@!!loc:260:6:260:19
@!!status:to be proved
@!!END

@!!BEGIN
@!!type:obligation
@!!id:125
@!!loc:260:21:260:36
@!!status:to be proved
@!!END

@!!BEGIN
@!!type:obligation
@!!id:126
@!!loc:282:13:282:15
@!!status:to be proved
@!!END

@!!BEGIN
@!!type:obligation
@!!id:127
@!!loc:282:16:282:20
@!!status:to be proved
@!!END

@!!BEGIN
@!!type:obligation
@!!id:128
@!!loc:279:7:279:14
@!!status:to be proved
@!!END

@!!BEGIN
@!!type:obligation
@!!id:129
@!!loc:280:17:280:19
@!!status:to be proved
@!!END

@!!BEGIN
@!!type:obligation
@!!id:130
@!!loc:280:20:280:25
@!!status:to be proved
@!!END

@!!BEGIN
@!!type:obligation
@!!id:131
@!!loc:281:20:281:22
@!!status:to be proved
@!!END

@!!BEGIN
@!!type:obligation
@!!id:132
@!!loc:281:23:281:27
@!!status:to be proved
@!!END

@!!BEGIN
@!!type:obligation
@!!id:133
@!!loc:281:29:281:42
@!!status:to be proved
@!!END

@!!BEGIN
@!!type:obligation
@!!id:134
@!!loc:294:13:294:15
@!!status:to be proved
@!!END

@!!BEGIN
@!!type:obligation
@!!id:135
@!!loc:294:16:294:20
@!!status:to be proved
@!!END

@!!BEGIN
@!!type:obligation
@!!id:136
@!!loc:294:22:294:26
@!!status:to be proved
@!!END

@!!BEGIN
@!!type:obligation
@!!id:137
@!!loc:291:23:291:25
@!!status:to be proved
@!!END

@!!BEGIN
@!!type:obligation
@!!id:138
@!!loc:293:7:293:9
@!!status:to be proved
@!!END

@!!BEGIN
@!!type:obligation
@!!id:139
@!!loc:293:10:293:14
@!!status:to be proved
@!!END

@!!BEGIN
@!!type:obligation
@!!id:140
@!!loc:293:16:293:30
@!!status:to be proved
@!!END

@!!BEGIN
@!!type:obligation
@!!id:141
@!!loc:293:32:293:39
@!!status:to be proved
@!!END

@!!BEGIN
@!!type:obligation
@!!id:142
@!!loc:304:13:304:15
@!!status:to be proved
@!!END

@!!BEGIN
@!!type:obligation
@!!id:143
@!!loc:304:16:304:20
@!!status:to be proved
@!!END

@!!BEGIN
@!!type:obligation
@!!id:144
@!!loc:302:23:302:25
@!!status:to be proved
@!!END

@!!BEGIN
@!!type:obligation
@!!id:145
@!!loc:303:36:303:38
@!!status:to be proved
@!!END

@!!BEGIN
@!!type:obligation
@!!id:146
@!!loc:303:39:303:43
@!!status:to be proved
@!!END

@!!BEGIN
@!!type:obligation
@!!id:147
@!!loc:303:45:303:59
@!!status:to be proved
@!!END

@!!BEGIN
@!!type:obligation
@!!id:148
@!!loc:319:13:319:15
@!!status:to be proved
@!!END

@!!BEGIN
@!!type:obligation
@!!id:149
@!!loc:319:16:319:20
@!!status:to be proved
@!!END

@!!BEGIN
@!!type:obligation
@!!id:150
@!!loc:318:15:318:17
@!!status:to be proved
@!!END

@!!BEGIN
@!!type:obligation
@!!id:151
@!!loc:318:18:318:22
@!!status:to be proved
@!!END

@!!BEGIN
@!!type:obligation
@!!id:152
@!!loc:314:9:314:11
@!!status:to be proved
@!!END

@!!BEGIN
@!!type:obligation
@!!id:153
@!!loc:315:61:315:63
@!!status:to be proved
@!!END

@!!BEGIN
@!!type:obligation
@!!id:154
@!!loc:316:34:316:36
@!!status:to be proved
@!!END

@!!BEGIN
@!!type:obligation
@!!id:155
@!!loc:316:37:316:41
@!!status:to be proved
@!!END

@!!BEGIN
@!!type:obligation
@!!id:156
@!!loc:316:43:316:63
@!!status:to be proved
@!!END

@!!BEGIN
@!!type:obligation
@!!id:157
@!!loc:317:27:317:29
@!!status:to be proved
@!!END

@!!BEGIN
@!!type:obligation
@!!id:158
@!!loc:317:30:317:34
@!!status:to be proved
@!!END

@!!BEGIN
@!!type:obligation
@!!id:159
@!!loc:338:13:338:15
@!!status:to be proved
@!!END

@!!BEGIN
@!!type:obligation
@!!id:160
@!!loc:338:16:338:20
@!!status:to be proved
@!!END

@!!BEGIN
@!!type:obligation
@!!id:161
@!!loc:338:22:338:26
@!!status:to be proved
@!!END

@!!BEGIN
@!!type:obligation
@!!id:162
@!!loc:332:7:332:9
@!!status:to be proved
@!!END

@!!BEGIN
@!!type:obligation
@!!id:163
@!!loc:334:7:334:9
@!!status:to be proved
@!!END

@!!BEGIN
@!!type:obligation
@!!id:164
@!!loc:335:17:335:19
@!!status:to be proved
@!!END

@!!BEGIN
@!!type:obligation
@!!id:165
@!!loc:335:20:335:32
@!!status:to be proved
@!!END

@!!BEGIN
@!!type:obligation
@!!id:166
@!!loc:336:32:336:34
@!!status:to be proved
@!!END

@!!BEGIN
@!!type:obligation
@!!id:167
@!!loc:336:35:336:39
@!!status:to be proved
@!!END

@!!BEGIN
@!!type:obligation
@!!id:168
@!!loc:336:41:336:45
@!!status:to be proved
@!!END

@!!BEGIN
@!!type:obligation
@!!id:169
@!!loc:336:47:336:67
@!!status:to be proved
@!!END

@!!BEGIN
@!!type:obligation
@!!id:170
@!!loc:337:30:337:32
@!!status:to be proved
@!!END

@!!BEGIN
@!!type:obligation
@!!id:171
@!!loc:337:33:337:37
@!!status:to be proved
@!!END

@!!BEGIN
@!!type:obligation
@!!id:172
@!!loc:337:39:337:59
@!!status:to be proved
@!!END

@!!BEGIN
@!!type:obligation
@!!id:173
@!!loc:362:13:362:15
@!!status:to be proved
@!!END

@!!BEGIN
@!!type:obligation
@!!id:174
@!!loc:362:16:362:20
@!!status:to be proved
@!!END

@!!BEGIN
@!!type:obligation
@!!id:175
@!!loc:362:22:362:26
@!!status:to be proved
@!!END

@!!BEGIN
@!!type:obligation
@!!id:176
@!!loc:356:15:356:17
@!!status:to be proved
@!!END

@!!BEGIN
@!!type:obligation
@!!id:177
@!!loc:356:18:356:22
@!!status:to be proved
@!!END

@!!BEGIN
@!!type:obligation
@!!id:178
@!!loc:356:24:356:28
@!!status:to be proved
@!!END

@!!BEGIN
@!!type:obligation
@!!id:179
@!!loc:353:9:353:11
@!!status:to be proved
@!!END

@!!BEGIN
@!!type:obligation
@!!id:180
@!!loc:353:12:353:16
@!!status:to be proved
@!!END

@!!BEGIN
@!!type:obligation
@!!id:181
@!!loc:353:18:353:31
@!!status:to be proved
@!!END

@!!BEGIN
@!!type:obligation
@!!id:182
@!!loc:355:9:355:11
@!!status:to be proved
@!!END

@!!BEGIN
@!!type:obligation
@!!id:183
@!!loc:355:12:355:28
@!!status:to be proved
@!!END

@!!BEGIN
@!!type:obligation
@!!id:184
@!!loc:361:15:361:17
@!!status:to be proved
@!!END

@!!BEGIN
@!!type:obligation
@!!id:185
@!!loc:361:18:361:22
@!!status:to be proved
@!!END

@!!BEGIN
@!!type:obligation
@!!id:186
@!!loc:361:24:361:38
@!!status:to be proved
@!!END

@!!BEGIN
@!!type:obligation
@!!id:187
@!!loc:360:9:360:11
@!!status:to be proved
@!!END

@!!BEGIN
@!!type:obligation
@!!id:188
@!!loc:360:12:360:16
@!!status:to be proved
@!!END

@!!BEGIN
@!!type:obligation
@!!id:189
@!!loc:360:18:360:32
@!!status:to be proved
@!!END

@!!BEGIN
@!!type:obligation
@!!id:190
@!!loc:360:34:360:49
@!!status:to be proved
@!!END

@!!BEGIN
@!!type:obligation
@!!id:191
@!!loc:378:13:378:15
@!!status:to be proved
@!!END

@!!BEGIN
@!!type:obligation
@!!id:192
@!!loc:378:16:378:20
@!!status:to be proved
@!!END

@!!BEGIN
@!!type:obligation
@!!id:193
@!!loc:377:15:377:17
@!!status:to be proved
@!!END

@!!BEGIN
@!!type:obligation
@!!id:194
@!!loc:377:18:377:22
@!!status:to be proved
@!!END

@!!BEGIN
@!!type:obligation
@!!id:195
@!!loc:373:9:373:11
@!!status:to be proved
@!!END

@!!BEGIN
@!!type:obligation
@!!id:196
@!!loc:374:61:374:63
@!!status:to be proved
@!!END

@!!BEGIN
@!!type:obligation
@!!id:197
@!!loc:375:36:375:38
@!!status:to be proved
@!!END

@!!BEGIN
@!!type:obligation
@!!id:198
@!!loc:375:39:375:43
@!!status:to be proved
@!!END

@!!BEGIN
@!!type:obligation
@!!id:199
@!!loc:375:45:375:57
@!!status:to be proved
@!!END

@!!BEGIN
@!!type:obligation
@!!id:200
@!!loc:376:22:376:24
@!!status:to be proved
@!!END

@!!BEGIN
@!!type:obligation
@!!id:201
@!!loc:376:25:376:29
@!!status:to be proved
@!!END

@!!BEGIN
@!!type:obligation
@!!id:202
@!!loc:401:13:401:15
@!!status:to be proved
@!!END

@!!BEGIN
@!!type:obligation
@!!id:203
@!!loc:401:16:401:20
@!!status:to be proved
@!!END

@!!BEGIN
@!!type:obligation
@!!id:204
@!!loc:401:22:401:26
@!!status:to be proved
@!!END

@!!BEGIN
@!!type:obligation
@!!id:205
@!!loc:393:7:393:9
@!!status:to be proved
@!!END

@!!BEGIN
@!!type:obligation
@!!id:206
@!!loc:395:7:395:9
@!!status:to be proved
@!!END

@!!BEGIN
@!!type:obligation
@!!id:207
@!!loc:396:17:396:19
@!!status:to be proved
@!!END

@!!BEGIN
@!!type:obligation
@!!id:208
@!!loc:396:20:396:32
@!!status:to be proved
@!!END

@!!BEGIN
@!!type:obligation
@!!id:209
@!!loc:398:7:398:9
@!!status:to be proved
@!!END

@!!BEGIN
@!!type:obligation
@!!id:210
@!!loc:398:10:398:14
@!!status:to be proved
@!!END

@!!BEGIN
@!!type:obligation
@!!id:211
@!!loc:398:16:398:20
@!!status:to be proved
@!!END

@!!BEGIN
@!!type:obligation
@!!id:212
@!!loc:398:22:398:34
@!!status:to be proved
@!!END

@!!BEGIN
@!!type:obligation
@!!id:213
@!!loc:399:21:399:23
@!!status:to be proved
@!!END

@!!BEGIN
@!!type:obligation
@!!id:214
@!!loc:399:24:399:28
@!!status:to be proved
@!!END

@!!BEGIN
@!!type:obligation
@!!id:215
@!!loc:399:30:399:54
@!!status:to be proved
@!!END

@!!BEGIN
@!!type:obligation
@!!id:216
@!!loc:400:20:400:22
@!!status:to be proved
@!!END

@!!BEGIN
@!!type:obligation
@!!id:217
@!!loc:400:23:400:27
@!!status:to be proved
@!!END

@!!BEGIN
@!!type:obligation
@!!id:218
@!!loc:400:29:400:33
@!!status:to be proved
@!!END

@!!BEGIN
@!!type:obligation
@!!id:219
@!!loc:417:13:417:15
@!!status:to be proved
@!!END

@!!BEGIN
@!!type:obligation
@!!id:220
@!!loc:417:16:417:20
@!!status:to be proved
@!!END

@!!BEGIN
@!!type:obligation
@!!id:221
@!!loc:416:15:416:17
@!!status:to be proved
@!!END

@!!BEGIN
@!!type:obligation
@!!id:222
@!!loc:416:18:416:22
@!!status:to be proved
@!!END

@!!BEGIN
@!!type:obligation
@!!id:223
@!!loc:412:9:412:11
@!!status:to be proved
@!!END

@!!BEGIN
@!!type:obligation
@!!id:224
@!!loc:413:61:413:63
@!!status:to be proved
@!!END

@!!BEGIN
@!!type:obligation
@!!id:225
@!!loc:414:53:414:55
@!!status:to be proved
@!!END

@!!BEGIN
@!!type:obligation
@!!id:226
@!!loc:414:56:414:60
@!!status:to be proved
@!!END

@!!BEGIN
@!!type:obligation
@!!id:227
@!!loc:414:62:414:74
@!!status:to be proved
@!!END

@!!BEGIN
@!!type:obligation
@!!id:228
@!!loc:415:29:415:31
@!!status:to be proved
@!!END

@!!BEGIN
@!!type:obligation
@!!id:229
@!!loc:415:32:415:36
@!!status:to be proved
@!!END

@!!BEGIN
@!!type:obligation
@!!id:230
@!!loc:486:13:486:15
@!!status:to be proved
@!!END

@!!BEGIN
@!!type:obligation
@!!id:231
@!!loc:486:16:486:20
@!!status:to be proved
@!!END

@!!BEGIN
@!!type:obligation
@!!id:232
@!!loc:486:22:486:39
@!!status:to be proved
@!!END

@!!BEGIN
@!!type:obligation
@!!id:233
@!!loc:439:15:439:17
@!!status:to be proved
@!!END

@!!BEGIN
@!!type:obligation
@!!id:234
@!!loc:439:18:439:22
@!!status:to be proved
@!!END

@!!BEGIN
@!!type:obligation
@!!id:235
@!!loc:439:24:439:28
@!!status:to be proved
@!!END

@!!BEGIN
@!!type:obligation
@!!id:236
@!!loc:433:9:433:11
@!!status:to be proved
@!!END

@!!BEGIN
@!!type:obligation
@!!id:237
@!!loc:433:12:433:16
@!!status:to be proved
@!!END

@!!BEGIN
@!!type:obligation
@!!id:238
@!!loc:434:19:434:21
@!!status:to be proved
@!!END

@!!BEGIN
@!!type:obligation
@!!id:239
@!!loc:434:22:434:34
@!!status:to be proved
@!!END

@!!BEGIN
@!!type:obligation
@!!id:240
@!!loc:436:9:436:11
@!!status:to be proved
@!!END

@!!BEGIN
@!!type:obligation
@!!id:241
@!!loc:436:12:436:16
@!!status:to be proved
@!!END

@!!BEGIN
@!!type:obligation
@!!id:242
@!!loc:436:18:436:22
@!!status:to be proved
@!!END

@!!BEGIN
@!!type:obligation
@!!id:243
@!!loc:436:24:436:36
@!!status:to be proved
@!!END

@!!BEGIN
@!!type:obligation
@!!id:244
@!!loc:437:30:437:32
@!!status:to be proved
@!!END

@!!BEGIN
@!!type:obligation
@!!id:245
@!!loc:437:33:437:37
@!!status:to be proved
@!!END

@!!BEGIN
@!!type:obligation
@!!id:246
@!!loc:437:39:437:65
@!!status:to be proved
@!!END

@!!BEGIN
@!!type:obligation
@!!id:247
@!!loc:438:24:438:26
@!!status:to be proved
@!!END

@!!BEGIN
@!!type:obligation
@!!id:248
@!!loc:438:27:438:31
@!!status:to be proved
@!!END

@!!BEGIN
@!!type:obligation
@!!id:249
@!!loc:438:33:438:37
@!!status:to be proved
@!!END

@!!BEGIN
@!!type:obligation
@!!id:250
@!!loc:474:16:474:18
@!!status:to be proved
@!!END

@!!BEGIN
@!!type:obligation
@!!id:251
@!!loc:474:19:474:23
@!!status:to be proved
@!!END

@!!BEGIN
@!!type:obligation
@!!id:252
@!!loc:474:25:474:29
@!!status:to be proved
@!!END

@!!BEGIN
@!!type:obligation
@!!id:253
@!!loc:443:9:443:11
@!!status:to be proved
@!!END

@!!BEGIN
@!!type:obligation
@!!id:254
@!!loc:443:12:443:16
@!!status:to be proved
@!!END

@!!BEGIN
@!!type:obligation
@!!id:255
@!!loc:444:19:444:21
@!!status:to be proved
@!!END

@!!BEGIN
@!!type:obligation
@!!id:256
@!!loc:444:22:444:33
@!!status:to be proved
@!!END

@!!BEGIN
@!!type:obligation
@!!id:257
@!!loc:445:17:445:19
@!!status:to be proved
@!!END

@!!BEGIN
@!!type:obligation
@!!id:258
@!!loc:445:20:445:24
@!!status:to be proved
@!!END

@!!BEGIN
@!!type:obligation
@!!id:259
@!!loc:445:26:445:30
@!!status:to be proved
@!!END

@!!BEGIN
@!!type:obligation
@!!id:260
@!!loc:447:26:447:28
@!!status:to be proved
@!!END

@!!BEGIN
@!!type:obligation
@!!id:261
@!!loc:447:29:447:41
@!!status:to be proved
@!!END

@!!BEGIN
@!!type:obligation
@!!id:262
@!!loc:448:25:448:27
@!!status:to be proved
@!!END

@!!BEGIN
@!!type:obligation
@!!id:263
@!!loc:448:28:448:42
@!!status:to be proved
@!!END

@!!BEGIN
@!!type:obligation
@!!id:264
@!!loc:466:17:466:19
@!!status:to be proved
@!!END

@!!BEGIN
@!!type:obligation
@!!id:265
@!!loc:466:20:466:24
@!!status:to be proved
@!!END

@!!BEGIN
@!!type:obligation
@!!id:266
@!!loc:466:26:466:30
@!!status:to be proved
@!!END

@!!BEGIN
@!!type:obligation
@!!id:267
@!!loc:453:11:453:13
@!!status:to be proved
@!!END

@!!BEGIN
@!!type:obligation
@!!id:268
@!!loc:455:11:455:13
@!!status:to be proved
@!!END

@!!BEGIN
@!!type:obligation
@!!id:269
@!!loc:456:19:456:21
@!!status:to be proved
@!!END

@!!BEGIN
@!!type:obligation
@!!id:270
@!!loc:456:22:456:26
@!!status:to be proved
@!!END

@!!BEGIN
@!!type:obligation
@!!id:271
@!!loc:457:39:457:41
@!!status:to be proved
@!!END

@!!BEGIN
@!!type:obligation
@!!id:272
@!!loc:457:42:457:46
@!!status:to be proved
@!!END

@!!BEGIN
@!!type:obligation
@!!id:273
@!!loc:458:24:458:26
@!!status:to be proved
@!!END

@!!BEGIN
@!!type:obligation
@!!id:274
@!!loc:458:27:458:31
@!!status:to be proved
@!!END

@!!BEGIN
@!!type:obligation
@!!id:275
@!!loc:465:19:465:21
@!!status:to be proved
@!!END

@!!BEGIN
@!!type:obligation
@!!id:276
@!!loc:465:22:465:26
@!!status:to be proved
@!!END

@!!BEGIN
@!!type:obligation
@!!id:277
@!!loc:461:13:461:15
@!!status:to be proved
@!!END

@!!BEGIN
@!!type:obligation
@!!id:278
@!!loc:461:16:461:20
@!!status:to be proved
@!!END

@!!BEGIN
@!!type:obligation
@!!id:279
@!!loc:461:22:461:36
@!!status:to be proved
@!!END

@!!BEGIN
@!!type:obligation
@!!id:280
@!!loc:461:38:461:45
@!!status:to be proved
@!!END

@!!BEGIN
@!!type:obligation
@!!id:281
@!!loc:462:36:462:38
@!!status:to be proved
@!!END

@!!BEGIN
@!!type:obligation
@!!id:282
@!!loc:462:39:462:43
@!!status:to be proved
@!!END

@!!BEGIN
@!!type:obligation
@!!id:283
@!!loc:464:13:464:15
@!!status:to be proved
@!!END

@!!BEGIN
@!!type:obligation
@!!id:284
@!!loc:464:16:464:20
@!!status:to be proved
@!!END

@!!BEGIN
@!!type:obligation
@!!id:285
@!!loc:464:22:464:26
@!!status:to be proved
@!!END

@!!BEGIN
@!!type:obligation
@!!id:286
@!!loc:464:28:464:32
@!!status:to be proved
@!!END

@!!BEGIN
@!!type:obligation
@!!id:287
@!!loc:464:34:464:38
@!!status:to be proved
@!!END

@!!BEGIN
@!!type:obligation
@!!id:288
@!!loc:464:40:464:55
@!!status:to be proved
@!!END

@!!BEGIN
@!!type:obligation
@!!id:289
@!!loc:470:17:470:19
@!!status:to be proved
@!!END

@!!BEGIN
@!!type:obligation
@!!id:290
@!!loc:470:20:470:24
@!!status:to be proved
@!!END

@!!BEGIN
@!!type:obligation
@!!id:291
@!!loc:470:26:470:30
@!!status:to be proved
@!!END

@!!BEGIN
@!!type:obligation
@!!id:292
@!!loc:470:32:470:36
@!!status:to be proved
@!!END

@!!BEGIN
@!!type:obligation
@!!id:293
@!!loc:469:11:469:18
@!!status:to be proved
@!!END

@!!BEGIN
@!!type:obligation
@!!id:294
@!!loc:471:37:471:39
@!!status:to be proved
@!!END

@!!BEGIN
@!!type:obligation
@!!id:295
@!!loc:471:40:471:44
@!!status:to be proved
@!!END

@!!BEGIN
@!!type:obligation
@!!id:296
@!!loc:471:46:471:50
@!!status:to be proved
@!!END

@!!BEGIN
@!!type:obligation
@!!id:297
@!!loc:471:52:471:56
@!!status:to be proved
@!!END

@!!BEGIN
@!!type:obligation
@!!id:298
@!!loc:473:9:473:11
@!!status:to be proved
@!!END

@!!BEGIN
@!!type:obligation
@!!id:299
@!!loc:473:12:473:16
@!!status:to be proved
@!!END

@!!BEGIN
@!!type:obligation
@!!id:300
@!!loc:473:18:473:22
@!!status:to be proved
@!!END

@!!BEGIN
@!!type:obligation
@!!id:301
@!!loc:473:24:473:38
@!!status:to be proved
@!!END

@!!BEGIN
@!!type:obligation
@!!id:302
@!!loc:473:40:473:47
@!!status:to be proved
@!!END

@!!BEGIN
@!!type:obligation
@!!id:303
@!!loc:485:15:485:17
@!!status:to be proved
@!!END

@!!BEGIN
@!!type:obligation
@!!id:304
@!!loc:485:18:485:22
@!!status:to be proved
@!!END

@!!BEGIN
@!!type:obligation
@!!id:305
@!!loc:485:24:485:28
@!!status:to be proved
@!!END

@!!BEGIN
@!!type:obligation
@!!id:306
@!!loc:480:17:480:19
@!!status:to be proved
@!!END

@!!BEGIN
@!!type:obligation
@!!id:307
@!!loc:480:20:480:24
@!!status:to be proved
@!!END

@!!BEGIN
@!!type:obligation
@!!id:308
@!!loc:480:26:480:30
@!!status:to be proved
@!!END

@!!BEGIN
@!!type:obligation
@!!id:309
@!!loc:480:32:480:36
@!!status:to be proved
@!!END

@!!BEGIN
@!!type:obligation
@!!id:310
@!!loc:479:28:479:30
@!!status:to be proved
@!!END

@!!BEGIN
@!!type:obligation
@!!id:311
@!!loc:479:31:479:35
@!!status:to be proved
@!!END

@!!BEGIN
@!!type:obligation
@!!id:312
@!!loc:484:17:484:19
@!!status:to be proved
@!!END

@!!BEGIN
@!!type:obligation
@!!id:313
@!!loc:484:20:484:24
@!!status:to be proved
@!!END

@!!BEGIN
@!!type:obligation
@!!id:314
@!!loc:484:26:484:30
@!!status:to be proved
@!!END

@!!BEGIN
@!!type:obligation
@!!id:315
@!!loc:483:61:483:63
@!!status:to be proved
@!!END

@!!BEGIN
@!!type:obligation
@!!id:316
@!!loc:483:64:483:68
@!!status:to be proved
@!!END

@!!BEGIN
@!!type:obligation
@!!id:317
@!!loc:505:13:505:15
@!!status:to be proved
@!!END

@!!BEGIN
@!!type:obligation
@!!id:318
@!!loc:505:16:505:20
@!!status:to be proved
@!!END

@!!BEGIN
@!!type:obligation
@!!id:319
@!!loc:505:22:505:26
@!!status:to be proved
@!!END

@!!BEGIN
@!!type:obligation
@!!id:320
@!!loc:505:28:505:32
@!!status:to be proved
@!!END

@!!BEGIN
@!!type:obligation
@!!id:321
@!!loc:499:7:499:9
@!!status:to be proved
@!!END

@!!BEGIN
@!!type:obligation
@!!id:322
@!!loc:499:10:499:24
@!!status:to be proved
@!!END

@!!BEGIN
@!!type:obligation
@!!id:323
@!!loc:501:7:501:9
@!!status:to be proved
@!!END

@!!BEGIN
@!!type:obligation
@!!id:324
@!!loc:504:7:504:14
@!!status:to be proved
@!!END

@!!BEGIN
@!!type:obligationsnumber
@!!count:324
@!!END

** Unexpanded symbols: ---

** Unexpanded symbols: CONSTANT_ClosedExc_

** Unexpanded symbols: CONSTANT_ClosedExc_

@!!BEGIN
@!!type:obligation
@!!id:4
@!!loc:102:16:102:20
@!!status:trivial
@!!prover:tlapm
@!!already:false
@!!END

@!!BEGIN
@!!type:obligation
@!!id:5
@!!loc:102:22:102:26
@!!status:trivial
@!!prover:tlapm
@!!already:false
@!!END

** Unexpanded symbols: CONSTANT_ReachExc_

** Unexpanded symbols: ---

@!!BEGIN
@!!type:obligation
@!!id:8
@!!loc:99:20:99:25
@!!status:trivial
@!!prover:tlapm
@!!already:false
@!!END

** Unexpanded symbols: CONSTANT_ClosedExc_

** Unexpanded symbols: CONSTANT_EdgeAt_, CONSTANT_ClosedExc_

@!!BEGIN
@!!type:obligation
@!!id:11
@!!loc:116:16:116:20
@!!status:trivial
@!!prover:tlapm
@!!already:false
@!!END

** Unexpanded symbols: CONSTANT_ReachExc_, CONSTANT_EdgeAt_

** Unexpanded symbols: CONSTANT_ReachExc_, CONSTANT_EdgeAt_

@!!BEGIN
@!!type:obligation
@!!id:14
@!!loc:115:18:115:22
@!!status:trivial
@!!prover:tlapm
@!!already:false
@!!END

** Unexpanded symbols: CONSTANT_ReachExc_, CONSTANT_EdgeAt_, CONSTANT_ClosedExc_

** Unexpanded symbols: CONSTANT_EdgeAt_, CONSTANT_ClosedExc_

** Unexpanded symbols: CONSTANT_ReachExc_

@!!BEGIN
@!!type:obligation
@!!id:18
@!!loc:137:16:137:20
@!!status:trivial
@!!prover:tlapm
@!!already:false
@!!END

** Unexpanded symbols: CONSTANT_ReachExc_

@!!BEGIN
@!!type:obligation
@!!id:20
@!!loc:124:27:124:39
@!!status:trivial
@!!prover:tlapm
@!!already:false
@!!END

** Unexpanded symbols: CONSTANT_ReachExc_

@!!BEGIN
@!!type:obligation
@!!id:22
@!!loc:125:26:125:40
@!!status:trivial
@!!prover:tlapm
@!!already:false
@!!END

** Unexpanded symbols: CONSTANT_ReachExc_, CONSTANT_EdgeAt_

@!!BEGIN
@!!type:obligation
@!!id:24
@!!loc:133:18:133:22
@!!status:trivial
@!!prover:tlapm
@!!already:false
@!!END

** Unexpanded symbols: CONSTANT_ReachExc_, CONSTANT_EdgeAt_

@!!BEGIN
@!!type:obligation
@!!id:16
@!!loc:114:19:114:21
@!!status:proved
@!!prover:smt
@!!meth:time-limit: 5; time-used: 0.1 (2%)
@!!already:false
@!!END

@!!BEGIN
@!!type:obligation
@!!id:15
@!!loc:113:9:113:16
@!!status:proved
@!!prover:smt
@!!meth:time-limit: 5; time-used: 0.1 (3%)
@!!already:false
@!!END

@!!BEGIN
@!!type:obligation
@!!id:13
@!!loc:115:15:115:17
@!!status:proved
@!!prover:smt
@!!meth:time-limit: 5; time-used: 0.2 (3%)
@!!already:false
@!!END

@!!BEGIN
@!!type:obligation
@!!id:12
@!!loc:109:7:109:9
@!!status:proved
@!!prover:smt
@!!meth:time-limit: 5; time-used: 0.2 (4%)
@!!already:false
@!!END

@!!BEGIN
@!!type:obligation
@!!id:10
@!!loc:116:13:116:15
@!!status:proved
@!!prover:smt
@!!meth:time-limit: 5; time-used: 0.2 (4%)
@!!already:false
@!!END

@!!BEGIN
@!!type:obligation
@!!id:9
@!!loc:101:7:101:14
@!!status:proved
@!!prover:smt
@!!meth:time-limit: 5; time-used: 0.2 (5%)
@!!already:false
@!!END

@!!BEGIN
@!!type:obligation
@!!id:7
@!!loc:99:17:99:19
@!!status:proved
@!!prover:smt
@!!meth:time-limit: 5; time-used: 0.3 (5%)
@!!already:false
@!!END

@!!BEGIN
@!!type:obligation
@!!id:6
@!!loc:98:7:98:14
@!!status:proved
@!!prover:smt
@!!meth:time-limit: 5; time-used: 0.3 (5%)
@!!already:false
@!!END

@!!BEGIN
@!!type:obligation
@!!id:3
@!!loc:102:13:102:15
@!!status:proved
@!!prover:smt
@!!meth:time-limit: 5; time-used: 0.8 (17%)
@!!already:false
@!!END

@!!BEGIN
@!!type:obligation
@!!id:2
@!!loc:93:3:93:5
@!!status:proved
@!!prover:smt
@!!meth:time-limit: 5; time-used: 0.9 (17%)
@!!already:false
@!!END

@!!BEGIN
@!!type:obligation
@!!id:1
@!!loc:89:3:89:5
@!!status:proved
@!!prover:smt
@!!meth:time-limit: 5; time-used: 0.9 (17%)
@!!already:false
@!!END

** Unexpanded symbols: CONSTANT_ReachExc_, CONSTANT_EdgeAt_

** Unexpanded symbols: CONSTANT_ReachExc_, CONSTANT_EdgeAt_

@!!BEGIN
@!!type:obligation
@!!id:28
@!!loc:132:35:132:39
@!!status:trivial
@!!prover:tlapm
@!!already:false
@!!END

@!!BEGIN
@!!type:obligation
@!!id:29
@!!loc:132:41:132:56
@!!status:trivial
@!!prover:tlapm
@!!already:false
@!!END

** Unexpanded symbols: CONSTANT_ReachExc_

@!!BEGIN
@!!type:obligation
@!!id:31
@!!loc:136:18:136:22
@!!status:trivial
@!!prover:tlapm
@!!already:false
@!!END

** Unexpanded symbols: CONSTANT_ClosedExc_

@!!BEGIN
@!!type:obligation
@!!id:33
@!!loc:135:22:135:26
@!!status:trivial
@!!prover:tlapm
@!!already:false
@!!END

@!!BEGIN
@!!type:obligation
@!!id:34
@!!loc:135:28:135:32
@!!status:trivial
@!!prover:tlapm
@!!already:false
@!!END

@!!BEGIN
@!!type:obligation
@!!id:35
@!!loc:135:34:135:38
@!!status:trivial
@!!prover:tlapm
@!!already:false
@!!END

@!!BEGIN
@!!type:obligation
@!!id:36
@!!loc:135:40:135:44
@!!status:trivial
@!!prover:tlapm
@!!already:false
@!!END

** Unexpanded symbols: CONSTANT_ClosedExit_

** Unexpanded symbols: CONSTANT_ClosedExit_

@!!BEGIN
@!!type:obligation
@!!id:39
@!!loc:151:16:151:20
@!!status:trivial
@!!prover:tlapm
@!!already:false
@!!END

@!!BEGIN
@!!type:obligation
@!!id:40
@!!loc:151:22:151:26
@!!status:trivial
@!!prover:tlapm
@!!already:false
@!!END

** Unexpanded symbols: CONSTANT_ReachExit_

@!!BEGIN
@!!type:obligation
@!!id:42
@!!loc:147:17:147:19
@!!status:proved
@!!prover:smt
@!!meth:time-limit: 5
@!!already:true
@!!END

@!!BEGIN
@!!type:obligation
@!!id:43
@!!loc:147:20:147:25
@!!status:trivial
@!!prover:tlapm
@!!already:false
@!!END

** Unexpanded symbols: CONSTANT_ClosedExit_

** Unexpanded symbols: CONSTANT_ClosedExit_, CONSTANT_EdgeExit_

@!!BEGIN
@!!type:obligation
@!!id:46
@!!loc:168:16:168:20
@!!status:trivial
@!!prover:tlapm
@!!already:false
@!!END

** Unexpanded symbols: CONSTANT_EdgeExit_, CONSTANT_ReachExit_

** Unexpanded symbols: CONSTANT_EdgeExit_, CONSTANT_ReachExit_

@!!BEGIN
@!!type:obligation
@!!id:32
@!!loc:135:19:135:21
@!!status:proved
@!!prover:smt
@!!meth:time-limit: 5; time-used: 0.2 (3%)
@!!already:false
@!!END

@!!BEGIN
@!!type:obligation
@!!id:30
@!!loc:136:15:136:17
@!!status:proved
@!!prover:smt
@!!meth:time-limit: 5; time-used: 0.2 (4%)
@!!already:false
@!!END

@!!BEGIN
@!!type:obligation
@!!id:27
@!!loc:132:32:132:34
@!!status:proved
@!!prover:smt
@!!meth:time-limit: 5; time-used: 0.2 (5%)
@!!already:false
@!!END

@!!BEGIN
@!!type:obligation
@!!id:26
@!!loc:131:32:131:34
@!!status:proved
@!!prover:smt
@!!meth:time-limit: 5; time-used: 0.2 (5%)
@!!already:false
@!!END

@!!BEGIN
@!!type:obligation
@!!id:25
@!!loc:130:9:130:11
@!!status:proved
@!!prover:smt
@!!meth:time-limit: 5; time-used: 0.3 (5%)
@!!already:false
@!!END

@!!BEGIN
@!!type:obligation
@!!id:23
@!!loc:133:15:133:17
@!!status:proved
@!!prover:smt
@!!meth:time-limit: 5; time-used: 0.3 (6%)
@!!already:false
@!!END

@!!BEGIN
@!!type:obligation
@!!id:21
@!!loc:125:23:125:25
@!!status:proved
@!!prover:smt
@!!meth:time-limit: 5; time-used: 0.3 (6%)
@!!already:false
@!!END

@!!BEGIN
@!!type:obligation
@!!id:19
@!!loc:124:24:124:26
@!!status:proved
@!!prover:smt
@!!meth:time-limit: 5; time-used: 0.3 (7%)
@!!already:false
@!!END

@!!BEGIN
@!!type:obligation
@!!id:17
@!!loc:137:13:137:15
@!!status:proved
@!!prover:smt
@!!meth:time-limit: 5; time-used: 0.4 (7%)
@!!already:false
@!!END

@!!BEGIN
@!!type:obligation
@!!id:49
@!!loc:167:18:167:22
@!!status:trivial
@!!prover:tlapm
@!!already:false
@!!END

** Unexpanded symbols: CONSTANT_ClosedExit_, CONSTANT_EdgeExit_, CONSTANT_ReachExit_

** Unexpanded symbols: CONSTANT_ClosedExit_, CONSTANT_EdgeExit_

** Unexpanded symbols: CONSTANT_ClosedExit_, CONSTANT_ClosedExc_

@!!BEGIN
@!!type:obligation
@!!id:53
@!!loc:183:16:183:20
@!!status:trivial
@!!prover:tlapm
@!!already:false
@!!END

** Unexpanded symbols: CONSTANT_EdgeExit_, CONSTANT_EdgeAt_

@!!BEGIN
@!!type:obligation
@!!id:55
@!!loc:182:18:182:22
@!!status:trivial
@!!prover:tlapm
@!!already:false
@!!END

** Unexpanded symbols: CONSTANT_ClosedExit_, CONSTANT_EdgeAt_

** Unexpanded symbols: CONSTANT_ClosedExit_

** Unexpanded symbols: CONSTANT_HandlesMinus_, CONSTANT_SepAch_, CONSTANT_Labelings_

@!!BEGIN
@!!type:obligation
@!!id:59
@!!loc:213:16:213:20
@!!status:trivial
@!!prover:tlapm
@!!already:false
@!!END

@!!BEGIN
@!!type:obligation
@!!id:60
@!!loc:213:22:213:26
@!!status:trivial
@!!prover:tlapm
@!!already:false
@!!END

** Unexpanded symbols: CONSTANT_SepAch_, CONSTANT_Labelings_

@!!BEGIN
@!!type:obligation
@!!id:62
@!!loc:199:18:199:22
@!!status:trivial
@!!prover:tlapm
@!!already:false
@!!END

** Unexpanded symbols: CONSTANT_ReachExit_, CONSTANT_Labelings_

@!!BEGIN
@!!type:obligation
@!!id:51
@!!loc:166:19:166:21
@!!status:proved
@!!prover:smt
@!!meth:time-limit: 5; time-used: 0.1 (3%)
@!!already:false
@!!END

@!!BEGIN
@!!type:obligation
@!!id:50
@!!loc:165:9:165:16
@!!status:proved
@!!prover:smt
@!!meth:time-limit: 5; time-used: 0.2 (3%)
@!!already:false
@!!END

@!!BEGIN
@!!type:obligation
@!!id:48
@!!loc:167:15:167:17
@!!status:proved
@!!prover:smt
@!!meth:time-limit: 5; time-used: 0.2 (4%)
@!!already:false
@!!END

@!!BEGIN
@!!type:obligation
@!!id:47
@!!loc:159:7:159:9
@!!status:proved
@!!prover:smt
@!!meth:time-limit: 5; time-used: 0.2 (4%)
@!!already:false
@!!END

@!!BEGIN
@!!type:obligation
@!!id:45
@!!loc:168:13:168:15
@!!status:proved
@!!prover:smt
@!!meth:time-limit: 5; time-used: 0.2 (4%)
@!!already:false
@!!END

@!!BEGIN
@!!type:obligation
@!!id:44
@!!loc:150:7:150:14
@!!status:proved
@!!prover:smt
@!!meth:time-limit: 5; time-used: 0.2 (5%)
@!!already:false
@!!END

@!!BEGIN
@!!type:obligation
@!!id:41
@!!loc:146:7:146:14
@!!status:proved
@!!prover:smt
@!!meth:time-limit: 5; time-used: 0.3 (5%)
@!!already:false
@!!END

@!!BEGIN
@!!type:obligation
@!!id:38
@!!loc:151:13:151:15
@!!status:proved
@!!prover:smt
@!!meth:time-limit: 5; time-used: 0.3 (6%)
@!!already:false
@!!END

@!!BEGIN
@!!type:obligation
@!!id:37
@!!loc:141:3:141:5
@!!status:proved
@!!prover:smt
@!!meth:time-limit: 5; time-used: 0.3 (6%)
@!!already:false
@!!END

@!!BEGIN
@!!type:obligation
@!!id:64
@!!loc:198:20:198:24
@!!status:trivial
@!!prover:tlapm
@!!already:false
@!!END

** Unexpanded symbols: CONSTANT_SepAch_, CONSTANT_ReachExit_, CONSTANT_Labelings_

@!!BEGIN
@!!type:obligation
@!!id:66
@!!loc:197:42:197:46
@!!status:trivial
@!!prover:tlapm
@!!already:false
@!!END

@!!BEGIN
@!!type:obligation
@!!id:67
@!!loc:197:48:197:63
@!!status:trivial
@!!prover:tlapm
@!!already:false
@!!END

** Unexpanded symbols: CONSTANT_ReachExc_, CONSTANT_HandlesMinus_, CONSTANT_ReachExit_, CONSTANT_Labelings_

@!!BEGIN
@!!type:obligation
@!!id:69
@!!loc:212:18:212:22
@!!status:trivial
@!!prover:tlapm
@!!already:false
@!!END

** Unexpanded symbols: CONSTANT_ReachExc_, CONSTANT_SepAch_, CONSTANT_Labelings_

** Unexpanded symbols: CONSTANT_ReachExc_, CONSTANT_SepAch_, CONSTANT_Labelings_

** Unexpanded symbols: CONSTANT_ReachExc_, CONSTANT_HandlesMinus_, CONSTANT_SepAch_, CONSTANT_Labelings_

@!!BEGIN
@!!type:obligation
@!!id:73
@!!loc:207:22:207:34
@!!status:trivial
@!!prover:tlapm
@!!already:false
@!!END

** Unexpanded symbols: CONSTANT_ReachExc_, CONSTANT_HandlesMinus_, CONSTANT_SepAch_, CONSTANT_ReachExit_, CONSTANT_Labelings_

@!!BEGIN
@!!type:obligation
@!!id:75
@!!loc:208:40:208:62
@!!status:trivial
@!!prover:tlapm
@!!already:false
@!!END

** Unexpanded symbols: CONSTANT_ReachExc_, CONSTANT_HandlesMinus_, CONSTANT_SepAch_, CONSTANT_Labelings_

@!!BEGIN
@!!type:obligation
@!!id:77
@!!loc:209:39:209:43
@!!status:trivial
@!!prover:tlapm
@!!already:false
@!!END

** Unexpanded symbols: CONSTANT_ReachExc_, CONSTANT_HandlesMinus_, CONSTANT_EdgeExit_, CONSTANT_SepAch_, CONSTANT_ReachExit_, CONSTANT_Labelings_

@!!BEGIN
@!!type:obligation
@!!id:79
@!!loc:211:12:211:16
@!!status:trivial
@!!prover:tlapm
@!!already:false
@!!END

@!!BEGIN
@!!type:obligation
@!!id:80
@!!loc:211:18:211:22
@!!status:trivial
@!!prover:tlapm
@!!already:false
@!!END

@!!BEGIN
@!!type:obligation
@!!id:81
@!!loc:211:24:211:28
@!!status:trivial
@!!prover:tlapm
@!!already:false
@!!END

@!!BEGIN
@!!type:obligation
@!!id:82
@!!loc:211:30:211:46
@!!status:trivial
@!!prover:tlapm
@!!already:false
@!!END

** Unexpanded symbols: CONSTANT_HandlesMinus_, CONSTANT_ReachExit_, CONSTANT_Labelings_

@!!BEGIN
@!!type:obligation
@!!id:72
@!!loc:207:19:207:21
@!!status:proved
@!!prover:smt
@!!meth:time-limit: 5; time-used: 0.1 (3%)
@!!already:false
@!!END

@!!BEGIN
@!!type:obligation
@!!id:70
@!!loc:204:9:204:11
@!!status:proved
@!!prover:smt
@!!meth:time-limit: 5; time-used: 0.2 (3%)
@!!already:false
@!!END

@!!BEGIN
@!!type:obligation
@!!id:68
@!!loc:212:15:212:17
@!!status:proved
@!!prover:smt
@!!meth:time-limit: 5; time-used: 0.2 (4%)
@!!already:false
@!!END

@!!BEGIN
@!!type:obligation
@!!id:65
@!!loc:197:39:197:41
@!!status:proved
@!!prover:smt
@!!meth:time-limit: 5; time-used: 0.2 (5%)
@!!already:false
@!!END

@!!BEGIN
@!!type:obligation
@!!id:63
@!!loc:198:17:198:19
@!!status:proved
@!!prover:smt
@!!meth:time-limit: 5; time-used: 0.3 (5%)
@!!already:false
@!!END

@!!BEGIN
@!!type:obligation
@!!id:61
@!!loc:199:15:199:17
@!!status:proved
@!!prover:smt
@!!meth:time-limit: 5; time-used: 0.3 (6%)
@!!already:false
@!!END

@!!BEGIN
@!!type:obligation
@!!id:58
@!!loc:213:13:213:15
@!!status:proved
@!!prover:smt
@!!meth:time-limit: 5; time-used: 0.3 (6%)
@!!already:false
@!!END

@!!BEGIN
@!!type:obligation
@!!id:57
@!!loc:181:36:181:38
@!!status:proved
@!!prover:smt
@!!meth:time-limit: 5; time-used: 0.3 (6%)
@!!already:false
@!!END

@!!BEGIN
@!!type:obligation
@!!id:56
@!!loc:180:9:180:11
@!!status:proved
@!!prover:smt
@!!meth:time-limit: 5; time-used: 0.3 (7%)
@!!already:false
@!!END

@!!BEGIN
@!!type:obligation
@!!id:54
@!!loc:182:15:182:17
@!!status:proved
@!!prover:smt
@!!meth:time-limit: 5; time-used: 0.4 (7%)
@!!already:false
@!!END

@!!BEGIN
@!!type:obligation
@!!id:52
@!!loc:183:13:183:15
@!!status:proved
@!!prover:smt
@!!meth:time-limit: 5; time-used: 0.4 (8%)
@!!already:false
@!!END

@!!BEGIN
@!!type:obligation
@!!id:84
@!!loc:248:16:248:20
@!!status:trivial
@!!prover:tlapm
@!!already:false
@!!END

** Unexpanded symbols: CONSTANT_ReachExc_, CONSTANT_HandlesMinus_, CONSTANT_Labelings_

@!!BEGIN
@!!type:obligation
@!!id:86
@!!loc:224:27:224:39
@!!status:trivial
@!!prover:tlapm
@!!already:false
@!!END

** Unexpanded symbols: CONSTANT_ReachExc_, CONSTANT_HandlesMinus_, CONSTANT_Labelings_

@!!BEGIN
@!!type:obligation
@!!id:88
@!!loc:225:26:225:40
@!!status:trivial
@!!prover:tlapm
@!!already:false
@!!END

** Unexpanded symbols: CONSTANT_ReachExc_, CONSTANT_HandlesMinus_, CONSTANT_Labelings_

@!!BEGIN
@!!type:obligation
@!!id:90
@!!loc:226:23:226:40
@!!status:trivial
@!!prover:tlapm
@!!already:false
@!!END

** Unexpanded symbols: CONSTANT_ReachExc_, CONSTANT_HandlesMinus_, CONSTANT_EdgeExit_, CONSTANT_EdgeAt_, CONSTANT_Labelings_

@!!BEGIN
@!!type:obligation
@!!id:92
@!!loc:244:18:244:22
@!!status:trivial
@!!prover:tlapm
@!!already:false
@!!END

@!!BEGIN
@!!type:obligation
@!!id:93
@!!loc:244:24:244:28
@!!status:trivial
@!!prover:tlapm
@!!already:false
@!!END

@!!BEGIN
@!!type:obligation
@!!id:94
@!!loc:244:30:244:34
@!!status:trivial
@!!prover:tlapm
@!!already:false
@!!END

@!!BEGIN
@!!type:obligation
@!!id:95
@!!loc:244:36:244:51
@!!status:trivial
@!!prover:tlapm
@!!already:false
@!!END

** Unexpanded symbols: CONSTANT_ReachExc_, CONSTANT_HandlesMinus_, CONSTANT_EdgeExit_, CONSTANT_Labelings_

** Unexpanded symbols: CONSTANT_ReachExc_, CONSTANT_HandlesMinus_, CONSTANT_Labelings_

** Unexpanded symbols: CONSTANT_ReachExc_, CONSTANT_HandlesMinus_, CONSTANT_EdgeExit_, CONSTANT_Labelings_

@!!BEGIN
@!!type:obligation
@!!id:99
@!!loc:235:20:235:24
@!!status:trivial
@!!prover:tlapm
@!!already:false
@!!END

** Unexpanded symbols: CONSTANT_ReachExc_, CONSTANT_HandlesMinus_, CONSTANT_EdgeExit_, CONSTANT_Labelings_

@!!BEGIN
@!!type:obligation
@!!id:101
@!!loc:242:20:242:24
@!!status:trivial
@!!prover:tlapm
@!!already:false
@!!END

** Unexpanded symbols: CONSTANT_ReachExc_, CONSTANT_HandlesMinus_, CONSTANT_EdgeExit_, CONSTANT_Labelings_

@!!BEGIN
@!!type:obligation
@!!id:103
@!!loc:241:22:241:26
@!!status:trivial
@!!prover:tlapm
@!!already:false
@!!END

@!!BEGIN
@!!type:obligation
@!!id:104
@!!loc:241:28:241:32
@!!status:trivial
@!!prover:tlapm
@!!already:false
@!!END

** Unexpanded symbols: CONSTANT_ReachExc_, CONSTANT_HandlesMinus_, CONSTANT_EdgeExit_, CONSTANT_Labelings_

@!!BEGIN
@!!type:obligation
@!!id:106
@!!loc:238:30:238:34
@!!status:trivial
@!!prover:tlapm
@!!already:false
@!!END

@!!BEGIN
@!!type:obligation
@!!id:107
@!!loc:238:36:238:40
@!!status:trivial
@!!prover:tlapm
@!!already:false
@!!END

** Unexpanded symbols: CONSTANT_ReachExc_, CONSTANT_HandlesMinus_, CONSTANT_EdgeExit_, CONSTANT_Labelings_

@!!BEGIN
@!!type:obligation
@!!id:98
@!!loc:235:17:235:19
@!!status:proved
@!!prover:smt
@!!meth:time-limit: 5; time-used: 0.1 (3%)
@!!already:false
@!!END

@!!BEGIN
@!!type:obligation
@!!id:97
@!!loc:234:9:234:11
@!!status:proved
@!!prover:smt
@!!meth:time-limit: 5; time-used: 0.2 (3%)
@!!already:false
@!!END

@!!BEGIN
@!!type:obligation
@!!id:96
@!!loc:231:9:231:11
@!!status:proved
@!!prover:smt
@!!meth:time-limit: 5; time-used: 0.2 (4%)
@!!already:false
@!!END

@!!BEGIN
@!!type:obligation
@!!id:91
@!!loc:244:15:244:17
@!!status:proved
@!!prover:smt
@!!meth:time-limit: 5; time-used: 0.2 (5%)
@!!already:false
@!!END

@!!BEGIN
@!!type:obligation
@!!id:89
@!!loc:226:20:226:22
@!!status:proved
@!!prover:smt
@!!meth:time-limit: 5; time-used: 0.3 (6%)
@!!already:false
@!!END

@!!BEGIN
@!!type:obligation
@!!id:87
@!!loc:225:23:225:25
@!!status:proved
@!!prover:smt
@!!meth:time-limit: 5; time-used: 0.3 (6%)
@!!already:false
@!!END

@!!BEGIN
@!!type:obligation
@!!id:85
@!!loc:224:24:224:26
@!!status:proved
@!!prover:smt
@!!meth:time-limit: 5; time-used: 0.3 (7%)
@!!already:false
@!!END

@!!BEGIN
@!!type:obligation
@!!id:83
@!!loc:248:13:248:15
@!!status:proved
@!!prover:smt
@!!meth:time-limit: 5; time-used: 0.4 (7%)
@!!already:false
@!!END

@!!BEGIN
@!!type:obligation
@!!id:78
@!!loc:211:9:211:11
@!!status:proved
@!!prover:smt
@!!meth:time-limit: 5; time-used: 0.4 (8%)
@!!already:false
@!!END

@!!BEGIN
@!!type:obligation
@!!id:76
@!!loc:209:36:209:38
@!!status:proved
@!!prover:smt
@!!meth:time-limit: 5; time-used: 0.5 (9%)
@!!already:false
@!!END

@!!BEGIN
@!!type:obligation
@!!id:74
@!!loc:208:37:208:39
@!!status:proved
@!!prover:smt
@!!meth:time-limit: 5; time-used: 0.5 (10%)
@!!already:false
@!!END

@!!BEGIN
@!!type:obligation
@!!id:71
@!!loc:206:9:206:11
@!!status:proved
@!!prover:smt
@!!meth:time-limit: 5; time-used: 0.5 (11%)
@!!already:false
@!!END

@!!BEGIN
@!!type:obligation
@!!id:109
@!!loc:239:41:239:45
@!!status:trivial
@!!prover:tlapm
@!!already:false
@!!END

@!!BEGIN
@!!type:obligation
@!!id:110
@!!loc:239:47:239:51
@!!status:trivial
@!!prover:tlapm
@!!already:false
@!!END

** Unexpanded symbols: CONSTANT_ReachExc_, CONSTANT_EdgeExit_, CONSTANT_Labelings_

@!!BEGIN
@!!type:obligation
@!!id:112
@!!loc:240:43:240:47
@!!status:trivial
@!!prover:tlapm
@!!already:false
@!!END

** Unexpanded symbols: CONSTANT_ReachExc_, CONSTANT_HandlesMinus_, CONSTANT_EdgeExit_, CONSTANT_Labelings_

@!!BEGIN
@!!type:obligation
@!!id:114
@!!loc:243:30:243:34
@!!status:trivial
@!!prover:tlapm
@!!already:false
@!!END

** Unexpanded symbols: CONSTANT_ReachExc_, CONSTANT_HandlesMinus_, CONSTANT_Labelings_

@!!BEGIN
@!!type:obligation
@!!id:116
@!!loc:247:18:247:22
@!!status:trivial
@!!prover:tlapm
@!!already:false
@!!END

@!!BEGIN
@!!type:obligation
@!!id:117
@!!loc:247:24:247:28
@!!status:trivial
@!!prover:tlapm
@!!already:false
@!!END

** Unexpanded symbols: CONSTANT_ReachExc_, CONSTANT_HandlesMinus_, CONSTANT_ClosedExit_, CONSTANT_Labelings_

@!!BEGIN
@!!type:obligation
@!!id:119
@!!loc:246:22:246:26
@!!status:trivial
@!!prover:tlapm
@!!already:false
@!!END

@!!BEGIN
@!!type:obligation
@!!id:120
@!!loc:246:28:246:32
@!!status:trivial
@!!prover:tlapm
@!!already:false
@!!END

@!!BEGIN
@!!type:obligation
@!!id:121
@!!loc:246:34:246:38
@!!status:trivial
@!!prover:tlapm
@!!already:false
@!!END

@!!BEGIN
@!!type:obligation
@!!id:122
@!!loc:246:40:246:44
@!!status:trivial
@!!prover:tlapm
@!!already:false
@!!END

** Unexpanded symbols: CONSTANT_HandlesMinus_, CONSTANT_SepAch_, CONSTANT_Labelings_

@!!BEGIN
@!!type:obligation
@!!id:124
@!!loc:260:6:260:19
@!!status:trivial
@!!prover:tlapm
@!!already:false
@!!END

@!!BEGIN
@!!type:obligation
@!!id:125
@!!loc:260:21:260:36
@!!status:trivial
@!!prover:tlapm
@!!already:false
@!!END

** Unexpanded symbols: CONSTANT_SepAch_, CONSTANT_Labelings_

@!!BEGIN
@!!type:obligation
@!!id:127
@!!loc:282:16:282:20
@!!status:trivial
@!!prover:tlapm
@!!already:false
@!!END

** Unexpanded symbols: CONSTANT_SepAch_, CONSTANT_Labelings_

** Unexpanded symbols: CONSTANT_SepAch_, CONSTANT_Labelings_

@!!BEGIN
@!!type:obligation
@!!id:130
@!!loc:280:20:280:25
@!!status:trivial
@!!prover:tlapm
@!!already:false
@!!END

** Unexpanded symbols: CONSTANT_HandlesMinus_, CONSTANT_SepAch_, CONSTANT_Labelings_

@!!BEGIN
@!!type:obligation
@!!id:132
@!!loc:281:23:281:27
@!!status:trivial
@!!prover:tlapm
@!!already:false
@!!END

@!!BEGIN
@!!type:obligation
@!!id:133
@!!loc:281:29:281:42
@!!status:trivial
@!!prover:tlapm
@!!already:false
@!!END

** Unexpanded symbols: CONSTANT_Dichotomy_, CONSTANT_LabelIndep_, CONSTANT_AllBot_

@!!BEGIN
@!!type:obligation
@!!id:135
@!!loc:294:16:294:20
@!!status:trivial
@!!prover:tlapm
@!!already:false
@!!END

@!!BEGIN
@!!type:obligation
@!!id:136
@!!loc:294:22:294:26
@!!status:trivial
@!!prover:tlapm
@!!already:false
@!!END

** Unexpanded symbols: CONSTANT_LabelIndep_, CONSTANT_AllBot_

** Unexpanded symbols: CONSTANT_Dichotomy_, CONSTANT_AllBot_, CONSTANT_Labelings_

@!!BEGIN
@!!type:obligation
@!!id:131
@!!loc:281:20:281:22
@!!status:proved
@!!prover:smt
@!!meth:time-limit: 5; time-used: 0.1 (2%)
@!!already:false
@!!END

@!!BEGIN
@!!type:obligation
@!!id:129
@!!loc:280:17:280:19
@!!status:proved
@!!prover:smt
@!!meth:time-limit: 5; time-used: 0.1 (3%)
@!!already:false
@!!END

@!!BEGIN
@!!type:obligation
@!!id:128
@!!loc:279:7:279:14
@!!status:proved
@!!prover:smt
@!!meth:time-limit: 5; time-used: 0.1 (3%)
@!!already:false
@!!END

@!!BEGIN
@!!type:obligation
@!!id:126
@!!loc:282:13:282:15
@!!status:proved
@!!prover:smt
@!!meth:time-limit: 5; time-used: 0.2 (3%)
@!!already:false
@!!END

@!!BEGIN
@!!type:obligation
@!!id:123
@!!loc:260:3:260:5
@!!status:proved
@!!prover:smt
@!!meth:time-limit: 5; time-used: 0.2 (4%)
@!!already:false
@!!END

@!!BEGIN
@!!type:obligation
@!!id:118
@!!loc:246:19:246:21
@!!status:proved
@!!prover:smt
@!!meth:time-limit: 5; time-used: 0.3 (5%)
@!!already:false
@!!END

@!!BEGIN
@!!type:obligation
@!!id:115
@!!loc:247:15:247:17
@!!status:proved
@!!prover:smt
@!!meth:time-limit: 5; time-used: 0.3 (6%)
@!!already:false
@!!END

@!!BEGIN
@!!type:obligation
@!!id:113
@!!loc:243:27:243:29
@!!status:proved
@!!prover:smt
@!!meth:time-limit: 5; time-used: 0.3 (6%)
@!!already:false
@!!END

@!!BEGIN
@!!type:obligation
@!!id:111
@!!loc:240:40:240:42
@!!status:proved
@!!prover:smt
@!!meth:time-limit: 5; time-used: 0.4 (7%)
@!!already:false
@!!END

@!!BEGIN
@!!type:obligation
@!!id:108
@!!loc:239:38:239:40
@!!status:proved
@!!prover:smt
@!!meth:time-limit: 5; time-used: 0.4 (8%)
@!!already:false
@!!END

@!!BEGIN
@!!type:obligation
@!!id:105
@!!loc:238:27:238:29
@!!status:proved
@!!prover:smt
@!!meth:time-limit: 5; time-used: 0.5 (9%)
@!!already:false
@!!END

@!!BEGIN
@!!type:obligation
@!!id:102
@!!loc:241:19:241:21
@!!status:proved
@!!prover:smt
@!!meth:time-limit: 5; time-used: 0.5 (10%)
@!!already:false
@!!END

@!!BEGIN
@!!type:obligation
@!!id:100
@!!loc:242:17:242:19
@!!status:proved
@!!prover:smt
@!!meth:time-limit: 5; time-used: 0.5 (10%)
@!!already:false
@!!END

@!!BEGIN
@!!type:obligation
@!!id:139
@!!loc:293:10:293:14
@!!status:trivial
@!!prover:tlapm
@!!already:false
@!!END

@!!BEGIN
@!!type:obligation
@!!id:140
@!!loc:293:16:293:30
@!!status:trivial
@!!prover:tlapm
@!!already:false
@!!END

@!!BEGIN
@!!type:obligation
@!!id:141
@!!loc:293:32:293:39
@!!status:trivial
@!!prover:tlapm
@!!already:false
@!!END

** Unexpanded symbols: CONSTANT_Dichotomy_, CONSTANT_AllBot_, CONSTANT_Labelings_

@!!BEGIN
@!!type:obligation
@!!id:143
@!!loc:304:16:304:20
@!!status:trivial
@!!prover:tlapm
@!!already:false
@!!END

** Unexpanded symbols: CONSTANT_LabelIndep_, CONSTANT_AllBot_, CONSTANT_Labelings_

** Unexpanded symbols: CONSTANT_Dichotomy_, CONSTANT_AllBot_, CONSTANT_Labelings_

@!!BEGIN
@!!type:obligation
@!!id:146
@!!loc:303:39:303:43
@!!status:trivial
@!!prover:tlapm
@!!already:false
@!!END

@!!BEGIN
@!!type:obligation
@!!id:147
@!!loc:303:45:303:59
@!!status:trivial
@!!prover:tlapm
@!!already:false
@!!END

** Unexpanded symbols: CONSTANT_Dichotomy_, CONSTANT_AllBot_, CONSTANT_Labelings_, CONSTANT_ClosedExc_

@!!BEGIN
@!!type:obligation
@!!id:149
@!!loc:319:16:319:20
@!!status:trivial
@!!prover:tlapm
@!!already:false
@!!END

** Unexpanded symbols: CONSTANT_Dichotomy_, CONSTANT_AllBot_, CONSTANT_EdgeAt_, CONSTANT_Labelings_

@!!BEGIN
@!!type:obligation
@!!id:151
@!!loc:318:18:318:22
@!!status:trivial
@!!prover:tlapm
@!!already:false
@!!END

** Unexpanded symbols: CONSTANT_Dichotomy_, CONSTANT_AllBot_, CONSTANT_EdgeAt_, CONSTANT_Labelings_

** Unexpanded symbols: CONSTANT_Dichotomy_, CONSTANT_AllBot_, CONSTANT_Labelings_, CONSTANT_ClosedExc_

** Unexpanded symbols: CONSTANT_Dichotomy_, CONSTANT_AllBot_, CONSTANT_EdgeAt_, CONSTANT_Labelings_, CONSTANT_ClosedExc_

@!!BEGIN
@!!type:obligation
@!!id:155
@!!loc:316:37:316:41
@!!status:trivial
@!!prover:tlapm
@!!already:false
@!!END

@!!BEGIN
@!!type:obligation
@!!id:156
@!!loc:316:43:316:63
@!!status:trivial
@!!prover:tlapm
@!!already:false
@!!END

** Unexpanded symbols: CONSTANT_Dichotomy_, CONSTANT_AllBot_, CONSTANT_Labelings_, CONSTANT_ClosedExc_

@!!BEGIN
@!!type:obligation
@!!id:158
@!!loc:317:30:317:34
@!!status:trivial
@!!prover:tlapm
@!!already:false
@!!END

** Unexpanded symbols: CONSTANT_Dichotomy_, CONSTANT_ReachExc_, CONSTANT_AllBot_, CONSTANT_Labelings_

@!!BEGIN
@!!type:obligation
@!!id:160
@!!loc:338:16:338:20
@!!status:trivial
@!!prover:tlapm
@!!already:false
@!!END

@!!BEGIN
@!!type:obligation
@!!id:161
@!!loc:338:22:338:26
@!!status:trivial
@!!prover:tlapm
@!!already:false
@!!END

** Unexpanded symbols: CONSTANT_Dichotomy_, CONSTANT_ReachExc_, CONSTANT_AllBot_, CONSTANT_Labelings_

** Unexpanded symbols: CONSTANT_Dichotomy_, CONSTANT_ReachExc_, CONSTANT_AllBot_, CONSTANT_Labelings_

** Unexpanded symbols: CONSTANT_Dichotomy_, CONSTANT_ReachExc_, CONSTANT_AllBot_, CONSTANT_HandlesMinus_, CONSTANT_Labelings_

@!!BEGIN
@!!type:obligation
@!!id:157
@!!loc:317:27:317:29
@!!status:proved
@!!prover:smt
@!!meth:time-limit: 5; time-used: 0.1 (3%)
@!!already:false
@!!END

@!!BEGIN
@!!type:obligation
@!!id:154
@!!loc:316:34:316:36
@!!status:proved
@!!prover:smt
@!!meth:time-limit: 5; time-used: 0.2 (4%)
@!!already:false
@!!END

@!!BEGIN
@!!type:obligation
@!!id:153
@!!loc:315:61:315:63
@!!status:proved
@!!prover:smt
@!!meth:time-limit: 5; time-used: 0.2 (5%)
@!!already:false
@!!END

@!!BEGIN
@!!type:obligation
@!!id:152
@!!loc:314:9:314:11
@!!status:proved
@!!prover:smt
@!!meth:time-limit: 5; time-used: 0.2 (5%)
@!!already:false
@!!END

@!!BEGIN
@!!type:obligation
@!!id:150
@!!loc:318:15:318:17
@!!status:proved
@!!prover:smt
@!!meth:time-limit: 5; time-used: 0.3 (6%)
@!!already:false
@!!END

@!!BEGIN
@!!type:obligation
@!!id:148
@!!loc:319:13:319:15
@!!status:proved
@!!prover:smt
@!!meth:time-limit: 5; time-used: 0.3 (7%)
@!!already:false
@!!END

@!!BEGIN
@!!type:obligation
@!!id:145
@!!loc:303:36:303:38
@!!status:proved
@!!prover:smt
@!!meth:time-limit: 5; time-used: 0.4 (7%)
@!!already:false
@!!END

@!!BEGIN
@!!type:obligation
@!!id:144
@!!loc:302:23:302:25
@!!status:proved
@!!prover:smt
@!!meth:time-limit: 5; time-used: 0.4 (8%)
@!!already:false
@!!END

@!!BEGIN
@!!type:obligation
@!!id:142
@!!loc:304:13:304:15
@!!status:proved
@!!prover:smt
@!!meth:time-limit: 5; time-used: 0.4 (8%)
@!!already:false
@!!END

@!!BEGIN
@!!type:obligation
@!!id:138
@!!loc:293:7:293:9
@!!status:proved
@!!prover:smt
@!!meth:time-limit: 5; time-used: 0.5 (9%)
@!!already:false
@!!END

@!!BEGIN
@!!type:obligation
@!!id:137
@!!loc:291:23:291:25
@!!status:proved
@!!prover:smt
@!!meth:time-limit: 5; time-used: 0.5 (10%)
@!!already:false
@!!END

@!!BEGIN
@!!type:obligation
@!!id:134
@!!loc:294:13:294:15
@!!status:proved
@!!prover:smt
@!!meth:time-limit: 5; time-used: 0.5 (10%)
@!!already:false
@!!END

@!!BEGIN
@!!type:obligation
@!!id:165
@!!loc:335:20:335:32
@!!status:trivial
@!!prover:tlapm
@!!already:false
@!!END

** Unexpanded symbols: CONSTANT_Dichotomy_, CONSTANT_ReachExc_, CONSTANT_AllBot_, CONSTANT_HandlesMinus_, CONSTANT_Labelings_

@!!BEGIN
@!!type:obligation
@!!id:167
@!!loc:336:35:336:39
@!!status:trivial
@!!prover:tlapm
@!!already:false
@!!END

@!!BEGIN
@!!type:obligation
@!!id:168
@!!loc:336:41:336:45
@!!status:trivial
@!!prover:tlapm
@!!already:false
@!!END

@!!BEGIN
@!!type:obligation
@!!id:169
@!!loc:336:47:336:67
@!!status:trivial
@!!prover:tlapm
@!!already:false
@!!END

** Unexpanded symbols: CONSTANT_Dichotomy_, CONSTANT_ReachExc_, CONSTANT_AllBot_, CONSTANT_HandlesMinus_, CONSTANT_Labelings_

@!!BEGIN
@!!type:obligation
@!!id:171
@!!loc:337:33:337:37
@!!status:trivial
@!!prover:tlapm
@!!already:false
@!!END

@!!BEGIN
@!!type:obligation
@!!id:172
@!!loc:337:39:337:59
@!!status:trivial
@!!prover:tlapm
@!!already:false
@!!END

** Unexpanded symbols: CONSTANT_Dichotomy_, CONSTANT_AllBot_, CONSTANT_HandlesMinus_, CONSTANT_SepAch_, CONSTANT_Labelings_

@!!BEGIN
@!!type:obligation
@!!id:174
@!!loc:362:16:362:20
@!!status:trivial
@!!prover:tlapm
@!!already:false
@!!END

@!!BEGIN
@!!type:obligation
@!!id:175
@!!loc:362:22:362:26
@!!status:trivial
@!!prover:tlapm
@!!already:false
@!!END

** Unexpanded symbols: CONSTANT_Dichotomy_, CONSTANT_AllBot_, CONSTANT_HandlesMinus_, CONSTANT_Labelings_

@!!BEGIN
@!!type:obligation
@!!id:177
@!!loc:356:18:356:22
@!!status:trivial
@!!prover:tlapm
@!!already:false
@!!END

@!!BEGIN
@!!type:obligation
@!!id:178
@!!loc:356:24:356:28
@!!status:trivial
@!!prover:tlapm
@!!already:false
@!!END

** Unexpanded symbols: CONSTANT_Dichotomy_, CONSTANT_HandlesMinus_, CONSTANT_SepAch_, CONSTANT_Labelings_

@!!BEGIN
@!!type:obligation
@!!id:180
@!!loc:353:12:353:16
@!!status:trivial
@!!prover:tlapm
@!!already:false
@!!END

@!!BEGIN
@!!type:obligation
@!!id:181
@!!loc:353:18:353:31
@!!status:trivial
@!!prover:tlapm
@!!already:false
@!!END

** Unexpanded symbols: CONSTANT_Dichotomy_, CONSTANT_HandlesMinus_, CONSTANT_AllBot_, CONSTANT_Labelings_

@!!BEGIN
@!!type:obligation
@!!id:183
@!!loc:355:12:355:28
@!!status:trivial
@!!prover:tlapm
@!!already:false
@!!END

** Unexpanded symbols: CONSTANT_Dichotomy_, CONSTANT_AllBot_, CONSTANT_SepAch_, CONSTANT_Labelings_

@!!BEGIN
@!!type:obligation
@!!id:185
@!!loc:361:18:361:22
@!!status:trivial
@!!prover:tlapm
@!!already:false
@!!END

@!!BEGIN
@!!type:obligation
@!!id:186
@!!loc:361:24:361:38
@!!status:trivial
@!!prover:tlapm
@!!already:false
@!!END

** Unexpanded symbols: CONSTANT_Dichotomy_, CONSTANT_AllBot_, CONSTANT_HandlesMinus_, CONSTANT_SepAch_, CONSTANT_Labelings_

@!!BEGIN
@!!type:obligation
@!!id:188
@!!loc:360:12:360:16
@!!status:trivial
@!!prover:tlapm
@!!already:false
@!!END

@!!BEGIN
@!!type:obligation
@!!id:189
@!!loc:360:18:360:32
@!!status:trivial
@!!prover:tlapm
@!!already:false
@!!END

@!!BEGIN
@!!type:obligation
@!!id:190
@!!loc:360:34:360:49
@!!status:trivial
@!!prover:tlapm
@!!already:false
@!!END

** Unexpanded symbols: CONSTANT_Dichotomy_, CONSTANT_ClosedUnder_, CONSTANT_AllBot_, CONSTANT_ClosedExc_

@!!BEGIN
@!!type:obligation
@!!id:192
@!!loc:378:16:378:20
@!!status:trivial
@!!prover:tlapm
@!!already:false
@!!END

** Unexpanded symbols: CONSTANT_Dichotomy_, CONSTANT_Edge_, CONSTANT_AllBot_, CONSTANT_EdgeAt_

@!!BEGIN
@!!type:obligation
@!!id:194
@!!loc:377:18:377:22
@!!status:trivial
@!!prover:tlapm
@!!already:false
@!!END

** Unexpanded symbols: CONSTANT_Dichotomy_, CONSTANT_ClosedUnder_, CONSTANT_AllBot_, CONSTANT_EdgeAt_

** Unexpanded symbols: CONSTANT_Dichotomy_, CONSTANT_ClosedUnder_, CONSTANT_AllBot_

@!!BEGIN
@!!type:obligation
@!!id:187
@!!loc:360:9:360:11
@!!status:proved
@!!prover:smt
@!!meth:time-limit: 5; time-used: 0.2 (3%)
@!!already:false
@!!END

@!!BEGIN
@!!type:obligation
@!!id:184
@!!loc:361:15:361:17
@!!status:proved
@!!prover:smt
@!!meth:time-limit: 5; time-used: 0.2 (4%)
@!!already:false
@!!END

@!!BEGIN
@!!type:obligation
@!!id:182
@!!loc:355:9:355:11
@!!status:proved
@!!prover:smt
@!!meth:time-limit: 5; time-used: 0.3 (5%)
@!!already:false
@!!END

@!!BEGIN
@!!type:obligation
@!!id:179
@!!loc:353:9:353:11
@!!status:proved
@!!prover:smt
@!!meth:time-limit: 5; time-used: 0.3 (6%)
@!!already:false
@!!END

@!!BEGIN
@!!type:obligation
@!!id:176
@!!loc:356:15:356:17
@!!status:proved
@!!prover:smt
@!!meth:time-limit: 5; time-used: 0.3 (7%)
@!!already:false
@!!END

@!!BEGIN
@!!type:obligation
@!!id:173
@!!loc:362:13:362:15
@!!status:proved
@!!prover:smt
@!!meth:time-limit: 5; time-used: 0.4 (8%)
@!!already:false
@!!END

@!!BEGIN
@!!type:obligation
@!!id:170
@!!loc:337:30:337:32
@!!status:proved
@!!prover:smt
@!!meth:time-limit: 5; time-used: 0.4 (9%)
@!!already:false
@!!END

@!!BEGIN
@!!type:obligation
@!!id:166
@!!loc:336:32:336:34
@!!status:proved
@!!prover:smt
@!!meth:time-limit: 5; time-used: 0.5 (11%)
@!!already:false
@!!END

@!!BEGIN
@!!type:obligation
@!!id:164
@!!loc:335:17:335:19
@!!status:proved
@!!prover:smt
@!!meth:time-limit: 5; time-used: 0.6 (12%)
@!!already:false
@!!END

@!!BEGIN
@!!type:obligation
@!!id:163
@!!loc:334:7:334:9
@!!status:proved
@!!prover:smt
@!!meth:time-limit: 5; time-used: 0.6 (12%)
@!!already:false
@!!END

@!!BEGIN
@!!type:obligation
@!!id:162
@!!loc:332:7:332:9
@!!status:proved
@!!prover:smt
@!!meth:time-limit: 5; time-used: 0.6 (13%)
@!!already:false
@!!END

@!!BEGIN
@!!type:obligation
@!!id:159
@!!loc:338:13:338:15
@!!status:proved
@!!prover:smt
@!!meth:time-limit: 5; time-used: 0.7 (14%)
@!!already:false
@!!END

** Unexpanded symbols: CONSTANT_Dichotomy_, CONSTANT_ClosedUnder_, CONSTANT_LabelIndep_, CONSTANT_AllBot_, CONSTANT_EdgeAt_

@!!BEGIN
@!!type:obligation
@!!id:198
@!!loc:375:39:375:43
@!!status:trivial
@!!prover:tlapm
@!!already:false
@!!END

@!!BEGIN
@!!type:obligation
@!!id:199
@!!loc:375:45:375:57
@!!status:trivial
@!!prover:tlapm
@!!already:false
@!!END

** Unexpanded symbols: CONSTANT_Dichotomy_, CONSTANT_ClosedUnder_, CONSTANT_AllBot_, CONSTANT_EdgeAt_

@!!BEGIN
@!!type:obligation
@!!id:201
@!!loc:376:25:376:29
@!!status:trivial
@!!prover:tlapm
@!!already:false
@!!END

** Unexpanded symbols: CONSTANT_Dichotomy_, CONSTANT_Pins_, CONSTANT_LabelIndep_, CONSTANT_ReachExc_, CONSTANT_AllBot_, CONSTANT_HandlesMinus_

@!!BEGIN
@!!type:obligation
@!!id:203
@!!loc:401:16:401:20
@!!status:trivial
@!!prover:tlapm
@!!already:false
@!!END

@!!BEGIN
@!!type:obligation
@!!id:204
@!!loc:401:22:401:26
@!!status:trivial
@!!prover:tlapm
@!!already:false
@!!END

** Unexpanded symbols: CONSTANT_Dichotomy_, CONSTANT_ReachExc_, CONSTANT_AllBot_, CONSTANT_Handles_

** Unexpanded symbols: CONSTANT_Dichotomy_, CONSTANT_ReachExc_, CONSTANT_AllBot_

** Unexpanded symbols: CONSTANT_Dichotomy_, CONSTANT_ReachExc_, CONSTANT_AllBot_, CONSTANT_HandlesMinus_

@!!BEGIN
@!!type:obligation
@!!id:208
@!!loc:396:20:396:32
@!!status:trivial
@!!prover:tlapm
@!!already:false
@!!END

** Unexpanded symbols: CONSTANT_Dichotomy_, CONSTANT_LabelIndep_, CONSTANT_ReachExc_, CONSTANT_AllBot_, CONSTANT_HandlesMinus_

@!!BEGIN
@!!type:obligation
@!!id:210
@!!loc:398:10:398:14
@!!status:trivial
@!!prover:tlapm
@!!already:false
@!!END

@!!BEGIN
@!!type:obligation
@!!id:211
@!!loc:398:16:398:20
@!!status:trivial
@!!prover:tlapm
@!!already:false
@!!END

@!!BEGIN
@!!type:obligation
@!!id:212
@!!loc:398:22:398:34
@!!status:trivial
@!!prover:tlapm
@!!already:false
@!!END

** Unexpanded symbols: CONSTANT_Dichotomy_, CONSTANT_ReachExc_, CONSTANT_AllBot_, CONSTANT_HandlesMinus_, CONSTANT_Reach_

@!!BEGIN
@!!type:obligation
@!!id:214
@!!loc:399:24:399:28
@!!status:trivial
@!!prover:tlapm
@!!already:false
@!!END

@!!BEGIN
@!!type:obligation
@!!id:215
@!!loc:399:30:399:54
@!!status:trivial
@!!prover:tlapm
@!!already:false
@!!END

** Unexpanded symbols: CONSTANT_Dichotomy_, CONSTANT_LabelIndep_, CONSTANT_ReachExc_, CONSTANT_AllBot_, CONSTANT_HandlesMinus_, CONSTANT_Reach_

@!!BEGIN
@!!type:obligation
@!!id:217
@!!loc:400:23:400:27
@!!status:trivial
@!!prover:tlapm
@!!already:false
@!!END

@!!BEGIN
@!!type:obligation
@!!id:218
@!!loc:400:29:400:33
@!!status:trivial
@!!prover:tlapm
@!!already:false
@!!END

** Unexpanded symbols: CONSTANT_Dichotomy_, CONSTANT_AllBot_, CONSTANT_ClosedLI_, CONSTANT_ClosedExc_

@!!BEGIN
@!!type:obligation
@!!id:220
@!!loc:417:16:417:20
@!!status:trivial
@!!prover:tlapm
@!!already:false
@!!END

** Unexpanded symbols: CONSTANT_Dichotomy_, CONSTANT_AllBot_, CONSTANT_EdgeLI_, CONSTANT_EdgeAt_

@!!BEGIN
@!!type:obligation
@!!id:222
@!!loc:416:18:416:22
@!!status:trivial
@!!prover:tlapm
@!!already:false
@!!END

** Unexpanded symbols: CONSTANT_Dichotomy_, CONSTANT_AllBot_, CONSTANT_ClosedLI_, CONSTANT_EdgeAt_

@!!BEGIN
@!!type:obligation
@!!id:216
@!!loc:400:20:400:22
@!!status:proved
@!!prover:smt
@!!meth:time-limit: 5; time-used: 0.1 (3%)
@!!already:false
@!!END

@!!BEGIN
@!!type:obligation
@!!id:213
@!!loc:399:21:399:23
@!!status:proved
@!!prover:smt
@!!meth:time-limit: 5; time-used: 0.2 (4%)
@!!already:false
@!!END

@!!BEGIN
@!!type:obligation
@!!id:209
@!!loc:398:7:398:9
@!!status:proved
@!!prover:smt
@!!meth:time-limit: 5; time-used: 0.2 (5%)
@!!already:false
@!!END

@!!BEGIN
@!!type:obligation
@!!id:207
@!!loc:396:17:396:19
@!!status:proved
@!!prover:smt
@!!meth:time-limit: 5; time-used: 0.3 (6%)
@!!already:false
@!!END

@!!BEGIN
@!!type:obligation
@!!id:206
@!!loc:395:7:395:9
@!!status:proved
@!!prover:smt
@!!meth:time-limit: 5; time-used: 0.3 (6%)
@!!already:false
@!!END

@!!BEGIN
@!!type:obligation
@!!id:205
@!!loc:393:7:393:9
@!!status:proved
@!!prover:smt
@!!meth:time-limit: 5; time-used: 0.3 (7%)
@!!already:false
@!!END

@!!BEGIN
@!!type:obligation
@!!id:202
@!!loc:401:13:401:15
@!!status:proved
@!!prover:smt
@!!meth:time-limit: 5; time-used: 0.4 (8%)
@!!already:false
@!!END

@!!BEGIN
@!!type:obligation
@!!id:200
@!!loc:376:22:376:24
@!!status:proved
@!!prover:smt
@!!meth:time-limit: 5; time-used: 0.4 (8%)
@!!already:false
@!!END

@!!BEGIN
@!!type:obligation
@!!id:197
@!!loc:375:36:375:38
@!!status:proved
@!!prover:smt
@!!meth:time-limit: 5; time-used: 0.5 (9%)
@!!already:false
@!!END

@!!BEGIN
@!!type:obligation
@!!id:196
@!!loc:374:61:374:63
@!!status:proved
@!!prover:smt
@!!meth:time-limit: 5; time-used: 0.5 (10%)
@!!already:false
@!!END

@!!BEGIN
@!!type:obligation
@!!id:195
@!!loc:373:9:373:11
@!!status:proved
@!!prover:smt
@!!meth:time-limit: 5; time-used: 0.5 (11%)
@!!already:false
@!!END

@!!BEGIN
@!!type:obligation
@!!id:193
@!!loc:377:15:377:17
@!!status:proved
@!!prover:smt
@!!meth:time-limit: 5; time-used: 0.6 (12%)
@!!already:false
@!!END

@!!BEGIN
@!!type:obligation
@!!id:191
@!!loc:378:13:378:15
@!!status:proved
@!!prover:smt
@!!meth:time-limit: 5; time-used: 0.6 (12%)
@!!already:false
@!!END

** Unexpanded symbols: CONSTANT_Dichotomy_, CONSTANT_AllBot_, CONSTANT_ClosedLI_

** Unexpanded symbols: CONSTANT_Dichotomy_, CONSTANT_LabelIndep_, CONSTANT_AllBot_, CONSTANT_ClosedLI_, CONSTANT_EdgeAt_

@!!BEGIN
@!!type:obligation
@!!id:226
@!!loc:414:56:414:60
@!!status:trivial
@!!prover:tlapm
@!!already:false
@!!END

@!!BEGIN
@!!type:obligation
@!!id:227
@!!loc:414:62:414:74
@!!status:trivial
@!!prover:tlapm
@!!already:false
@!!END

** Unexpanded symbols: CONSTANT_Dichotomy_, CONSTANT_LabelIndep_, CONSTANT_AllBot_, CONSTANT_ClosedLI_, CONSTANT_EdgeAt_

@!!BEGIN
@!!type:obligation
@!!id:229
@!!loc:415:32:415:36
@!!status:trivial
@!!prover:tlapm
@!!already:false
@!!END

** Unexpanded symbols: CONSTANT_Dichotomy_, CONSTANT_LabelIndep_, CONSTANT_AllBot_, CONSTANT_HandlesMinus_, CONSTANT_Sink_, CONSTANT_PinsLI_

@!!BEGIN
@!!type:obligation
@!!id:231
@!!loc:486:16:486:20
@!!status:trivial
@!!prover:tlapm
@!!already:false
@!!END

@!!BEGIN
@!!type:obligation
@!!id:232
@!!loc:486:22:486:39
@!!status:trivial
@!!prover:tlapm
@!!already:false
@!!END

** Unexpanded symbols: CONSTANT_Dichotomy_, CONSTANT_LabelIndep_, CONSTANT_ReachExc_, CONSTANT_AllBot_, CONSTANT_Sink_, CONSTANT_PinsLI_

@!!BEGIN
@!!type:obligation
@!!id:234
@!!loc:439:18:439:22
@!!status:trivial
@!!prover:tlapm
@!!already:false
@!!END

@!!BEGIN
@!!type:obligation
@!!id:235
@!!loc:439:24:439:28
@!!status:trivial
@!!prover:tlapm
@!!already:false
@!!END

** Unexpanded symbols: CONSTANT_Dichotomy_, CONSTANT_ReachExc_, CONSTANT_AllBot_, CONSTANT_Sink_

@!!BEGIN
@!!type:obligation
@!!id:237
@!!loc:433:12:433:16
@!!status:trivial
@!!prover:tlapm
@!!already:false
@!!END

** Unexpanded symbols: CONSTANT_Dichotomy_, CONSTANT_ReachExc_, CONSTANT_AllBot_, CONSTANT_Sink_

@!!BEGIN
@!!type:obligation
@!!id:239
@!!loc:434:22:434:34
@!!status:trivial
@!!prover:tlapm
@!!already:false
@!!END

** Unexpanded symbols: CONSTANT_Dichotomy_, CONSTANT_LabelIndep_, CONSTANT_ReachExc_, CONSTANT_AllBot_, CONSTANT_Sink_

@!!BEGIN
@!!type:obligation
@!!id:241
@!!loc:436:12:436:16
@!!status:trivial
@!!prover:tlapm
@!!already:false
@!!END

@!!BEGIN
@!!type:obligation
@!!id:242
@!!loc:436:18:436:22
@!!status:trivial
@!!prover:tlapm
@!!already:false
@!!END

@!!BEGIN
@!!type:obligation
@!!id:243
@!!loc:436:24:436:36
@!!status:trivial
@!!prover:tlapm
@!!already:false
@!!END

** Unexpanded symbols: CONSTANT_Dichotomy_, CONSTANT_ReachExc_, CONSTANT_AllBot_, CONSTANT_Sink_, CONSTANT_ReachLI_

@!!BEGIN
@!!type:obligation
@!!id:245
@!!loc:437:33:437:37
@!!status:trivial
@!!prover:tlapm
@!!already:false
@!!END

@!!BEGIN
@!!type:obligation
@!!id:246
@!!loc:437:39:437:65
@!!status:trivial
@!!prover:tlapm
@!!already:false
@!!END

** Unexpanded symbols: CONSTANT_Dichotomy_, CONSTANT_LabelIndep_, CONSTANT_ReachExc_, CONSTANT_AllBot_, CONSTANT_Sink_, CONSTANT_ReachLI_

@!!BEGIN
@!!type:obligation
@!!id:248
@!!loc:438:27:438:31
@!!status:trivial
@!!prover:tlapm
@!!already:false
@!!END

@!!BEGIN
@!!type:obligation
@!!id:249
@!!loc:438:33:438:37
@!!status:trivial
@!!prover:tlapm
@!!already:false
@!!END

** Unexpanded symbols: CONSTANT_Dichotomy_, CONSTANT_ReachExc_, CONSTANT_AllBot_, CONSTANT_Sink_, CONSTANT_ReachLI_

@!!BEGIN
@!!type:obligation
@!!id:251
@!!loc:474:19:474:23
@!!status:trivial
@!!prover:tlapm
@!!already:false
@!!END

@!!BEGIN
@!!type:obligation
@!!id:252
@!!loc:474:25:474:29
@!!status:trivial
@!!prover:tlapm
@!!already:false
@!!END

** Unexpanded symbols: CONSTANT_Dichotomy_, CONSTANT_LabelIndep_, CONSTANT_Sink_, CONSTANT_ReachLI_

@!!BEGIN
@!!type:obligation
@!!id:254
@!!loc:443:12:443:16
@!!status:trivial
@!!prover:tlapm
@!!already:false
@!!END

** Unexpanded symbols: CONSTANT_Dichotomy_, CONSTANT_Sink_, CONSTANT_ReachLI_

@!!BEGIN
@!!type:obligation
@!!id:247
@!!loc:438:24:438:26
@!!status:proved
@!!prover:smt
@!!meth:time-limit: 5; time-used: 0.2 (3%)
@!!already:false
@!!END

@!!BEGIN
@!!type:obligation
@!!id:244
@!!loc:437:30:437:32
@!!status:proved
@!!prover:smt
@!!meth:time-limit: 5; time-used: 0.2 (4%)
@!!already:false
@!!END

@!!BEGIN
@!!type:obligation
@!!id:240
@!!loc:436:9:436:11
@!!status:proved
@!!prover:smt
@!!meth:time-limit: 5; time-used: 0.3 (5%)
@!!already:false
@!!END

@!!BEGIN
@!!type:obligation
@!!id:238
@!!loc:434:19:434:21
@!!status:proved
@!!prover:smt
@!!meth:time-limit: 5; time-used: 0.3 (7%)
@!!already:false
@!!END

@!!BEGIN
@!!type:obligation
@!!id:233
@!!loc:439:15:439:17
@!!status:proved
@!!prover:smt
@!!meth:time-limit: 5; time-used: 0.4 (8%)
@!!already:false
@!!END

@!!BEGIN
@!!type:obligation
@!!id:230
@!!loc:486:13:486:15
@!!status:proved
@!!prover:smt
@!!meth:time-limit: 5; time-used: 0.5 (9%)
@!!already:false
@!!END

@!!BEGIN
@!!type:obligation
@!!id:228
@!!loc:415:29:415:31
@!!status:proved
@!!prover:smt
@!!meth:time-limit: 5; time-used: 0.5 (10%)
@!!already:false
@!!END

@!!BEGIN
@!!type:obligation
@!!id:225
@!!loc:414:53:414:55
@!!status:proved
@!!prover:smt
@!!meth:time-limit: 5; time-used: 0.6 (11%)
@!!already:false
@!!END

@!!BEGIN
@!!type:obligation
@!!id:224
@!!loc:413:61:413:63
@!!status:proved
@!!prover:smt
@!!meth:time-limit: 5; time-used: 0.6 (12%)
@!!already:false
@!!END

@!!BEGIN
@!!type:obligation
@!!id:223
@!!loc:412:9:412:11
@!!status:proved
@!!prover:smt
@!!meth:time-limit: 5; time-used: 0.6 (13%)
@!!already:false
@!!END

@!!BEGIN
@!!type:obligation
@!!id:221
@!!loc:416:15:416:17
@!!status:proved
@!!prover:smt
@!!meth:time-limit: 5; time-used: 0.7 (14%)
@!!already:false
@!!END

@!!BEGIN
@!!type:obligation
@!!id:219
@!!loc:417:13:417:15
@!!status:proved
@!!prover:smt
@!!meth:time-limit: 5; time-used: 0.7 (15%)
@!!already:false
@!!END

@!!BEGIN
@!!type:obligation
@!!id:256
@!!loc:444:22:444:33
@!!status:trivial
@!!prover:tlapm
@!!already:false
@!!END

** Unexpanded symbols: CONSTANT_Dichotomy_, CONSTANT_ReachLI_

@!!BEGIN
@!!type:obligation
@!!id:258
@!!loc:445:20:445:24
@!!status:trivial
@!!prover:tlapm
@!!already:false
@!!END

@!!BEGIN
@!!type:obligation
@!!id:259
@!!loc:445:26:445:30
@!!status:trivial
@!!prover:tlapm
@!!already:false
@!!END

** Unexpanded symbols: CONSTANT_Dichotomy_, CONSTANT_ReachExc_, CONSTANT_AllBot_, CONSTANT_Sink_, CONSTANT_ReachLI_

@!!BEGIN
@!!type:obligation
@!!id:261
@!!loc:447:29:447:41
@!!status:trivial
@!!prover:tlapm
@!!already:false
@!!END

** Unexpanded symbols: CONSTANT_Dichotomy_, CONSTANT_ReachExc_, CONSTANT_AllBot_, CONSTANT_Sink_, CONSTANT_ReachLI_

@!!BEGIN
@!!type:obligation
@!!id:263
@!!loc:448:28:448:42
@!!status:trivial
@!!prover:tlapm
@!!already:false
@!!END

** Unexpanded symbols: CONSTANT_Dichotomy_, CONSTANT_ReachExc_, CONSTANT_AllBot_, CONSTANT_Sink_, CONSTANT_ReachLI_, CONSTANT_EdgeLI_

@!!BEGIN
@!!type:obligation
@!!id:265
@!!loc:466:20:466:24
@!!status:trivial
@!!prover:tlapm
@!!already:false
@!!END

@!!BEGIN
@!!type:obligation
@!!id:266
@!!loc:466:26:466:30
@!!status:trivial
@!!prover:tlapm
@!!already:false
@!!END

** Unexpanded symbols: CONSTANT_Dichotomy_, CONSTANT_ReachExc_, CONSTANT_AllBot_, CONSTANT_Sink_, CONSTANT_ReachLI_, CONSTANT_EdgeLI_

** Unexpanded symbols: CONSTANT_Dichotomy_, CONSTANT_LabelIndep_, CONSTANT_ReachExc_, CONSTANT_AllBot_, CONSTANT_Sink_, CONSTANT_ReachLI_

** Unexpanded symbols: CONSTANT_Dichotomy_, CONSTANT_LabelIndep_, CONSTANT_ReachExc_, CONSTANT_AllBot_, CONSTANT_ReachLI_, CONSTANT_EdgeLI_

@!!BEGIN
@!!type:obligation
@!!id:270
@!!loc:456:22:456:26
@!!status:trivial
@!!prover:tlapm
@!!already:false
@!!END

** Unexpanded symbols: CONSTANT_Dichotomy_, CONSTANT_ReachExc_, CONSTANT_AllBot_, CONSTANT_Sink_, CONSTANT_ReachLI_, CONSTANT_EdgeLI_

@!!BEGIN
@!!type:obligation
@!!id:272
@!!loc:457:42:457:46
@!!status:trivial
@!!prover:tlapm
@!!already:false
@!!END

** Unexpanded symbols: CONSTANT_Dichotomy_, CONSTANT_ReachExc_, CONSTANT_AllBot_, CONSTANT_Sink_, CONSTANT_ReachLI_, CONSTANT_EdgeLI_

@!!BEGIN
@!!type:obligation
@!!id:274
@!!loc:458:27:458:31
@!!status:trivial
@!!prover:tlapm
@!!already:false
@!!END

** Unexpanded symbols: CONSTANT_Dichotomy_, CONSTANT_ReachExc_, CONSTANT_AllBot_, CONSTANT_Sink_, CONSTANT_ReachLI_, CONSTANT_EdgeLI_

@!!BEGIN
@!!type:obligation
@!!id:276
@!!loc:465:22:465:26
@!!status:trivial
@!!prover:tlapm
@!!already:false
@!!END

** Unexpanded symbols: CONSTANT_Dichotomy_, CONSTANT_ReachExc_, CONSTANT_AllBot_, CONSTANT_Sink_, CONSTANT_ReachLI_, CONSTANT_EdgeLI_, CONSTANT_Labelings_

@!!BEGIN
@!!type:obligation
@!!id:278
@!!loc:461:16:461:20
@!!status:trivial
@!!prover:tlapm
@!!already:false
@!!END

@!!BEGIN
@!!type:obligation
@!!id:279
@!!loc:461:22:461:36
@!!status:trivial
@!!prover:tlapm
@!!already:false
@!!END

@!!BEGIN
@!!type:obligation
@!!id:280
@!!loc:461:38:461:45
@!!status:trivial
@!!prover:tlapm
@!!already:false
@!!END

** Unexpanded symbols: CONSTANT_Dichotomy_, CONSTANT_ReachExc_, CONSTANT_AllBot_, CONSTANT_Sink_, CONSTANT_ReachLI_, CONSTANT_EdgeLI_

@!!BEGIN
@!!type:obligation
@!!id:275
@!!loc:465:19:465:21
@!!status:proved
@!!prover:smt
@!!meth:time-limit: 5; time-used: 0.1 (3%)
@!!already:false
@!!END

@!!BEGIN
@!!type:obligation
@!!id:273
@!!loc:458:24:458:26
@!!status:proved
@!!prover:smt
@!!meth:time-limit: 5; time-used: 0.2 (4%)
@!!already:false
@!!END

@!!BEGIN
@!!type:obligation
@!!id:271
@!!loc:457:39:457:41
@!!status:proved
@!!prover:smt
@!!meth:time-limit: 5; time-used: 0.3 (5%)
@!!already:false
@!!END

@!!BEGIN
@!!type:obligation
@!!id:269
@!!loc:456:19:456:21
@!!status:proved
@!!prover:smt
@!!meth:time-limit: 5; time-used: 0.3 (7%)
@!!already:false
@!!END

@!!BEGIN
@!!type:obligation
@!!id:268
@!!loc:455:11:455:13
@!!status:proved
@!!prover:smt
@!!meth:time-limit: 5; time-used: 0.4 (8%)
@!!already:false
@!!END

@!!BEGIN
@!!type:obligation
@!!id:267
@!!loc:453:11:453:13
@!!status:proved
@!!prover:smt
@!!meth:time-limit: 5; time-used: 0.4 (8%)
@!!already:false
@!!END

@!!BEGIN
@!!type:obligation
@!!id:264
@!!loc:466:17:466:19
@!!status:proved
@!!prover:smt
@!!meth:time-limit: 5; time-used: 0.5 (10%)
@!!already:false
@!!END

@!!BEGIN
@!!type:obligation
@!!id:262
@!!loc:448:25:448:27
@!!status:proved
@!!prover:smt
@!!meth:time-limit: 5; time-used: 0.5 (11%)
@!!already:false
@!!END

@!!BEGIN
@!!type:obligation
@!!id:260
@!!loc:447:26:447:28
@!!status:proved
@!!prover:smt
@!!meth:time-limit: 5; time-used: 0.6 (12%)
@!!already:false
@!!END

@!!BEGIN
@!!type:obligation
@!!id:257
@!!loc:445:17:445:19
@!!status:proved
@!!prover:smt
@!!meth:time-limit: 5; time-used: 0.7 (13%)
@!!already:false
@!!END

@!!BEGIN
@!!type:obligation
@!!id:255
@!!loc:444:19:444:21
@!!status:proved
@!!prover:smt
@!!meth:time-limit: 5; time-used: 0.7 (14%)
@!!already:false
@!!END

@!!BEGIN
@!!type:obligation
@!!id:253
@!!loc:443:9:443:11
@!!status:proved
@!!prover:smt
@!!meth:time-limit: 5; time-used: 0.7 (15%)
@!!already:false
@!!END

@!!BEGIN
@!!type:obligation
@!!id:250
@!!loc:474:16:474:18
@!!status:proved
@!!prover:smt
@!!meth:time-limit: 5; time-used: 0.8 (16%)
@!!already:false
@!!END

@!!BEGIN
@!!type:obligation
@!!id:282
@!!loc:462:39:462:43
@!!status:trivial
@!!prover:tlapm
@!!already:false
@!!END

** Unexpanded symbols: CONSTANT_Dichotomy_, CONSTANT_ReachExc_, CONSTANT_AllBot_, CONSTANT_Sink_, CONSTANT_ReachLI_, CONSTANT_EdgeLI_, CONSTANT_EdgeAt_

@!!BEGIN
@!!type:obligation
@!!id:284
@!!loc:464:16:464:20
@!!status:trivial
@!!prover:tlapm
@!!already:false
@!!END

@!!BEGIN
@!!type:obligation
@!!id:285
@!!loc:464:22:464:26
@!!status:trivial
@!!prover:tlapm
@!!already:false
@!!END

@!!BEGIN
@!!type:obligation
@!!id:286
@!!loc:464:28:464:32
@!!status:trivial
@!!prover:tlapm
@!!already:false
@!!END

@!!BEGIN
@!!type:obligation
@!!id:287
@!!loc:464:34:464:38
@!!status:trivial
@!!prover:tlapm
@!!already:false
@!!END

@!!BEGIN
@!!type:obligation
@!!id:288
@!!loc:464:40:464:55
@!!status:trivial
@!!prover:tlapm
@!!already:false
@!!END

** Unexpanded symbols: CONSTANT_Dichotomy_, CONSTANT_ReachExc_, CONSTANT_AllBot_, CONSTANT_ClosedLI_, CONSTANT_Sink_

@!!BEGIN
@!!type:obligation
@!!id:290
@!!loc:470:20:470:24
@!!status:trivial
@!!prover:tlapm
@!!already:false
@!!END

@!!BEGIN
@!!type:obligation
@!!id:291
@!!loc:470:26:470:30
@!!status:trivial
@!!prover:tlapm
@!!already:false
@!!END

@!!BEGIN
@!!type:obligation
@!!id:292
@!!loc:470:32:470:36
@!!status:trivial
@!!prover:tlapm
@!!already:false
@!!END

** Unexpanded symbols: CONSTANT_Dichotomy_, CONSTANT_ReachExc_, CONSTANT_AllBot_, CONSTANT_Sink_, CONSTANT_ReachLI_

** Unexpanded symbols: CONSTANT_Dichotomy_, CONSTANT_ReachExc_, CONSTANT_AllBot_, CONSTANT_Sink_, CONSTANT_ReachLI_

@!!BEGIN
@!!type:obligation
@!!id:295
@!!loc:471:40:471:44
@!!status:trivial
@!!prover:tlapm
@!!already:false
@!!END

@!!BEGIN
@!!type:obligation
@!!id:296
@!!loc:471:46:471:50
@!!status:trivial
@!!prover:tlapm
@!!already:false
@!!END

@!!BEGIN
@!!type:obligation
@!!id:297
@!!loc:471:52:471:56
@!!status:trivial
@!!prover:tlapm
@!!already:false
@!!END

** Unexpanded symbols: CONSTANT_Dichotomy_, CONSTANT_AllBot_, CONSTANT_Sink_, CONSTANT_ReachLI_, CONSTANT_PinsLI_, CONSTANT_Labelings_

@!!BEGIN
@!!type:obligation
@!!id:299
@!!loc:473:12:473:16
@!!status:trivial
@!!prover:tlapm
@!!already:false
@!!END

@!!BEGIN
@!!type:obligation
@!!id:300
@!!loc:473:18:473:22
@!!status:trivial
@!!prover:tlapm
@!!already:false
@!!END

@!!BEGIN
@!!type:obligation
@!!id:301
@!!loc:473:24:473:38
@!!status:trivial
@!!prover:tlapm
@!!already:false
@!!END

@!!BEGIN
@!!type:obligation
@!!id:302
@!!loc:473:40:473:47
@!!status:trivial
@!!prover:tlapm
@!!already:false
@!!END

** Unexpanded symbols: CONSTANT_Dichotomy_, CONSTANT_LabelIndep_, CONSTANT_AllBot_, CONSTANT_HandlesMinus_, CONSTANT_Sink_, CONSTANT_PinsLI_

@!!BEGIN
@!!type:obligation
@!!id:304
@!!loc:485:18:485:22
@!!status:trivial
@!!prover:tlapm
@!!already:false
@!!END

@!!BEGIN
@!!type:obligation
@!!id:305
@!!loc:485:24:485:28
@!!status:trivial
@!!prover:tlapm
@!!already:false
@!!END

** Unexpanded symbols: CONSTANT_Dichotomy_, CONSTANT_LabelIndep_, CONSTANT_AllBot_, CONSTANT_HandlesMinus_, CONSTANT_Sink_, CONSTANT_PinsLI_

@!!BEGIN
@!!type:obligation
@!!id:307
@!!loc:480:20:480:24
@!!status:trivial
@!!prover:tlapm
@!!already:false
@!!END

@!!BEGIN
@!!type:obligation
@!!id:308
@!!loc:480:26:480:30
@!!status:trivial
@!!prover:tlapm
@!!already:false
@!!END

@!!BEGIN
@!!type:obligation
@!!id:309
@!!loc:480:32:480:36
@!!status:trivial
@!!prover:tlapm
@!!already:false
@!!END

** Unexpanded symbols: CONSTANT_Dichotomy_, CONSTANT_ReachExc_, CONSTANT_AllBot_, CONSTANT_Sink_

@!!BEGIN
@!!type:obligation
@!!id:311
@!!loc:479:31:479:35
@!!status:trivial
@!!prover:tlapm
@!!already:false
@!!END

** Unexpanded symbols: CONSTANT_Dichotomy_, CONSTANT_LabelIndep_, CONSTANT_AllBot_, CONSTANT_HandlesMinus_, CONSTANT_Sink_, CONSTANT_PinsLI_

@!!BEGIN
@!!type:obligation
@!!id:313
@!!loc:484:20:484:24
@!!status:trivial
@!!prover:tlapm
@!!already:false
@!!END

@!!BEGIN
@!!type:obligation
@!!id:314
@!!loc:484:26:484:30
@!!status:trivial
@!!prover:tlapm
@!!already:false
@!!END

** Unexpanded symbols: CONSTANT_Dichotomy_, CONSTANT_LabelIndep_, CONSTANT_Sink_, CONSTANT_PinsLI_

@!!BEGIN
@!!type:obligation
@!!id:316
@!!loc:483:64:483:68
@!!status:trivial
@!!prover:tlapm
@!!already:false
@!!END

** Unexpanded symbols: CONSTANT_Dichotomy_, CONSTANT_LabelIndep_, CONSTANT_AllBot_, CONSTANT_HandlesMinus_, CONSTANT_Sink_, CONSTANT_PinsLI_, CONSTANT_SealedLI_

@!!BEGIN
@!!type:obligation
@!!id:318
@!!loc:505:16:505:20
@!!status:trivial
@!!prover:tlapm
@!!already:false
@!!END

@!!BEGIN
@!!type:obligation
@!!id:319
@!!loc:505:22:505:26
@!!status:trivial
@!!prover:tlapm
@!!already:false
@!!END

@!!BEGIN
@!!type:obligation
@!!id:320
@!!loc:505:28:505:32
@!!status:trivial
@!!prover:tlapm
@!!already:false
@!!END

** Unexpanded symbols: CONSTANT_Dichotomy_, CONSTANT_LabelIndep_, CONSTANT_AllBot_, CONSTANT_HandlesMinus_, CONSTANT_Sink_, CONSTANT_PinsLI_

@!!BEGIN
@!!type:obligation
@!!id:322
@!!loc:499:10:499:24
@!!status:trivial
@!!prover:tlapm
@!!already:false
@!!END

** Unexpanded symbols: CONSTANT_Dichotomy_, CONSTANT_LabelIndep_, CONSTANT_Sink_, CONSTANT_PinsLI_

@!!BEGIN
@!!type:obligation
@!!id:315
@!!loc:483:61:483:63
@!!status:proved
@!!prover:smt
@!!meth:time-limit: 5; time-used: 0.2 (4%)
@!!already:false
@!!END

@!!BEGIN
@!!type:obligation
@!!id:312
@!!loc:484:17:484:19
@!!status:proved
@!!prover:smt
@!!meth:time-limit: 5; time-used: 0.2 (5%)
@!!already:false
@!!END

@!!BEGIN
@!!type:obligation
@!!id:310
@!!loc:479:28:479:30
@!!status:proved
@!!prover:smt
@!!meth:time-limit: 5; time-used: 0.3 (5%)
@!!already:false
@!!END

@!!BEGIN
@!!type:obligation
@!!id:306
@!!loc:480:17:480:19
@!!status:proved
@!!prover:smt
@!!meth:time-limit: 5; time-used: 0.3 (7%)
@!!already:false
@!!END

@!!BEGIN
@!!type:obligation
@!!id:303
@!!loc:485:15:485:17
@!!status:proved
@!!prover:smt
@!!meth:time-limit: 5; time-used: 0.4 (7%)
@!!already:false
@!!END

@!!BEGIN
@!!type:obligation
@!!id:298
@!!loc:473:9:473:11
@!!status:proved
@!!prover:smt
@!!meth:time-limit: 5; time-used: 0.5 (10%)
@!!already:false
@!!END

@!!BEGIN
@!!type:obligation
@!!id:294
@!!loc:471:37:471:39
@!!status:proved
@!!prover:smt
@!!meth:time-limit: 5; time-used: 0.5 (11%)
@!!already:false
@!!END

@!!BEGIN
@!!type:obligation
@!!id:293
@!!loc:469:11:469:18
@!!status:proved
@!!prover:smt
@!!meth:time-limit: 5; time-used: 0.6 (11%)
@!!already:false
@!!END

@!!BEGIN
@!!type:obligation
@!!id:289
@!!loc:470:17:470:19
@!!status:proved
@!!prover:smt
@!!meth:time-limit: 5; time-used: 0.6 (13%)
@!!already:false
@!!END

@!!BEGIN
@!!type:obligation
@!!id:283
@!!loc:464:13:464:15
@!!status:proved
@!!prover:smt
@!!meth:time-limit: 5; time-used: 0.8 (16%)
@!!already:false
@!!END

@!!BEGIN
@!!type:obligation
@!!id:281
@!!loc:462:36:462:38
@!!status:proved
@!!prover:smt
@!!meth:time-limit: 5; time-used: 0.8 (17%)
@!!already:false
@!!END

@!!BEGIN
@!!type:obligation
@!!id:277
@!!loc:461:13:461:15
@!!status:proved
@!!prover:smt
@!!meth:time-limit: 5; time-used: 0.9 (19%)
@!!already:false
@!!END

@!!BEGIN
@!!type:obligation
@!!id:236
@!!loc:433:9:433:11
@!!status:proved
@!!prover:smt
@!!meth:time-limit: 5; time-used: 1.9 (38%)
@!!already:false
@!!END

** Unexpanded symbols: CONSTANT_Dichotomy_, CONSTANT_LabelIndep_, CONSTANT_Sink_, CONSTANT_PinsLI_

@!!BEGIN
@!!type:obligation
@!!id:317
@!!loc:505:13:505:15
@!!status:proved
@!!prover:smt
@!!meth:time-limit: 5; time-used: 0.2 (3%)
@!!already:false
@!!END

@!!BEGIN
@!!type:obligation
@!!id:321
@!!loc:499:7:499:9
@!!status:proved
@!!prover:smt
@!!meth:time-limit: 5; time-used: 0.2 (3%)
@!!already:false
@!!END

@!!BEGIN
@!!type:obligation
@!!id:323
@!!loc:501:7:501:9
@!!status:proved
@!!prover:smt
@!!meth:time-limit: 5; time-used: 0.1 (3%)
@!!already:false
@!!END

@!!BEGIN
@!!type:obligation
@!!id:324
@!!loc:504:7:504:14
@!!status:proved
@!!prover:smt
@!!meth:time-limit: 5; time-used: 0.1 (3%)
@!!already:false
@!!END

(* created new ".tlacache/Synthesis.tlaps/Synthesis.thy" *)
(* fingerprints written in ".tlacache/Synthesis.tlaps/fingerprints" *)
File "./Synthesis.tla", line 1, character 1 to line 507, character 76:
[INFO]: All 324 obligations proved.
